Component: Arm Compiler for Embedded 6.21 Tool: armlink [5ec1fa00]

==============================================================================

Section Cross References

    startup_stm32f407xx.o(RESET) refers to startup_stm32f407xx.o(STACK) for __initial_sp
    startup_stm32f407xx.o(RESET) refers to startup_stm32f407xx.o(.text) for Reset_Handler
    startup_stm32f407xx.o(RESET) refers to stm32f4xx_it.o(.text.NMI_Handler) for NMI_Handler
    startup_stm32f407xx.o(RESET) refers to stm32f4xx_it.o(.text.HardFault_Handler) for HardFault_Handler
    startup_stm32f407xx.o(RESET) refers to stm32f4xx_it.o(.text.MemManage_Handler) for MemManage_Handler
    startup_stm32f407xx.o(RESET) refers to stm32f4xx_it.o(.text.BusFault_Handler) for BusFault_Handler
    startup_stm32f407xx.o(RESET) refers to stm32f4xx_it.o(.text.UsageFault_Handler) for UsageFault_Handler
    startup_stm32f407xx.o(RESET) refers to stm32f4xx_it.o(.text.SVC_Handler) for SVC_Handler
    startup_stm32f407xx.o(RESET) refers to stm32f4xx_it.o(.text.DebugMon_Handler) for DebugMon_Handler
    startup_stm32f407xx.o(RESET) refers to stm32f4xx_it.o(.text.PendSV_Handler) for PendSV_Handler
    startup_stm32f407xx.o(RESET) refers to stm32f4xx_it.o(.text.SysTick_Handler) for SysTick_Handler
    startup_stm32f407xx.o(.text) refers to system_stm32f4xx.o(.text.SystemInit) for SystemInit
    startup_stm32f407xx.o(.text) refers to entry.o(.ARM.Collect$$$$00000000) for __main
    main.o(.text.main) refers to stm32f4xx_hal.o(.text.HAL_Init) for HAL_Init
    main.o(.text.main) refers to main.o(.text.SystemClock_Config) for SystemClock_Config
    main.o(.text.main) refers to stm32f4xx_hal_gpio.o(.text.HAL_GPIO_WritePin) for HAL_GPIO_WritePin
    main.o(.text.main) refers to stm32f4xx_hal_gpio.o(.text.HAL_GPIO_Init) for HAL_GPIO_Init
    main.o(.text.main) refers to main.o(.bss.huart1) for huart1
    main.o(.text.main) refers to stm32f4xx_hal_uart.o(.text.HAL_UART_Init) for HAL_UART_Init
    main.o(.text.main) refers to main.o(.bss.hspi3) for hspi3
    main.o(.text.main) refers to stm32f4xx_hal_spi.o(.text.HAL_SPI_Init) for HAL_SPI_Init
    main.o(.text.main) refers to fatfs.o(.text.MX_FATFS_Init) for MX_FATFS_Init
    main.o(.text.main) refers to myapp.o(.text.MY_APP) for MY_APP
    main.o(.ARM.exidx.text.main) refers to main.o(.text.main) for [Anonymous Symbol]
    main.o(.text.SystemClock_Config) refers to memseta.o(.text) for __aeabi_memclr4
    main.o(.text.SystemClock_Config) refers to stm32f4xx_hal_rcc.o(.text.HAL_RCC_OscConfig) for HAL_RCC_OscConfig
    main.o(.text.SystemClock_Config) refers to stm32f4xx_hal_rcc.o(.text.HAL_RCC_ClockConfig) for HAL_RCC_ClockConfig
    main.o(.ARM.exidx.text.SystemClock_Config) refers to main.o(.text.SystemClock_Config) for [Anonymous Symbol]
    main.o(.ARM.exidx.text.Error_Handler) refers to main.o(.text.Error_Handler) for [Anonymous Symbol]
    stm32f4xx_it.o(.ARM.exidx.text.NMI_Handler) refers to stm32f4xx_it.o(.text.NMI_Handler) for [Anonymous Symbol]
    stm32f4xx_it.o(.ARM.exidx.text.HardFault_Handler) refers to stm32f4xx_it.o(.text.HardFault_Handler) for [Anonymous Symbol]
    stm32f4xx_it.o(.ARM.exidx.text.MemManage_Handler) refers to stm32f4xx_it.o(.text.MemManage_Handler) for [Anonymous Symbol]
    stm32f4xx_it.o(.ARM.exidx.text.BusFault_Handler) refers to stm32f4xx_it.o(.text.BusFault_Handler) for [Anonymous Symbol]
    stm32f4xx_it.o(.ARM.exidx.text.UsageFault_Handler) refers to stm32f4xx_it.o(.text.UsageFault_Handler) for [Anonymous Symbol]
    stm32f4xx_it.o(.ARM.exidx.text.SVC_Handler) refers to stm32f4xx_it.o(.text.SVC_Handler) for [Anonymous Symbol]
    stm32f4xx_it.o(.ARM.exidx.text.DebugMon_Handler) refers to stm32f4xx_it.o(.text.DebugMon_Handler) for [Anonymous Symbol]
    stm32f4xx_it.o(.ARM.exidx.text.PendSV_Handler) refers to stm32f4xx_it.o(.text.PendSV_Handler) for [Anonymous Symbol]
    stm32f4xx_it.o(.text.SysTick_Handler) refers to stm32f4xx_hal.o(.text.HAL_IncTick) for HAL_IncTick
    stm32f4xx_it.o(.ARM.exidx.text.SysTick_Handler) refers to stm32f4xx_it.o(.text.SysTick_Handler) for [Anonymous Symbol]
    stm32f4xx_hal_msp.o(.ARM.exidx.text.HAL_MspInit) refers to stm32f4xx_hal_msp.o(.text.HAL_MspInit) for [Anonymous Symbol]
    stm32f4xx_hal_msp.o(.text.HAL_SPI_MspInit) refers to stm32f4xx_hal_gpio.o(.text.HAL_GPIO_Init) for HAL_GPIO_Init
    stm32f4xx_hal_msp.o(.ARM.exidx.text.HAL_SPI_MspInit) refers to stm32f4xx_hal_msp.o(.text.HAL_SPI_MspInit) for [Anonymous Symbol]
    stm32f4xx_hal_msp.o(.text.HAL_SPI_MspDeInit) refers to stm32f4xx_hal_gpio.o(.text.HAL_GPIO_DeInit) for HAL_GPIO_DeInit
    stm32f4xx_hal_msp.o(.ARM.exidx.text.HAL_SPI_MspDeInit) refers to stm32f4xx_hal_msp.o(.text.HAL_SPI_MspDeInit) for [Anonymous Symbol]
    stm32f4xx_hal_msp.o(.text.HAL_UART_MspInit) refers to stm32f4xx_hal_gpio.o(.text.HAL_GPIO_Init) for HAL_GPIO_Init
    stm32f4xx_hal_msp.o(.ARM.exidx.text.HAL_UART_MspInit) refers to stm32f4xx_hal_msp.o(.text.HAL_UART_MspInit) for [Anonymous Symbol]
[...]
    Removing stm32f4xx_hal.o(.ARM.exidx.text.HAL_DBGMCU_DisableDBGStandbyMode), (8 bytes).
    Removing stm32f4xx_hal.o(.text.HAL_EnableCompensationCell), (14 bytes).
    Removing stm32f4xx_hal.o(.ARM.exidx.text.HAL_EnableCompensationCell), (8 bytes).
    Removing stm32f4xx_hal.o(.text.HAL_DisableCompensationCell), (14 bytes).
    Removing stm32f4xx_hal.o(.ARM.exidx.text.HAL_DisableCompensationCell), (8 bytes).
    Removing stm32f4xx_hal.o(.text.HAL_GetUIDw0), (12 bytes).
    Removing stm32f4xx_hal.o(.ARM.exidx.text.HAL_GetUIDw0), (8 bytes).
    Removing stm32f4xx_hal.o(.text.HAL_GetUIDw1), (12 bytes).
    Removing stm32f4xx_hal.o(.ARM.exidx.text.HAL_GetUIDw1), (8 bytes).
    Removing stm32f4xx_hal.o(.text.HAL_GetUIDw2), (12 bytes).
    Removing stm32f4xx_hal.o(.ARM.exidx.text.HAL_GetUIDw2), (8 bytes).
    Removing stm32f4xx_hal_exti.o(.text), (0 bytes).
    Removing stm32f4xx_hal_exti.o(.text.HAL_EXTI_SetConfigLine), (180 bytes).
    Removing stm32f4xx_hal_exti.o(.ARM.exidx.text.HAL_EXTI_SetConfigLine), (8 bytes).
    Removing stm32f4xx_hal_exti.o(.text.HAL_EXTI_GetConfigLine), (154 bytes).
    Removing stm32f4xx_hal_exti.o(.ARM.exidx.text.HAL_EXTI_GetConfigLine), (8 bytes).
    Removing stm32f4xx_hal_exti.o(.text.HAL_EXTI_ClearConfigLine), (140 bytes).
    Removing stm32f4xx_hal_exti.o(.ARM.exidx.text.HAL_EXTI_ClearConfigLine), (8 bytes).
    Removing stm32f4xx_hal_exti.o(.text.HAL_EXTI_RegisterCallback), (12 bytes).
    Removing stm32f4xx_hal_exti.o(.ARM.exidx.text.HAL_EXTI_RegisterCallback), (8 bytes).
    Removing stm32f4xx_hal_exti.o(.text.HAL_EXTI_GetHandle), (12 bytes).
    Removing stm32f4xx_hal_exti.o(.ARM.exidx.text.HAL_EXTI_GetHandle), (8 bytes).
    Removing stm32f4xx_hal_exti.o(.text.HAL_EXTI_IRQHandler), (40 bytes).
    Removing stm32f4xx_hal_exti.o(.ARM.exidx.text.HAL_EXTI_IRQHandler), (8 bytes).
    Removing stm32f4xx_hal_exti.o(.text.HAL_EXTI_GetPending), (28 bytes).
    Removing stm32f4xx_hal_exti.o(.ARM.exidx.text.HAL_EXTI_GetPending), (8 bytes).
    Removing stm32f4xx_hal_exti.o(.text.HAL_EXTI_ClearPending), (24 bytes).
    Removing stm32f4xx_hal_exti.o(.ARM.exidx.text.HAL_EXTI_ClearPending), (8 bytes).
    Removing stm32f4xx_hal_exti.o(.text.HAL_EXTI_GenerateSWI), (24 bytes).
    Removing stm32f4xx_hal_exti.o(.ARM.exidx.text.HAL_EXTI_GenerateSWI), (8 bytes).
    Removing stm32f4xx_hal_spi.o(.text), (0 bytes).
    Removing stm32f4xx_hal_spi.o(.ARM.exidx.text.HAL_SPI_Init), (8 bytes).
    Removing stm32f4xx_hal_spi.o(.text.HAL_SPI_MspInit), (2 bytes).
    Removing stm32f4xx_hal_spi.o(.ARM.exidx.text.HAL_SPI_MspInit), (8 bytes).
    Removing stm32f4xx_hal_spi.o(.text.HAL_SPI_DeInit), (48 bytes).
    Removing stm32f4xx_hal_spi.o(.ARM.exidx.text.HAL_SPI_DeInit), (8 bytes).
    Removing stm32f4xx_hal_spi.o(.text.HAL_SPI_MspDeInit), (2 bytes).
    Removing stm32f4xx_hal_spi.o(.ARM.exidx.text.HAL_SPI_MspDeInit), (8 bytes).
    Removing stm32f4xx_hal_spi.o(.ARM.exidx.text.HAL_SPI_Transmit), (8 bytes).
    Removing stm32f4xx_hal_spi.o(.text.HAL_SPI_Receive), (334 bytes).
    Removing stm32f4xx_hal_spi.o(.ARM.exidx.text.HAL_SPI_Receive), (8 bytes).
    Removing stm32f4xx_hal_spi.o(.ARM.exidx.text.HAL_SPI_TransmitReceive), (8 bytes).
    Removing stm32f4xx_hal_spi.o(.text.SPI_EndRxTransaction), (88 bytes).
    Removing stm32f4xx_hal_spi.o(.ARM.exidx.text.SPI_EndRxTransaction), (8 bytes).
    Removing stm32f4xx_hal_spi.o(.text.HAL_SPI_Transmit_IT), (156 bytes).
    Removing stm32f4xx_hal_spi.o(.ARM.exidx.text.HAL_SPI_Transmit_IT), (8 bytes).
    Removing stm32f4xx_hal_spi.o(.text.SPI_TxISR_16BIT), (30 bytes).
    Removing stm32f4xx_hal_spi.o(.ARM.exidx.text.SPI_TxISR_16BIT), (8 bytes).
    Removing stm32f4xx_hal_spi.o(.text.SPI_TxISR_8BIT), (32 bytes).
    Removing stm32f4xx_hal_spi.o(.ARM.exidx.text.SPI_TxISR_8BIT), (8 bytes).
    Removing stm32f4xx_hal_spi.o(.text.HAL_SPI_Receive_IT), (322 bytes).
    Removing stm32f4xx_hal_spi.o(.ARM.exidx.text.HAL_SPI_Receive_IT), (8 bytes).
    Removing stm32f4xx_hal_spi.o(.text.HAL_SPI_TransmitReceive_IT), (212 bytes).
    Removing stm32f4xx_hal_spi.o(.ARM.exidx.text.HAL_SPI_TransmitReceive_IT), (8 bytes).
    Removing stm32f4xx_hal_spi.o(.text.SPI_RxISR_16BIT), (30 bytes).
    Removing stm32f4xx_hal_spi.o(.ARM.exidx.text.SPI_RxISR_16BIT), (8 bytes).
    Removing stm32f4xx_hal_spi.o(.text.SPI_RxISR_8BIT), (32 bytes).
    Removing stm32f4xx_hal_spi.o(.ARM.exidx.text.SPI_RxISR_8BIT), (8 bytes).
    Removing stm32f4xx_hal_spi.o(.text.SPI_2linesRxISR_16BIT), (46 bytes).
    Removing stm32f4xx_hal_spi.o(.ARM.exidx.text.SPI_2linesRxISR_16BIT), (8 bytes).
    Removing stm32f4xx_hal_spi.o(.text.SPI_2linesTxISR_16BIT), (46 bytes).
    Removing stm32f4xx_hal_spi.o(.ARM.exidx.text.SPI_2linesTxISR_16BIT), (8 bytes).
    Removing stm32f4xx_hal_spi.o(.text.SPI_2linesRxISR_8BIT), (50 bytes).
    Removing stm32f4xx_hal_spi.o(.ARM.exidx.text.SPI_2linesRxISR_8BIT), (8 bytes).
    Removing stm32f4xx_hal_spi.o(.text.SPI_2linesTxISR_8BIT), (50 bytes).
    Removing stm32f4xx_hal_spi.o(.ARM.exidx.text.SPI_2linesTxISR_8BIT), (8 bytes).
    Removing stm32f4xx_hal_spi.o(.text.HAL_SPI_Transmit_DMA), (206 bytes).
    Removing stm32f4xx_hal_spi.o(.ARM.exidx.text.HAL_SPI_Transmit_DMA), (8 bytes).
    Removing stm32f4xx_hal_spi.o(.text.SPI_DMAHalfTransmitCplt), (6 bytes).
    Removing stm32f4xx_hal_spi.o(.ARM.exidx.text.SPI_DMAHalfTransmitCplt), (8 bytes).
    Removing stm32f4xx_hal_spi.o(.text.SPI_DMATransmitCplt), (188 bytes).
    Removing stm32f4xx_hal_spi.o(.ARM.exidx.text.SPI_DMATransmitCplt), (8 bytes).
    Removing stm32f4xx_hal_spi.o(.text.SPI_DMAError), (30 bytes).
    Removing stm32f4xx_hal_spi.o(.ARM.exidx.text.SPI_DMAError), (8 bytes).
    Removing stm32f4xx_hal_spi.o(.text.HAL_SPI_Receive_DMA), (246 bytes).
    Removing stm32f4xx_hal_spi.o(.ARM.exidx.text.HAL_SPI_Receive_DMA), (8 bytes).
    Removing stm32f4xx_hal_spi.o(.text.HAL_SPI_TransmitReceive_DMA), (274 bytes).
    Removing stm32f4xx_hal_spi.o(.ARM.exidx.text.HAL_SPI_TransmitReceive_DMA), (8 bytes).
    Removing stm32f4xx_hal_spi.o(.text.SPI_DMAHalfReceiveCplt), (6 bytes).
    Removing stm32f4xx_hal_spi.o(.ARM.exidx.text.SPI_DMAHalfReceiveCplt), (8 bytes).
    Removing stm32f4xx_hal_spi.o(.text.SPI_DMAReceiveCplt), (108 bytes).
    Removing stm32f4xx_hal_spi.o(.ARM.exidx.text.SPI_DMAReceiveCplt), (8 bytes).
    Removing stm32f4xx_hal_spi.o(.text.SPI_DMAHalfTransmitReceiveCplt), (6 bytes).
    Removing stm32f4xx_hal_spi.o(.ARM.exidx.text.SPI_DMAHalfTransmitReceiveCplt), (8 bytes).
    Removing stm32f4xx_hal_spi.o(.text.SPI_DMATransmitReceiveCplt), (172 bytes).
    Removing stm32f4xx_hal_spi.o(.ARM.exidx.text.SPI_DMATransmitReceiveCplt), (8 bytes).
    Removing stm32f4xx_hal_spi.o(.text.HAL_SPI_Abort), (310 bytes).
    Removing stm32f4xx_hal_spi.o(.ARM.exidx.text.HAL_SPI_Abort), (8 bytes).
    Removing stm32f4xx_hal_spi.o(.text.SPI_AbortTx_ISR), (26 bytes).
    Removing stm32f4xx_hal_spi.o(.ARM.exidx.text.SPI_AbortTx_ISR), (8 bytes).
    Removing stm32f4xx_hal_spi.o(.text.SPI_AbortRx_ISR), (98 bytes).
    Removing stm32f4xx_hal_spi.o(.ARM.exidx.text.SPI_AbortRx_ISR), (8 bytes).
    Removing stm32f4xx_hal_spi.o(.text.HAL_SPI_Abort_IT), (338 bytes).
    Removing stm32f4xx_hal_spi.o(.ARM.exidx.text.HAL_SPI_Abort_IT), (8 bytes).
    Removing stm32f4xx_hal_spi.o(.text.SPI_DMATxAbortCallback), (142 bytes).
    Removing stm32f4xx_hal_spi.o(.ARM.exidx.text.SPI_DMATxAbortCallback), (8 bytes).
    Removing stm32f4xx_hal_spi.o(.text.SPI_DMARxAbortCallback), (196 bytes).
    Removing stm32f4xx_hal_spi.o(.ARM.exidx.text.SPI_DMARxAbortCallback), (8 bytes).
    Removing stm32f4xx_hal_spi.o(.text.HAL_SPI_AbortCpltCallback), (2 bytes).
    Removing stm32f4xx_hal_spi.o(.ARM.exidx.text.HAL_SPI_AbortCpltCallback), (8 bytes).
    Removing stm32f4xx_hal_spi.o(.text.HAL_SPI_DMAPause), (32 bytes).
    Removing stm32f4xx_hal_spi.o(.ARM.exidx.text.HAL_SPI_DMAPause), (8 bytes).
    Removing stm32f4xx_hal_spi.o(.text.HAL_SPI_DMAResume), (32 bytes).
    Removing stm32f4xx_hal_spi.o(.ARM.exidx.text.HAL_SPI_DMAResume), (8 bytes).
    Removing stm32f4xx_hal_spi.o(.text.HAL_SPI_DMAStop), (68 bytes).
    Removing stm32f4xx_hal_spi.o(.ARM.exidx.text.HAL_SPI_DMAStop), (8 bytes).
    Removing stm32f4xx_hal_spi.o(.text.HAL_SPI_IRQHandler), (274 bytes).
    Removing stm32f4xx_hal_spi.o(.ARM.exidx.text.HAL_SPI_IRQHandler), (8 bytes).
    Removing stm32f4xx_hal_spi.o(.text.SPI_DMAAbortOnError), (12 bytes).
    Removing stm32f4xx_hal_spi.o(.ARM.exidx.text.SPI_DMAAbortOnError), (8 bytes).
    Removing stm32f4xx_hal_spi.o(.text.HAL_SPI_ErrorCallback), (2 bytes).
    Removing stm32f4xx_hal_spi.o(.ARM.exidx.text.HAL_SPI_ErrorCallback), (8 bytes).
    Removing stm32f4xx_hal_spi.o(.text.HAL_SPI_TxCpltCallback), (2 bytes).
    Removing stm32f4xx_hal_spi.o(.ARM.exidx.text.HAL_SPI_TxCpltCallback), (8 bytes).
    Removing stm32f4xx_hal_spi.o(.text.HAL_SPI_RxCpltCallback), (2 bytes).
    Removing stm32f4xx_hal_spi.o(.ARM.exidx.text.HAL_SPI_RxCpltCallback), (8 bytes).
    Removing stm32f4xx_hal_spi.o(.text.HAL_SPI_TxRxCpltCallback), (2 bytes).
    Removing stm32f4xx_hal_spi.o(.ARM.exidx.text.HAL_SPI_TxRxCpltCallback), (8 bytes).
    Removing stm32f4xx_hal_spi.o(.text.HAL_SPI_TxHalfCpltCallback), (2 bytes).
    Removing stm32f4xx_hal_spi.o(.ARM.exidx.text.HAL_SPI_TxHalfCpltCallback), (8 bytes).
    Removing stm32f4xx_hal_spi.o(.text.HAL_SPI_RxHalfCpltCallback), (2 bytes).
    Removing stm32f4xx_hal_spi.o(.ARM.exidx.text.HAL_SPI_RxHalfCpltCallback), (8 bytes).
    Removing stm32f4xx_hal_spi.o(.text.HAL_SPI_TxRxHalfCpltCallback), (2 bytes).
    Removing stm32f4xx_hal_spi.o(.ARM.exidx.text.HAL_SPI_TxRxHalfCpltCallback), (8 bytes).
    Removing stm32f4xx_hal_spi.o(.ARM.exidx.text.HAL_SPI_GetState), (8 bytes).
    Removing stm32f4xx_hal_spi.o(.text.HAL_SPI_GetError), (4 bytes).
    Removing stm32f4xx_hal_spi.o(.ARM.exidx.text.HAL_SPI_GetError), (8 bytes).
    Removing stm32f4xx_hal_spi.o(.text.SPI_CloseRxTx_ISR), (234 bytes).
    Removing stm32f4xx_hal_spi.o(.ARM.exidx.text.SPI_CloseRxTx_ISR), (8 bytes).
    Removing stm32f4xx_hal_spi.o(.text.SPI_CloseRx_ISR), (94 bytes).
    Removing stm32f4xx_hal_spi.o(.ARM.exidx.text.SPI_CloseRx_ISR), (8 bytes).
    Removing stm32f4xx_hal_spi.o(.text.SPI_CloseTx_ISR), (214 bytes).
    Removing stm32f4xx_hal_spi.o(.ARM.exidx.text.SPI_CloseTx_ISR), (8 bytes).
    Removing stm32f4xx_hal_spi.o(.ARM.exidx.text.SPI_WaitFlagStateUntilTimeout), (8 bytes).
    Removing stm32f4xx_hal_uart.o(.text), (0 bytes).
    Removing stm32f4xx_hal_uart.o(.ARM.exidx.text.HAL_UART_Init), (8 bytes).
    Removing stm32f4xx_hal_uart.o(.text.HAL_UART_MspInit), (2 bytes).
    Removing stm32f4xx_hal_uart.o(.ARM.exidx.text.HAL_UART_MspInit), (8 bytes).
    Removing stm32f4xx_hal_uart.o(.ARM.exidx.text.UART_SetConfig), (8 bytes).
    Removing stm32f4xx_hal_uart.o(.text.HAL_HalfDuplex_Init), (102 bytes).
    Removing stm32f4xx_hal_uart.o(.ARM.exidx.text.HAL_HalfDuplex_Init), (8 bytes).
    Removing stm32f4xx_hal_uart.o(.text.HAL_LIN_Init), (118 bytes).
    Removing stm32f4xx_hal_uart.o(.ARM.exidx.text.HAL_LIN_Init), (8 bytes).
    Removing stm32f4xx_hal_uart.o(.text.HAL_MultiProcessor_Init), (126 bytes).
    Removing stm32f4xx_hal_uart.o(.ARM.exidx.text.HAL_MultiProcessor_Init), (8 bytes).
    Removing stm32f4xx_hal_uart.o(.text.HAL_UART_DeInit), (54 bytes).
    Removing stm32f4xx_hal_uart.o(.ARM.exidx.text.HAL_UART_DeInit), (8 bytes).
    Removing stm32f4xx_hal_uart.o(.text.HAL_UART_MspDeInit), (2 bytes).
    Removing stm32f4xx_hal_uart.o(.ARM.exidx.text.HAL_UART_MspDeInit), (8 bytes).
    Removing stm32f4xx_hal_uart.o(.ARM.exidx.text.HAL_UART_Transmit), (8 bytes).
    Removing stm32f4xx_hal_uart.o(.text.HAL_UART_Receive), (310 bytes).
    Removing stm32f4xx_hal_uart.o(.ARM.exidx.text.HAL_UART_Receive), (8 bytes).
    Removing stm32f4xx_hal_uart.o(.text.HAL_UART_Transmit_IT), (68 bytes).
    Removing stm32f4xx_hal_uart.o(.ARM.exidx.text.HAL_UART_Transmit_IT), (8 bytes).
    Removing stm32f4xx_hal_uart.o(.text.HAL_UART_Receive_IT), (96 bytes).
    Removing stm32f4xx_hal_uart.o(.ARM.exidx.text.HAL_UART_Receive_IT), (8 bytes).
    Removing stm32f4xx_hal_uart.o(.text.UART_Start_Receive_IT), (56 bytes).
    Removing stm32f4xx_hal_uart.o(.ARM.exidx.text.UART_Start_Receive_IT), (8 bytes).
    Removing stm32f4xx_hal_uart.o(.text.HAL_UART_Transmit_DMA), (140 bytes).
    Removing stm32f4xx_hal_uart.o(.ARM.exidx.text.HAL_UART_Transmit_DMA), (8 bytes).
    Removing stm32f4xx_hal_uart.o(.text.UART_DMATransmitCplt), (62 bytes).
    Removing stm32f4xx_hal_uart.o(.ARM.exidx.text.UART_DMATransmitCplt), (8 bytes).
    Removing stm32f4xx_hal_uart.o(.text.UART_DMATxHalfCplt), (6 bytes).
    Removing stm32f4xx_hal_uart.o(.ARM.exidx.text.UART_DMATxHalfCplt), (8 bytes).
    Removing stm32f4xx_hal_uart.o(.text.UART_DMAError), (162 bytes).
    Removing stm32f4xx_hal_uart.o(.ARM.exidx.text.UART_DMAError), (8 bytes).
    Removing stm32f4xx_hal_uart.o(.text.HAL_UART_Receive_DMA), (56 bytes).
    Removing stm32f4xx_hal_uart.o(.ARM.exidx.text.HAL_UART_Receive_DMA), (8 bytes).
    Removing stm32f4xx_hal_uart.o(.text.UART_Start_Receive_DMA), (154 bytes).
    Removing stm32f4xx_hal_uart.o(.ARM.exidx.text.UART_Start_Receive_DMA), (8 bytes).
    Removing stm32f4xx_hal_uart.o(.text.HAL_UART_DMAPause), (146 bytes).
    Removing stm32f4xx_hal_uart.o(.ARM.exidx.text.HAL_UART_DMAPause), (8 bytes).
    Removing stm32f4xx_hal_uart.o(.text.HAL_UART_DMAResume), (148 bytes).
    Removing stm32f4xx_hal_uart.o(.ARM.exidx.text.HAL_UART_DMAResume), (8 bytes).
    Removing stm32f4xx_hal_uart.o(.text.HAL_UART_DMAStop), (214 bytes).
    Removing stm32f4xx_hal_uart.o(.ARM.exidx.text.HAL_UART_DMAStop), (8 bytes).
    Removing stm32f4xx_hal_uart.o(.text.HAL_UARTEx_ReceiveToIdle), (268 bytes).
    Removing stm32f4xx_hal_uart.o(.ARM.exidx.text.HAL_UARTEx_ReceiveToIdle), (8 bytes).
    Removing stm32f4xx_hal_uart.o(.text.HAL_UARTEx_ReceiveToIdle_IT), (144 bytes).
    Removing stm32f4xx_hal_uart.o(.ARM.exidx.text.HAL_UARTEx_ReceiveToIdle_IT), (8 bytes).
    Removing stm32f4xx_hal_uart.o(.text.HAL_UARTEx_ReceiveToIdle_DMA), (100 bytes).
    Removing stm32f4xx_hal_uart.o(.ARM.exidx.text.HAL_UARTEx_ReceiveToIdle_DMA), (8 bytes).
    Removing stm32f4xx_hal_uart.o(.text.HAL_UART_Abort), (206 bytes).
    Removing stm32f4xx_hal_uart.o(.ARM.exidx.text.HAL_UART_Abort), (8 bytes).
    Removing stm32f4xx_hal_uart.o(.text.HAL_UART_AbortTransmit), (96 bytes).
    Removing stm32f4xx_hal_uart.o(.ARM.exidx.text.HAL_UART_AbortTransmit), (8 bytes).
    Removing stm32f4xx_hal_uart.o(.text.HAL_UART_AbortReceive), (146 bytes).
    Removing stm32f4xx_hal_uart.o(.ARM.exidx.text.HAL_UART_AbortReceive), (8 bytes).
    Removing stm32f4xx_hal_uart.o(.text.HAL_UART_Abort_IT), (248 bytes).
    Removing stm32f4xx_hal_uart.o(.ARM.exidx.text.HAL_UART_Abort_IT), (8 bytes).
    Removing stm32f4xx_hal_uart.o(.text.UART_DMATxAbortCallback), (42 bytes).
    Removing stm32f4xx_hal_uart.o(.ARM.exidx.text.UART_DMATxAbortCallback), (8 bytes).
    Removing stm32f4xx_hal_uart.o(.text.UART_DMARxAbortCallback), (42 bytes).
    Removing stm32f4xx_hal_uart.o(.ARM.exidx.text.UART_DMARxAbortCallback), (8 bytes).
    Removing stm32f4xx_hal_uart.o(.text.HAL_UART_AbortCpltCallback), (2 bytes).
    Removing stm32f4xx_hal_uart.o(.ARM.exidx.text.HAL_UART_AbortCpltCallback), (8 bytes).
    Removing stm32f4xx_hal_uart.o(.text.HAL_UART_AbortTransmit_IT), (102 bytes).
    Removing stm32f4xx_hal_uart.o(.ARM.exidx.text.HAL_UART_AbortTransmit_IT), (8 bytes).
    Removing stm32f4xx_hal_uart.o(.text.UART_DMATxOnlyAbortCallback), (16 bytes).
    Removing stm32f4xx_hal_uart.o(.ARM.exidx.text.UART_DMATxOnlyAbortCallback), (8 bytes).
    Removing stm32f4xx_hal_uart.o(.text.HAL_UART_AbortTransmitCpltCallback), (2 bytes).
    Removing stm32f4xx_hal_uart.o(.ARM.exidx.text.HAL_UART_AbortTransmitCpltCallback), (8 bytes).
    Removing stm32f4xx_hal_uart.o(.text.HAL_UART_AbortReceive_IT), (152 bytes).
    Removing stm32f4xx_hal_uart.o(.ARM.exidx.text.HAL_UART_AbortReceive_IT), (8 bytes).
    Removing stm32f4xx_hal_uart.o(.text.UART_DMARxOnlyAbortCallback), (18 bytes).
    Removing stm32f4xx_hal_uart.o(.ARM.exidx.text.UART_DMARxOnlyAbortCallback), (8 bytes).
    Removing stm32f4xx_hal_uart.o(.text.HAL_UART_AbortReceiveCpltCallback), (2 bytes).
    Removing stm32f4xx_hal_uart.o(.ARM.exidx.text.HAL_UART_AbortReceiveCpltCallback), (8 bytes).
    Removing stm32f4xx_hal_uart.o(.text.HAL_UART_IRQHandler), (762 bytes).
    Removing stm32f4xx_hal_uart.o(.ARM.exidx.text.HAL_UART_IRQHandler), (8 bytes).
    Removing stm32f4xx_hal_uart.o(.text.UART_Receive_IT), (186 bytes).
    Removing stm32f4xx_hal_uart.o(.ARM.exidx.text.UART_Receive_IT), (8 bytes).
    Removing stm32f4xx_hal_uart.o(.text.UART_DMAAbortOnError), (12 bytes).
    Removing stm32f4xx_hal_uart.o(.ARM.exidx.text.UART_DMAAbortOnError), (8 bytes).
    Removing stm32f4xx_hal_uart.o(.text.HAL_UART_ErrorCallback), (2 bytes).
    Removing stm32f4xx_hal_uart.o(.ARM.exidx.text.HAL_UART_ErrorCallback), (8 bytes).
    Removing stm32f4xx_hal_uart.o(.text.HAL_UARTEx_RxEventCallback), (2 bytes).
    Removing stm32f4xx_hal_uart.o(.ARM.exidx.text.HAL_UARTEx_RxEventCallback), (8 bytes).
    Removing stm32f4xx_hal_uart.o(.text.HAL_UART_TxCpltCallback), (2 bytes).
    Removing stm32f4xx_hal_uart.o(.ARM.exidx.text.HAL_UART_TxCpltCallback), (8 bytes).
    Removing stm32f4xx_hal_uart.o(.text.HAL_UART_TxHalfCpltCallback), (2 bytes).
    Removing stm32f4xx_hal_uart.o(.ARM.exidx.text.HAL_UART_TxHalfCpltCallback), (8 bytes).
    Removing stm32f4xx_hal_uart.o(.text.HAL_UART_RxCpltCallback), (2 bytes).
    Removing stm32f4xx_hal_uart.o(.ARM.exidx.text.HAL_UART_RxCpltCallback), (8 bytes).
    Removing stm32f4xx_hal_uart.o(.text.HAL_UART_RxHalfCpltCallback), (2 bytes).
    Removing stm32f4xx_hal_uart.o(.ARM.exidx.text.HAL_UART_RxHalfCpltCallback), (8 bytes).
    Removing stm32f4xx_hal_uart.o(.text.HAL_LIN_SendBreak), (60 bytes).
    Removing stm32f4xx_hal_uart.o(.ARM.exidx.text.HAL_LIN_SendBreak), (8 bytes).
    Removing stm32f4xx_hal_uart.o(.text.HAL_MultiProcessor_EnterMuteMode), (60 bytes).
    Removing stm32f4xx_hal_uart.o(.ARM.exidx.text.HAL_MultiProcessor_EnterMuteMode), (8 bytes).
    Removing stm32f4xx_hal_uart.o(.text.HAL_MultiProcessor_ExitMuteMode), (60 bytes).
    Removing stm32f4xx_hal_uart.o(.ARM.exidx.text.HAL_MultiProcessor_ExitMuteMode), (8 bytes).
    Removing stm32f4xx_hal_uart.o(.text.HAL_HalfDuplex_EnableTransmitter), (44 bytes).
    Removing stm32f4xx_hal_uart.o(.ARM.exidx.text.HAL_HalfDuplex_EnableTransmitter), (8 bytes).
    Removing stm32f4xx_hal_uart.o(.text.HAL_HalfDuplex_EnableReceiver), (46 bytes).
    Removing stm32f4xx_hal_uart.o(.ARM.exidx.text.HAL_HalfDuplex_EnableReceiver), (8 bytes).
    Removing stm32f4xx_hal_uart.o(.text.HAL_UART_GetState), (14 bytes).
    Removing stm32f4xx_hal_uart.o(.ARM.exidx.text.HAL_UART_GetState), (8 bytes).
    Removing stm32f4xx_hal_uart.o(.text.HAL_UART_GetError), (4 bytes).
    Removing stm32f4xx_hal_uart.o(.ARM.exidx.text.HAL_UART_GetError), (8 bytes).
    Removing stm32f4xx_hal_uart.o(.text.UART_DMAReceiveCplt), (124 bytes).
    Removing stm32f4xx_hal_uart.o(.ARM.exidx.text.UART_DMAReceiveCplt), (8 bytes).
    Removing stm32f4xx_hal_uart.o(.text.UART_DMARxHalfCplt), (20 bytes).
    Removing stm32f4xx_hal_uart.o(.ARM.exidx.text.UART_DMARxHalfCplt), (8 bytes).
    Removing system_stm32f4xx.o(.text), (0 bytes).
    Removing system_stm32f4xx.o(.ARM.exidx.text.SystemInit), (8 bytes).
    Removing system_stm32f4xx.o(.text.SystemCoreClockUpdate), (134 bytes).
    Removing system_stm32f4xx.o(.ARM.exidx.text.SystemCoreClockUpdate), (8 bytes).
    Removing myapp.o(.text), (0 bytes).
    Removing myapp.o(.text._write), (60 bytes).
    Removing myapp.o(.ARM.exidx.text._write), (8 bytes).
    Removing myapp.o(.ARM.exidx.text.fputc), (8 bytes).
    Removing myapp.o(.text.Log), (30 bytes).
    Removing myapp.o(.ARM.exidx.text.Log), (8 bytes).
    Removing myapp.o(.text.Test1_Serial_TX), (272 bytes).
    Removing myapp.o(.ARM.exidx.text.Test1_Serial_TX), (8 bytes).
    Removing myapp.o(.ARM.exidx.text.Test_FatFs_Write), (8 bytes).
    Removing myapp.o(.ARM.exidx.text.Test_FatFs_Read), (8 bytes).
    Removing myapp.o(.ARM.exidx.text.MY_APP), (8 bytes).
    Removing myapp.o(.bss.StateEndStopZP), (1 bytes).
    Removing myapp.o(.bss.StateEndStopZN), (1 bytes).
    Removing myapp.o(.bss.StateEndStopXP), (1 bytes).
    Removing myapp.o(.bss.StateEndStopXN), (1 bytes).
    Removing myapp.o(.bss.StateEndStopYP), (1 bytes).
    Removing myapp.o(.bss.StateEndStopYN), (1 bytes).
    Removing user_diskio.o(.text), (0 bytes).
    Removing user_diskio.o(.ARM.exidx.text.USER_initialize), (8 bytes).
    Removing user_diskio.o(.ARM.exidx.text.USER_status), (8 bytes).
    Removing user_diskio.o(.ARM.exidx.text.USER_read), (8 bytes).
    Removing user_diskio.o(.ARM.exidx.text.USER_write), (8 bytes).
    Removing user_diskio.o(.ARM.exidx.text.USER_ioctl), (8 bytes).
    Removing user_diskio.o(.ARM.exidx.text.power_on), (8 bytes).
    Removing user_diskio.o(.ARM.exidx.text.send_cmd), (8 bytes).
    Removing user_diskio.o(.ARM.exidx.text.rcvr_datablock), (8 bytes).
    Removing user_diskio.o(.ARM.exidx.text.xmit_datablock), (8 bytes).
    Removing user_diskio.o(.ARM.exidx.text.wait_ready), (8 bytes).
    Removing fatfs.o(.text), (0 bytes).
    Removing fatfs.o(.ARM.exidx.text.MX_FATFS_Init), (8 bytes).
    Removing fatfs.o(.ARM.exidx.text.get_fattime), (8 bytes).
    Removing diskio.o(.text), (0 bytes).
    Removing diskio.o(.ARM.exidx.text.disk_status), (8 bytes).
    Removing diskio.o(.ARM.exidx.text.disk_initialize), (8 bytes).
    Removing diskio.o(.ARM.exidx.text.disk_read), (8 bytes).
    Removing diskio.o(.ARM.exidx.text.disk_write), (8 bytes).
    Removing diskio.o(.ARM.exidx.text.disk_ioctl), (8 bytes).
    Removing diskio.o(.text.get_fattime), (4 bytes).
    Removing diskio.o(.ARM.exidx.text.get_fattime), (8 bytes).
    Removing ff.o(.text), (0 bytes).
    Removing ff.o(.ARM.exidx.text.f_mount), (8 bytes).
    Removing ff.o(.ARM.exidx.text.find_volume), (8 bytes).
    Removing ff.o(.ARM.exidx.text.f_open), (8 bytes).
    Removing ff.o(.ARM.exidx.text.follow_path), (8 bytes).
    Removing ff.o(.ARM.exidx.text.dir_register), (8 bytes).
    Removing ff.o(.text.remove_chain), (142 bytes).
    Removing ff.o(.ARM.exidx.text.remove_chain), (8 bytes).
    Removing ff.o(.ARM.exidx.text.move_window), (8 bytes).
    Removing ff.o(.text.inc_lock), (162 bytes).
    Removing ff.o(.ARM.exidx.text.inc_lock), (8 bytes).
    Removing ff.o(.ARM.exidx.text.get_fat), (8 bytes).
    Removing ff.o(.ARM.exidx.text.f_read), (8 bytes).
    Removing ff.o(.ARM.exidx.text.f_write), (8 bytes).
    Removing ff.o(.ARM.exidx.text.create_chain), (8 bytes).
    Removing ff.o(.ARM.exidx.text.f_sync), (8 bytes).
    Removing ff.o(.ARM.exidx.text.sync_fs), (8 bytes).
    Removing ff.o(.ARM.exidx.text.f_close), (8 bytes).
    Removing ff.o(.text.f_lseek), (698 bytes).
    Removing ff.o(.ARM.exidx.text.f_lseek), (8 bytes).
    Removing ff.o(.text.f_opendir), (150 bytes).
    Removing ff.o(.ARM.exidx.text.f_opendir), (8 bytes).
    Removing ff.o(.ARM.exidx.text.dir_sdi), (8 bytes).
    Removing ff.o(.text.f_closedir), (120 bytes).
    Removing ff.o(.ARM.exidx.text.f_closedir), (8 bytes).
    Removing ff.o(.text.f_readdir), (110 bytes).
    Removing ff.o(.ARM.exidx.text.f_readdir), (8 bytes).
    Removing ff.o(.text.dir_read), (302 bytes).
    Removing ff.o(.ARM.exidx.text.dir_read), (8 bytes).
    Removing ff.o(.text.get_fileinfo), (288 bytes).
    Removing ff.o(.ARM.exidx.text.get_fileinfo), (8 bytes).
    Removing ff.o(.ARM.exidx.text.dir_next), (8 bytes).
    Removing ff.o(.text.f_stat), (66 bytes).
    Removing ff.o(.ARM.exidx.text.f_stat), (8 bytes).
    Removing ff.o(.text.f_getfree), (256 bytes).
    Removing ff.o(.ARM.exidx.text.f_getfree), (8 bytes).
    Removing ff.o(.text.f_truncate), (210 bytes).
    Removing ff.o(.ARM.exidx.text.f_truncate), (8 bytes).
    Removing ff.o(.text.f_unlink), (408 bytes).
    Removing ff.o(.ARM.exidx.text.f_unlink), (8 bytes).
    Removing ff.o(.text.f_mkdir), (670 bytes).
    Removing ff.o(.ARM.exidx.text.f_mkdir), (8 bytes).
    Removing ff.o(.ARM.exidx.text.sync_window), (8 bytes).
    Removing ff.o(.text.f_rename), (538 bytes).
    Removing ff.o(.ARM.exidx.text.f_rename), (8 bytes).
    Removing ff.o(.text.f_mkfs), (1688 bytes).
    Removing ff.o(.ARM.exidx.text.f_mkfs), (8 bytes).
    Removing ff.o(.text.f_gets), (104 bytes).
    Removing ff.o(.ARM.exidx.text.f_gets), (8 bytes).
    Removing ff.o(.text.f_putc), (78 bytes).
    Removing ff.o(.ARM.exidx.text.f_putc), (8 bytes).
    Removing ff.o(.text.putc_bfd), (114 bytes).
    Removing ff.o(.ARM.exidx.text.putc_bfd), (8 bytes).
    Removing ff.o(.text.f_puts), (90 bytes).
    Removing ff.o(.ARM.exidx.text.f_puts), (8 bytes).
    Removing ff.o(.text.f_printf), (748 bytes).
    Removing ff.o(.ARM.exidx.text.f_printf), (8 bytes).
    Removing ff.o(.ARM.exidx.text.dir_find), (8 bytes).
    Removing ff.o(.ARM.exidx.text.put_fat), (8 bytes).
    Removing ff.o(.rodata.str2.2), (28 bytes).
    Removing ff_gen_drv.o(.text), (0 bytes).
    Removing ff_gen_drv.o(.text.FATFS_LinkDriverEx), (80 bytes).
    Removing ff_gen_drv.o(.ARM.exidx.text.FATFS_LinkDriverEx), (8 bytes).
    Removing ff_gen_drv.o(.ARM.exidx.text.FATFS_LinkDriver), (8 bytes).
    Removing ff_gen_drv.o(.text.FATFS_UnLinkDriverEx), (48 bytes).
    Removing ff_gen_drv.o(.ARM.exidx.text.FATFS_UnLinkDriverEx), (8 bytes).
    Removing ff_gen_drv.o(.text.FATFS_UnLinkDriver), (48 bytes).
    Removing ff_gen_drv.o(.ARM.exidx.text.FATFS_UnLinkDriver), (8 bytes).
    Removing ff_gen_drv.o(.text.FATFS_GetAttachedDriversNbr), (12 bytes).
    Removing ff_gen_drv.o(.ARM.exidx.text.FATFS_GetAttachedDriversNbr), (8 bytes).
    Removing syscall.o(.text), (0 bytes).
    Removing ccsbcs.o(.text), (0 bytes).
    Removing ccsbcs.o(.ARM.exidx.text.ff_convert), (8 bytes).
    Removing ccsbcs.o(.ARM.exidx.text.ff_wtoupper), (8 bytes).
    Removing dadd.o(.text), (334 bytes).
    Removing dmul.o(.text), (228 bytes).
    Removing ddiv.o(.text), (222 bytes).
    Removing dfixul.o(.text), (48 bytes).
    Removing cdrcmple.o(.text), (48 bytes).
    Removing depilogue.o(.text), (186 bytes).

639 unused section(s) (total 32986 bytes) removed from the image.

==============================================================================

Image Symbol Table

    Local Symbols

    Symbol Name                              Value     Ov Type        Size  Object(Section)

    ../clib/division.s                       0x00000000   Number         0  aeabi_sdiv.o ABSOLUTE
    ../clib/microlib/division.c              0x00000000   Number         0  uldiv.o ABSOLUTE
    ../clib/microlib/division.c              0x00000000   Number         0  uidiv.o ABSOLUTE
    ../clib/microlib/init/entry.s            0x00000000   Number         0  entry.o ABSOLUTE
    ../clib/microlib/init/entry.s            0x00000000   Number         0  entry2.o ABSOLUTE
    ../clib/microlib/init/entry.s            0x00000000   Number         0  entry5.o ABSOLUTE
    ../clib/microlib/init/entry.s            0x00000000   Number         0  entry7a.o ABSOLUTE
    ../clib/microlib/init/entry.s            0x00000000   Number         0  entry7b.o ABSOLUTE
    ../clib/microlib/init/entry.s            0x00000000   Number         0  entry8a.o ABSOLUTE
    ../clib/microlib/init/entry.s            0x00000000   Number         0  entry8b.o ABSOLUTE
    ../clib/microlib/init/entry.s            0x00000000   Number         0  entry9a.o ABSOLUTE
    ../clib/microlib/init/entry.s            0x00000000   Number         0  entry9b.o ABSOLUTE
    ../clib/microlib/init/entry.s            0x00000000   Number         0  entry10a.o ABSOLUTE
    ../clib/microlib/init/entry.s            0x00000000   Number         0  entry10b.o ABSOLUTE
    ../clib/microlib/init/entry.s            0x00000000   Number         0  entry11a.o ABSOLUTE
    ../clib/microlib/init/entry.s            0x00000000   Number         0  entry11b.o ABSOLUTE
    ../clib/microlib/longlong.c              0x00000000   Number         0  llshl.o ABSOLUTE
    ../clib/microlib/longlong.c              0x00000000   Number         0  llushr.o ABSOLUTE
    ../clib/microlib/longlong.c              0x00000000   Number         0  llsshr.o ABSOLUTE
    ../clib/microlib/printf/printf.c         0x00000000   Number         0  printfb.o ABSOLUTE
    ../clib/microlib/printf/printf.c         0x00000000   Number         0  printf0.o ABSOLUTE
    ../clib/microlib/printf/printf.c         0x00000000   Number         0  printf1.o ABSOLUTE
    ../clib/microlib/printf/printf.c         0x00000000   Number         0  printf2.o ABSOLUTE
    ../clib/microlib/printf/printf.c         0x00000000   Number         0  printf3.o ABSOLUTE
    ../clib/microlib/printf/printf.c         0x00000000   Number         0  printf4.o ABSOLUTE
    ../clib/microlib/printf/printf.c         0x00000000   Number         0  printf5.o ABSOLUTE
    ../clib/microlib/printf/printf.c         0x00000000   Number         0  printf6.o ABSOLUTE
    ../clib/microlib/printf/printf.c         0x00000000   Number         0  printf7.o ABSOLUTE
    ../clib/microlib/printf/printf.c         0x00000000   Number         0  printf8.o ABSOLUTE
    ../clib/microlib/printf/printf.c         0x00000000   Number         0  printfa.o ABSOLUTE
    ../clib/microlib/stdio/streams.c         0x00000000   Number         0  stdout.o ABSOLUTE
    ../clib/microlib/string/memcpy.c         0x00000000   Number         0  memcpya.o ABSOLUTE
    ../clib/microlib/string/memcpy.c         0x00000000   Number         0  memcpyb.o ABSOLUTE
    ../clib/microlib/string/memset.c         0x00000000   Number         0  memseta.o ABSOLUTE
    ../clib/microlib/string/strlen.c         0x00000000   Number         0  strlen.o ABSOLUTE
    ../clib/microlib/stubs.s                 0x00000000   Number         0  iusefp.o ABSOLUTE
    ../fplib/microlib/fpadd.c                0x00000000   Number         0  dadd.o ABSOLUTE
    ../fplib/microlib/fpdiv.c                0x00000000   Number         0  ddiv.o ABSOLUTE
    ../fplib/microlib/fpepilogue.c           0x00000000   Number         0  depilogue.o ABSOLUTE
    ../fplib/microlib/fpfix.c                0x00000000   Number         0  dfixul.o ABSOLUTE
    ../fplib/microlib/fpmul.c                0x00000000   Number         0  dmul.o ABSOLUTE
    MYAPP.C                                  0x00000000   Number         0  myapp.o ABSOLUTE
    ccsbcs.c                                 0x00000000   Number         0  ccsbcs.o ABSOLUTE
    cdrcmple.s                               0x00000000   Number         0  cdrcmple.o ABSOLUTE
    dc.s                                     0x00000000   Number         0  dc.o ABSOLUTE
    diskio.c                                 0x00000000   Number         0  diskio.o ABSOLUTE
    fatfs.c                                  0x00000000   Number         0  fatfs.o ABSOLUTE
    ff.c                                     0x00000000   Number         0  ff.o ABSOLUTE
    ff_gen_drv.c                             0x00000000   Number         0  ff_gen_drv.o ABSOLUTE
    handlers.s                               0x00000000   Number         0  handlers.o ABSOLUTE
    init.s                                   0x00000000   Number         0  init.o ABSOLUTE
    main.c                                   0x00000000   Number         0  main.o ABSOLUTE
    startup_stm32f407xx.s                    0x00000000   Number         0  startup_stm32f407xx.o ABSOLUTE
    stm32f4xx_hal.c                          0x00000000   Number         0  stm32f4xx_hal.o ABSOLUTE
    stm32f4xx_hal_cortex.c                   0x00000000   Number         0  stm32f4xx_hal_cortex.o ABSOLUTE
    stm32f4xx_hal_dma.c                      0x00000000   Number         0  stm32f4xx_hal_dma.o ABSOLUTE
    stm32f4xx_hal_dma_ex.c                   0x00000000   Number         0  stm32f4xx_hal_dma_ex.o ABSOLUTE
    stm32f4xx_hal_exti.c                     0x00000000   Number         0  stm32f4xx_hal_exti.o ABSOLUTE
    stm32f4xx_hal_flash.c                    0x00000000   Number         0  stm32f4xx_hal_flash.o ABSOLUTE
    stm32f4xx_hal_flash_ex.c                 0x00000000   Number         0  stm32f4xx_hal_flash_ex.o ABSOLUTE
    stm32f4xx_hal_flash_ramfunc.c            0x00000000   Number         0  stm32f4xx_hal_flash_ramfunc.o ABSOLUTE
    stm32f4xx_hal_gpio.c                     0x00000000   Number         0  stm32f4xx_hal_gpio.o ABSOLUTE
    stm32f4xx_hal_msp.c                      0x00000000   Number         0  stm32f4xx_hal_msp.o ABSOLUTE
    stm32f4xx_hal_pwr.c                      0x00000000   Number         0  stm32f4xx_hal_pwr.o ABSOLUTE
    stm32f4xx_hal_pwr_ex.c                   0x00000000   Number         0  stm32f4xx_hal_pwr_ex.o ABSOLUTE
    stm32f4xx_hal_rcc.c                      0x00000000   Number         0  stm32f4xx_hal_rcc.o ABSOLUTE
    stm32f4xx_hal_rcc_ex.c                   0x00000000   Number         0  stm32f4xx_hal_rcc_ex.o ABSOLUTE
    stm32f4xx_hal_spi.c                      0x00000000   Number         0  stm32f4xx_hal_spi.o ABSOLUTE
    stm32f4xx_hal_uart.c                     0x00000000   Number         0  stm32f4xx_hal_uart.o ABSOLUTE
    stm32f4xx_it.c                           0x00000000   Number         0  stm32f4xx_it.o ABSOLUTE
    syscall.c                                0x00000000   Number         0  syscall.o ABSOLUTE
    system_stm32f4xx.c                       0x00000000   Number         0  system_stm32f4xx.o ABSOLUTE
    user_diskio.c                            0x00000000   Number         0  user_diskio.o ABSOLUTE
    RESET                                    0x08000000   Section      392  startup_stm32f407xx.o(RESET)
    .ARM.Collect$$$$00000000                 0x08000188   Section        0  entry.o(.ARM.Collect$$$$00000000)
    .ARM.Collect$$$$00000001                 0x08000188   Section        4  entry2.o(.ARM.Collect$$$$00000001)
    .ARM.Collect$$$$00000004                 0x0800018c   Section        4  entry5.o(.ARM.Collect$$$$00000004)
    .ARM.Collect$$$$00000008                 0x08000190   Section        0  entry7b.o(.ARM.Collect$$$$00000008)
    .ARM.Collect$$$$0000000A                 0x08000190   Section        0  entry8b.o(.ARM.Collect$$$$0000000A)
    .ARM.Collect$$$$0000000B                 0x08000190   Section        8  entry9a.o(.ARM.Collect$$$$0000000B)
    __lit__00000000                          0x08000198   Data           4  entry2.o(.ARM.Collect$$$$00002712)
    .ARM.Collect$$$$0000000D                 0x08000198   Section        0  entry10a.o(.ARM.Collect$$$$0000000D)
    .ARM.Collect$$$$0000000F                 0x08000198   Section        0  entry11a.o(.ARM.Collect$$$$0000000F)
    .ARM.Collect$$$$00002712                 0x08000198   Section        4  entry2.o(.ARM.Collect$$$$00002712)
    $v0                                      0x0800019c   Number         0  startup_stm32f407xx.o(.text)
    .text                                    0x0800019c   Section       36  startup_stm32f407xx.o(.text)
    .text                                    0x080001c0   Section        0  uldiv.o(.text)
    .text                                    0x08000222   Section        0  memseta.o(.text)
    .text                                    0x08000246   Section        0  llshl.o(.text)
    .text                                    0x08000264   Section        0  llushr.o(.text)
    .text                                    0x08000284   Section       48  init.o(.text)
    [Anonymous Symbol]                       0x080002b4   Section        0  stm32f4xx_it.o(.text.BusFault_Handler)
    [Anonymous Symbol]                       0x080002b8   Section        0  stm32f4xx_it.o(.text.DebugMon_Handler)
    [Anonymous Symbol]                       0x080002bc   Section        0  ff_gen_drv.o(.text.FATFS_LinkDriver)
    [Anonymous Symbol]                       0x08000308   Section        0  stm32f4xx_hal.o(.text.HAL_Delay)
    [Anonymous Symbol]                       0x08000330   Section        0  stm32f4xx_hal_gpio.o(.text.HAL_GPIO_Init)
    [Anonymous Symbol]                       0x080004c8   Section        0  stm32f4xx_hal_gpio.o(.text.HAL_GPIO_ReadPin)
    [Anonymous Symbol]                       0x080004d4   Section        0  stm32f4xx_hal_gpio.o(.text.HAL_GPIO_WritePin)
    [Anonymous Symbol]                       0x080004e0   Section        0  stm32f4xx_hal.o(.text.HAL_GetTick)
    [Anonymous Symbol]                       0x080004ec   Section        0  stm32f4xx_hal.o(.text.HAL_IncTick)
    [Anonymous Symbol]                       0x08000508   Section        0  stm32f4xx_hal.o(.text.HAL_Init)
    [Anonymous Symbol]                       0x08000540   Section        0  stm32f4xx_hal.o(.text.HAL_InitTick)
    [Anonymous Symbol]                       0x08000590   Section        0  stm32f4xx_hal_msp.o(.text.HAL_MspInit)
    [Anonymous Symbol]                       0x080005c8   Section        0  stm32f4xx_hal_cortex.o(.text.HAL_NVIC_SetPriority)
    [Anonymous Symbol]                       0x08000620   Section        0  stm32f4xx_hal_cortex.o(.text.HAL_NVIC_SetPriorityGrouping)
    [Anonymous Symbol]                       0x08000640   Section        0  stm32f4xx_hal_rcc.o(.text.HAL_RCC_ClockConfig)
    [Anonymous Symbol]                       0x080007a0   Section        0  stm32f4xx_hal_rcc.o(.text.HAL_RCC_GetPCLK1Freq)
    [Anonymous Symbol]                       0x080007c8   Section        0  stm32f4xx_hal_rcc.o(.text.HAL_RCC_GetPCLK2Freq)
    [Anonymous Symbol]                       0x080007f0   Section        0  stm32f4xx_hal_rcc.o(.text.HAL_RCC_GetSysClockFreq)
    [Anonymous Symbol]                       0x0800085c   Section        0  stm32f4xx_hal_rcc.o(.text.HAL_RCC_OscConfig)
    [Anonymous Symbol]                       0x08000bb0   Section        0  stm32f4xx_hal_spi.o(.text.HAL_SPI_GetState)
    [Anonymous Symbol]                       0x08000bb8   Section        0  stm32f4xx_hal_spi.o(.text.HAL_SPI_Init)
    [Anonymous Symbol]                       0x08000c6c   Section        0  stm32f4xx_hal_msp.o(.text.HAL_SPI_MspInit)
    [Anonymous Symbol]                       0x08000ce0   Section        0  stm32f4xx_hal_spi.o(.text.HAL_SPI_Transmit)
    [Anonymous Symbol]                       0x08000ea0   Section        0  stm32f4xx_hal_spi.o(.text.HAL_SPI_TransmitReceive)
    [Anonymous Symbol]                       0x080010c4   Section        0  stm32f4xx_hal_cortex.o(.text.HAL_SYSTICK_Config)
    [Anonymous Symbol]                       0x080010f0   Section        0  stm32f4xx_hal_uart.o(.text.HAL_UART_Init)
    [Anonymous Symbol]                       0x08001150   Section        0  stm32f4xx_hal_msp.o(.text.HAL_UART_MspInit)
    [Anonymous Symbol]                       0x080011c4   Section        0  stm32f4xx_hal_uart.o(.text.HAL_UART_Transmit)
    [Anonymous Symbol]                       0x0800133c   Section        0  stm32f4xx_it.o(.text.HardFault_Handler)
    [Anonymous Symbol]                       0x08001340   Section        0  fatfs.o(.text.MX_FATFS_Init)
    [Anonymous Symbol]                       0x08001364   Section        0  myapp.o(.text.MY_APP)
    [Anonymous Symbol]                       0x08001410   Section        0  stm32f4xx_it.o(.text.MemManage_Handler)
    [Anonymous Symbol]                       0x08001414   Section        0  stm32f4xx_it.o(.text.NMI_Handler)
    [Anonymous Symbol]                       0x08001418   Section        0  stm32f4xx_it.o(.text.PendSV_Handler)
    SPI_WaitFlagStateUntilTimeout            0x0800141d   Thumb Code   206  stm32f4xx_hal_spi.o(.text.SPI_WaitFlagStateUntilTimeout)
    [Anonymous Symbol]                       0x0800141c   Section        0  stm32f4xx_hal_spi.o(.text.SPI_WaitFlagStateUntilTimeout)
    [Anonymous Symbol]                       0x080014ec   Section        0  stm32f4xx_it.o(.text.SVC_Handler)
    [Anonymous Symbol]                       0x080014f0   Section        0  stm32f4xx_it.o(.text.SysTick_Handler)
    [Anonymous Symbol]                       0x080014f4   Section        0  main.o(.text.SystemClock_Config)
    [Anonymous Symbol]                       0x0800159c   Section        0  system_stm32f4xx.o(.text.SystemInit)
    [Anonymous Symbol]                       0x080015b0   Section        0  myapp.o(.text.Test_FatFs_Read)
    [Anonymous Symbol]                       0x080016bc   Section        0  myapp.o(.text.Test_FatFs_Write)
    UART_SetConfig                           0x080017a9   Thumb Code   232  stm32f4xx_hal_uart.o(.text.UART_SetConfig)
    [Anonymous Symbol]                       0x080017a8   Section        0  stm32f4xx_hal_uart.o(.text.UART_SetConfig)
    [Anonymous Symbol]                       0x08001890   Section        0  user_diskio.o(.text.USER_initialize)
    [Anonymous Symbol]                       0x08001af0   Section        0  user_diskio.o(.text.USER_ioctl)
    [Anonymous Symbol]                       0x08001d00   Section        0  user_diskio.o(.text.USER_read)
    [Anonymous Symbol]                       0x08001df0   Section        0  user_diskio.o(.text.USER_status)
    [Anonymous Symbol]                       0x08001e04   Section        0  user_diskio.o(.text.USER_write)
    [Anonymous Symbol]                       0x08001f34   Section        0  stm32f4xx_it.o(.text.UsageFault_Handler)
    create_chain                             0x08001f39   Thumb Code   206  ff.o(.text.create_chain)
    [Anonymous Symbol]                       0x08001f38   Section        0  ff.o(.text.create_chain)
    dir_find                                 0x08002009   Thumb Code   430  ff.o(.text.dir_find)
    [Anonymous Symbol]                       0x08002008   Section        0  ff.o(.text.dir_find)
    dir_next                                 0x080021b9   Thumb Code   356  ff.o(.text.dir_next)
    [Anonymous Symbol]                       0x080021b8   Section        0  ff.o(.text.dir_next)
    dir_register                             0x0800231d   Thumb Code   732  ff.o(.text.dir_register)
    [Anonymous Symbol]                       0x0800231c   Section        0  ff.o(.text.dir_register)
    dir_sdi                                  0x080025f9   Thumb Code   160  ff.o(.text.dir_sdi)
    [Anonymous Symbol]                       0x080025f8   Section        0  ff.o(.text.dir_sdi)
    [Anonymous Symbol]                       0x08002698   Section        0  diskio.o(.text.disk_initialize)
    [Anonymous Symbol]                       0x080026bc   Section        0  diskio.o(.text.disk_ioctl)
    [Anonymous Symbol]                       0x080026d4   Section        0  diskio.o(.text.disk_read)
    [Anonymous Symbol]                       0x080026f4   Section        0  diskio.o(.text.disk_status)
    [Anonymous Symbol]                       0x0800270c   Section        0  diskio.o(.text.disk_write)
    [Anonymous Symbol]                       0x0800272c   Section        0  ff.o(.text.f_close)
    [Anonymous Symbol]                       0x080027ac   Section        0  ff.o(.text.f_mount)
    [Anonymous Symbol]                       0x08002854   Section        0  ff.o(.text.f_open)
    [Anonymous Symbol]                       0x08002c20   Section        0  ff.o(.text.f_read)
    [Anonymous Symbol]                       0x08002e24   Section        0  ff.o(.text.f_sync)
    [Anonymous Symbol]                       0x08002eec   Section        0  ff.o(.text.f_write)
    [Anonymous Symbol]                       0x08003124   Section        0  ccsbcs.o(.text.ff_convert)
    [Anonymous Symbol]                       0x08003170   Section        0  ccsbcs.o(.text.ff_wtoupper)
    find_volume                              0x08003231   Thumb Code   914  ff.o(.text.find_volume)
    [Anonymous Symbol]                       0x08003230   Section        0  ff.o(.text.find_volume)
    follow_path                              0x080035c5   Thumb Code   796  ff.o(.text.follow_path)
    [Anonymous Symbol]                       0x080035c4   Section        0  ff.o(.text.follow_path)
    [Anonymous Symbol]                       0x080038e0   Section        0  myapp.o(.text.fputc)
    get_fat                                  0x08003901   Thumb Code   206  ff.o(.text.get_fat)
    [Anonymous Symbol]                       0x08003900   Section        0  ff.o(.text.get_fat)
    [Anonymous Symbol]                       0x080039d0   Section        0  fatfs.o(.text.get_fattime)
    [Anonymous Symbol]                       0x080039d4   Section        0  main.o(.text.main)
    move_window                              0x08003b6d   Thumb Code   138  ff.o(.text.move_window)
    [Anonymous Symbol]                       0x08003b6c   Section        0  ff.o(.text.move_window)
    power_on                                 0x08003bf9   Thumb Code   322  user_diskio.o(.text.power_on)
    [Anonymous Symbol]                       0x08003bf8   Section        0  user_diskio.o(.text.power_on)
    put_fat                                  0x08003d3d   Thumb Code   270  ff.o(.text.put_fat)
    [Anonymous Symbol]                       0x08003d3c   Section        0  ff.o(.text.put_fat)
    rcvr_datablock                           0x08003e4d   Thumb Code   358  user_diskio.o(.text.rcvr_datablock)
    [Anonymous Symbol]                       0x08003e4c   Section        0  user_diskio.o(.text.rcvr_datablock)
    send_cmd                                 0x08003fb5   Thumb Code   434  user_diskio.o(.text.send_cmd)
    [Anonymous Symbol]                       0x08003fb4   Section        0  user_diskio.o(.text.send_cmd)
    sync_fs                                  0x08004169   Thumb Code   210  ff.o(.text.sync_fs)
    [Anonymous Symbol]                       0x08004168   Section        0  ff.o(.text.sync_fs)
    sync_window                              0x0800423d   Thumb Code    82  ff.o(.text.sync_window)
    [Anonymous Symbol]                       0x0800423c   Section        0  ff.o(.text.sync_window)
    wait_ready                               0x08004291   Thumb Code   152  user_diskio.o(.text.wait_ready)
    [Anonymous Symbol]                       0x08004290   Section        0  user_diskio.o(.text.wait_ready)
    xmit_datablock                           0x08004329   Thumb Code   436  user_diskio.o(.text.xmit_datablock)
    [Anonymous Symbol]                       0x08004328   Section        0  user_diskio.o(.text.xmit_datablock)
    i.__0printf$bare                         0x080044dc   Section        0  printfb.o(i.__0printf$bare)
    i.__scatterload_copy                     0x080044ec   Section       14  handlers.o(i.__scatterload_copy)
    i.__scatterload_null                     0x080044fa   Section        2  handlers.o(i.__scatterload_null)
    i.__scatterload_zeroinit                 0x080044fc   Section       14  handlers.o(i.__scatterload_zeroinit)
    _printf_core                             0x0800450b   Thumb Code    34  printfb.o(i._printf_core)
    i._printf_core                           0x0800450a   Section        0  printfb.o(i._printf_core)
    ExCvt                                    0x08004544   Data         128  ff.o(.rodata.ExCvt)
    [Anonymous Symbol]                       0x08004544   Section        0  ff.o(.rodata.ExCvt)
    LfnOfs                                   0x080045c4   Data          13  ff.o(.rodata.LfnOfs)
    [Anonymous Symbol]                       0x080045c4   Section        0  ff.o(.rodata.LfnOfs)
    Tbl                                      0x080045d2   Data         256  ccsbcs.o(.rodata.Tbl)
    [Anonymous Symbol]                       0x080045d2   Section        0  ccsbcs.o(.rodata.Tbl)
    .L.str                                   0x080046d2   Data          10  myapp.o(.rodata.str1.1)
    [Anonymous Symbol]                       0x080046d2   Section        0  myapp.o(.rodata.str1.1)
    .L.str.1                                 0x080046dc   Data          20  ff.o(.rodata.str1.1)
    [Anonymous Symbol]                       0x080046dc   Section        0  ff.o(.rodata.str1.1)
    .L.str.2                                 0x080046f0   Data          20  ff.o(.rodata.str1.1)
    .L.str.4                                 0x08004704   Data           7  ff.o(.rodata.str1.1)
    .L.str.3                                 0x0800470b   Data           9  ff.o(.rodata.str1.1)
    ff_wtoupper.cvt2                         0x08004714   Data         188  ccsbcs.o(.rodata.str2.2)
    [Anonymous Symbol]                       0x08004714   Section        0  ccsbcs.o(.rodata.str2.2)
    ff_wtoupper.cvt1                         0x080047d0   Data         498  ccsbcs.o(.rodata.str2.2)
    .data                                    0x20000000   Section        4  stdout.o(.data)
    Stat                                     0x20000004   Data           1  user_diskio.o(.data.Stat)
    [Anonymous Symbol]                       0x20000004   Section        0  user_diskio.o(.data.Stat)
    CardType                                 0x20000050   Data           1  user_diskio.o(.bss.CardType)
    [Anonymous Symbol]                       0x20000050   Section        0  user_diskio.o(.bss.CardType)
    FatFs                                    0x20000054   Data           4  ff.o(.bss.FatFs)
    [Anonymous Symbol]                       0x20000054   Section        0  ff.o(.bss.FatFs)
    Files                                    0x20000058   Data          32  ff.o(.bss.Files)
    [Anonymous Symbol]                       0x20000058   Section        0  ff.o(.bss.Files)
    Fsid                                     0x20000078   Data           2  ff.o(.bss.Fsid)
    [Anonymous Symbol]                       0x20000078   Section        0  ff.o(.bss.Fsid)
    LfnBuf                                   0x2000007a   Data         202  ff.o(.bss.LfnBuf)
    [Anonymous Symbol]                       0x2000007a   Section        0  ff.o(.bss.LfnBuf)
    PowerFlag                                0x20000144   Data           1  user_diskio.o(.bss.PowerFlag)
    [Anonymous Symbol]                       0x20000144   Section        0  user_diskio.o(.bss.PowerFlag)
    Timer1                                   0x20000145   Data           1  user_diskio.o(.bss.Timer1)
    [Anonymous Symbol]                       0x20000145   Section        0  user_diskio.o(.bss.Timer1)
    Timer2                                   0x20000146   Data           1  user_diskio.o(.bss.Timer2)
    [Anonymous Symbol]                       0x20000146   Section        0  user_diskio.o(.bss.Timer2)
    STACK                                    0x200006d0   Section     2048  startup_stm32f407xx.o(STACK)

    Global Symbols

    Symbol Name                              Value     Ov Type        Size  Object(Section)

    BuildAttributes$$THM_ISAv4$E$P$D$K$B$S$7EM$VFPi3$EXTD16$VFPS$VFMA$PE$A:L22UL41UL21$X:L11$S22US41US21$IEEE1$IW$~IW$USESV6$~STKCKD$USESV7$~SHL$OTIME$ROPI$EBA8$MICROLIB$REQ8$PRES8$EABIv2 0x00000000   Number         0  anon$$obj.o ABSOLUTE
    __cpp_initialize__aeabi_                  - Undefined Weak Reference
    __cxa_finalize                            - Undefined Weak Reference
    __decompress                              - Undefined Weak Reference
    _clock_init                               - Undefined Weak Reference
    _microlib_exit                            - Undefined Weak Reference
    __Vectors_Size                           0x00000188   Number         0  startup_stm32f407xx.o ABSOLUTE
    __Vectors                                0x08000000   Data           4  startup_stm32f407xx.o(RESET)
    __Vectors_End                            0x08000188   Data           0  startup_stm32f407xx.o(RESET)
    __main                                   0x08000189   Thumb Code     0  entry.o(.ARM.Collect$$$$00000000)
    _main_stk                                0x08000189   Thumb Code     0  entry2.o(.ARM.Collect$$$$00000001)
    _main_scatterload                        0x0800018d   Thumb Code     0  entry5.o(.ARM.Collect$$$$00000004)
    __main_after_scatterload                 0x08000191   Thumb Code     0  entry5.o(.ARM.Collect$$$$00000004)
    _main_clock                              0x08000191   Thumb Code     0  entry7b.o(.ARM.Collect$$$$00000008)
    _main_cpp_init                           0x08000191   Thumb Code     0  entry8b.o(.ARM.Collect$$$$0000000A)
    _main_init                               0x08000191   Thumb Code     0  entry9a.o(.ARM.Collect$$$$0000000B)
    __rt_final_cpp                           0x08000199   Thumb Code     0  entry10a.o(.ARM.Collect$$$$0000000D)
    __rt_final_exit                          0x08000199   Thumb Code     0  entry11a.o(.ARM.Collect$$$$0000000F)
    Reset_Handler                            0x0800019d   Thumb Code     8  startup_stm32f407xx.o(.text)
    ADC_IRQHandler                           0x080001b7   Thumb Code     0  startup_stm32f407xx.o(.text)
    CAN1_RX0_IRQHandler                      0x080001b7   Thumb Code     0  startup_stm32f407xx.o(.text)
    CAN1_RX1_IRQHandler                      0x080001b7   Thumb Code     0  startup_stm32f407xx.o(.text)
    CAN1_SCE_IRQHandler                      0x080001b7   Thumb Code     0  startup_stm32f407xx.o(.text)
    CAN1_TX_IRQHandler                       0x080001b7   Thumb Code     0  startup_stm32f407xx.o(.text)
    CAN2_RX0_IRQHandler                      0x080001b7   Thumb Code     0  startup_stm32f407xx.o(.text)
    CAN2_RX1_IRQHandler                      0x080001b7   Thumb Code     0  startup_stm32f407xx.o(.text)
    CAN2_SCE_IRQHandler                      0x080001b7   Thumb Code     0  startup_stm32f407xx.o(.text)
    CAN2_TX_IRQHandler                       0x080001b7   Thumb Code     0  startup_stm32f407xx.o(.text)
    DCMI_IRQHandler                          0x080001b7   Thumb Code     0  startup_stm32f407xx.o(.text)
    DMA1_Stream0_IRQHandler                  0x080001b7   Thumb Code     0  startup_stm32f407xx.o(.text)
    DMA1_Stream1_IRQHandler                  0x080001b7   Thumb Code     0  startup_stm32f407xx.o(.text)
    DMA1_Stream2_IRQHandler                  0x080001b7   Thumb Code     0  startup_stm32f407xx.o(.text)
    DMA1_Stream3_IRQHandler                  0x080001b7   Thumb Code     0  startup_stm32f407xx.o(.text)
    DMA1_Stream4_IRQHandler                  0x080001b7   Thumb Code     0  startup_stm32f407xx.o(.text)
    DMA1_Stream5_IRQHandler                  0x080001b7   Thumb Code     0  startup_stm32f407xx.o(.text)
    DMA1_Stream6_IRQHandler                  0x080001b7   Thumb Code     0  startup_stm32f407xx.o(.text)
    DMA1_Stream7_IRQHandler                  0x080001b7   Thumb Code     0  startup_stm32f407xx.o(.text)
    DMA2_Stream0_IRQHandler                  0x080001b7   Thumb Code     0  startup_stm32f407xx.o(.text)
    DMA2_Stream1_IRQHandler                  0x080001b7   Thumb Code     0  startup_stm32f407xx.o(.text)
    DMA2_Stream2_IRQHandler                  0x080001b7   Thumb Code     0  startup_stm32f407xx.o(.text)
    DMA2_Stream3_IRQHandler                  0x080001b7   Thumb Code     0  startup_stm32f407xx.o(.text)
    DMA2_Stream4_IRQHandler                  0x080001b7   Thumb Code     0  startup_stm32f407xx.o(.text)
    DMA2_Stream5_IRQHandler                  0x080001b7   Thumb Code     0  startup_stm32f407xx.o(.text)
    DMA2_Stream6_IRQHandler                  0x080001b7   Thumb Code     0  startup_stm32f407xx.o(.text)
    DMA2_Stream7_IRQHandler                  0x080001b7   Thumb Code     0  startup_stm32f407xx.o(.text)
    ETH_IRQHandler                           0x080001b7   Thumb Code     0  startup_stm32f407xx.o(.text)
    ETH_WKUP_IRQHandler                      0x080001b7   Thumb Code     0  startup_stm32f407xx.o(.text)
    EXTI0_IRQHandler                         0x080001b7   Thumb Code     0  startup_stm32f407xx.o(.text)
    EXTI15_10_IRQHandler                     0x080001b7   Thumb Code     0  startup_stm32f407xx.o(.text)
    EXTI1_IRQHandler                         0x080001b7   Thumb Code     0  startup_stm32f407xx.o(.text)
    EXTI2_IRQHandler                         0x080001b7   Thumb Code     0  startup_stm32f407xx.o(.text)
    EXTI3_IRQHandler                         0x080001b7   Thumb Code     0  startup_stm32f407xx.o(.text)
    EXTI4_IRQHandler                         0x080001b7   Thumb Code     0  startup_stm32f407xx.o(.text)
    EXTI9_5_IRQHandler                       0x080001b7   Thumb Code     0  startup_stm32f407xx.o(.text)
    FLASH_IRQHandler                         0x080001b7   Thumb Code     0  startup_stm32f407xx.o(.text)
    FMC_IRQHandler                           0x080001b7   Thumb Code     0  startup_stm32f407xx.o(.text)
    FPU_IRQHandler                           0x080001b7   Thumb Code     0  startup_stm32f407xx.o(.text)
    HASH_RNG_IRQHandler                      0x080001b7   Thumb Code     0  startup_stm32f407xx.o(.text)
    I2C1_ER_IRQHandler                       0x080001b7   Thumb Code     0  startup_stm32f407xx.o(.text)
    I2C1_EV_IRQHandler                       0x080001b7   Thumb Code     0  startup_stm32f407xx.o(.text)
    I2C2_ER_IRQHandler                       0x080001b7   Thumb Code     0  startup_stm32f407xx.o(.text)
    I2C2_EV_IRQHandler                       0x080001b7   Thumb Code     0  startup_stm32f407xx.o(.text)
    I2C3_ER_IRQHandler                       0x080001b7   Thumb Code     0  startup_stm32f407xx.o(.text)
    I2C3_EV_IRQHandler                       0x080001b7   Thumb Code     0  startup_stm32f407xx.o(.text)
    OTG_FS_IRQHandler                        0x080001b7   Thumb Code     0  startup_stm32f407xx.o(.text)
    OTG_FS_WKUP_IRQHandler                   0x080001b7   Thumb Code     0  startup_stm32f407xx.o(.text)
    OTG_HS_EP1_IN_IRQHandler                 0x080001b7   Thumb Code     0  startup_stm32f407xx.o(.text)
    OTG_HS_EP1_OUT_IRQHandler                0x080001b7   Thumb Code     0  startup_stm32f407xx.o(.text)
    OTG_HS_IRQHandler                        0x080001b7   Thumb Code     0  startup_stm32f407xx.o(.text)
    OTG_HS_WKUP_IRQHandler                   0x080001b7   Thumb Code     0  startup_stm32f407xx.o(.text)
    PVD_IRQHandler                           0x080001b7   Thumb Code     0  startup_stm32f407xx.o(.text)
    RCC_IRQHandler                           0x080001b7   Thumb Code     0  startup_stm32f407xx.o(.text)
    RTC_Alarm_IRQHandler                     0x080001b7   Thumb Code     0  startup_stm32f407xx.o(.text)
    RTC_WKUP_IRQHandler                      0x080001b7   Thumb Code     0  startup_stm32f407xx.o(.text)
    SDIO_IRQHandler                          0x080001b7   Thumb Code     0  startup_stm32f407xx.o(.text)
    SPI1_IRQHandler                          0x080001b7   Thumb Code     0  startup_stm32f407xx.o(.text)
    SPI2_IRQHandler                          0x080001b7   Thumb Code     0  startup_stm32f407xx.o(.text)
    SPI3_IRQHandler                          0x080001b7   Thumb Code     0  startup_stm32f407xx.o(.text)
    TAMP_STAMP_IRQHandler                    0x080001b7   Thumb Code     0  startup_stm32f407xx.o(.text)
    TIM1_BRK_TIM9_IRQHandler                 0x080001b7   Thumb Code     0  startup_stm32f407xx.o(.text)
    TIM1_CC_IRQHandler                       0x080001b7   Thumb Code     0  startup_stm32f407xx.o(.text)
    TIM1_TRG_COM_TIM11_IRQHandler            0x080001b7   Thumb Code     0  startup_stm32f407xx.o(.text)
    TIM1_UP_TIM10_IRQHandler                 0x080001b7   Thumb Code     0  startup_stm32f407xx.o(.text)
    TIM2_IRQHandler                          0x080001b7   Thumb Code     0  startup_stm32f407xx.o(.text)
    TIM3_IRQHandler                          0x080001b7   Thumb Code     0  startup_stm32f407xx.o(.text)
    TIM4_IRQHandler                          0x080001b7   Thumb Code     0  startup_stm32f407xx.o(.text)
    TIM5_IRQHandler                          0x080001b7   Thumb Code     0  startup_stm32f407xx.o(.text)
    TIM6_DAC_IRQHandler                      0x080001b7   Thumb Code     0  startup_stm32f407xx.o(.text)
    TIM7_IRQHandler                          0x080001b7   Thumb Code     0  startup_stm32f407xx.o(.text)
    TIM8_BRK_TIM12_IRQHandler                0x080001b7   Thumb Code     0  startup_stm32f407xx.o(.text)
    TIM8_CC_IRQHandler                       0x080001b7   Thumb Code     0  startup_stm32f407xx.o(.text)
    TIM8_TRG_COM_TIM14_IRQHandler            0x080001b7   Thumb Code     0  startup_stm32f407xx.o(.text)
    TIM8_UP_TIM13_IRQHandler                 0x080001b7   Thumb Code     0  startup_stm32f407xx.o(.text)
    UART4_IRQHandler                         0x080001b7   Thumb Code     0  startup_stm32f407xx.o(.text)
    UART5_IRQHandler                         0x080001b7   Thumb Code     0  startup_stm32f407xx.o(.text)
    USART1_IRQHandler                        0x080001b7   Thumb Code     0  startup_stm32f407xx.o(.text)
    USART2_IRQHandler                        0x080001b7   Thumb Code     0  startup_stm32f407xx.o(.text)
    USART3_IRQHandler                        0x080001b7   Thumb Code     0  startup_stm32f407xx.o(.text)
    USART6_IRQHandler                        0x080001b7   Thumb Code     0  startup_stm32f407xx.o(.text)
    WWDG_IRQHandler                          0x080001b7   Thumb Code     0  startup_stm32f407xx.o(.text)
    __aeabi_uldivmod                         0x080001c1   Thumb Code    98  uldiv.o(.text)
    __aeabi_memset                           0x08000223   Thumb Code    14  memseta.o(.text)
    __aeabi_memset4                          0x08000223   Thumb Code     0  memseta.o(.text)
    __aeabi_memset8                          0x08000223   Thumb Code     0  memseta.o(.text)
    __aeabi_memclr                           0x08000231   Thumb Code     4  memseta.o(.text)
    __aeabi_memclr4                          0x08000231   Thumb Code     0  memseta.o(.text)
    __aeabi_memclr8                          0x08000231   Thumb Code     0  memseta.o(.text)
    _memset$wrapper                          0x08000235   Thumb Code    18  memseta.o(.text)
    __aeabi_llsl                             0x08000247   Thumb Code    30  llshl.o(.text)
    _ll_shift_l                              0x08000247   Thumb Code     0  llshl.o(.text)
    __aeabi_llsr                             0x08000265   Thumb Code    32  llushr.o(.text)
    _ll_ushift_r                             0x08000265   Thumb Code     0  llushr.o(.text)
    __scatterload                            0x08000285   Thumb Code    38  init.o(.text)
    __scatterload_rt2                        0x08000285   Thumb Code     0  init.o(.text)
    BusFault_Handler                         0x080002b5   Thumb Code     2  stm32f4xx_it.o(.text.BusFault_Handler)
    DebugMon_Handler                         0x080002b9   Thumb Code     2  stm32f4xx_it.o(.text.DebugMon_Handler)
    FATFS_LinkDriver                         0x080002bd   Thumb Code    76  ff_gen_drv.o(.text.FATFS_LinkDriver)
    HAL_Delay                                0x08000309   Thumb Code    40  stm32f4xx_hal.o(.text.HAL_Delay)
    HAL_GPIO_Init                            0x08000331   Thumb Code   408  stm32f4xx_hal_gpio.o(.text.HAL_GPIO_Init)
    HAL_GPIO_ReadPin                         0x080004c9   Thumb Code    10  stm32f4xx_hal_gpio.o(.text.HAL_GPIO_ReadPin)
    HAL_GPIO_WritePin                        0x080004d5   Thumb Code    10  stm32f4xx_hal_gpio.o(.text.HAL_GPIO_WritePin)
    HAL_GetTick                              0x080004e1   Thumb Code    12  stm32f4xx_hal.o(.text.HAL_GetTick)
    HAL_IncTick                              0x080004ed   Thumb Code    26  stm32f4xx_hal.o(.text.HAL_IncTick)
    HAL_Init                                 0x08000509   Thumb Code    54  stm32f4xx_hal.o(.text.HAL_Init)
    HAL_InitTick                             0x08000541   Thumb Code    80  stm32f4xx_hal.o(.text.HAL_InitTick)
    HAL_MspInit                              0x08000591   Thumb Code    56  stm32f4xx_hal_msp.o(.text.HAL_MspInit)
    HAL_NVIC_SetPriority                     0x080005c9   Thumb Code    86  stm32f4xx_hal_cortex.o(.text.HAL_NVIC_SetPriority)
    HAL_NVIC_SetPriorityGrouping             0x08000621   Thumb Code    32  stm32f4xx_hal_cortex.o(.text.HAL_NVIC_SetPriorityGrouping)
    HAL_RCC_ClockConfig                      0x08000641   Thumb Code   352  stm32f4xx_hal_rcc.o(.text.HAL_RCC_ClockConfig)
    HAL_RCC_GetPCLK1Freq                     0x080007a1   Thumb Code    38  stm32f4xx_hal_rcc.o(.text.HAL_RCC_GetPCLK1Freq)
    HAL_RCC_GetPCLK2Freq                     0x080007c9   Thumb Code    38  stm32f4xx_hal_rcc.o(.text.HAL_RCC_GetPCLK2Freq)
    HAL_RCC_GetSysClockFreq                  0x080007f1   Thumb Code   106  stm32f4xx_hal_rcc.o(.text.HAL_RCC_GetSysClockFreq)
    HAL_RCC_OscConfig                        0x0800085d   Thumb Code   852  stm32f4xx_hal_rcc.o(.text.HAL_RCC_OscConfig)
    HAL_SPI_GetState                         0x08000bb1   Thumb Code     6  stm32f4xx_hal_spi.o(.text.HAL_SPI_GetState)
    HAL_SPI_Init                             0x08000bb9   Thumb Code   180  stm32f4xx_hal_spi.o(.text.HAL_SPI_Init)
    HAL_SPI_MspInit                          0x08000c6d   Thumb Code   116  stm32f4xx_hal_msp.o(.text.HAL_SPI_MspInit)
    HAL_SPI_Transmit                         0x08000ce1   Thumb Code   446  stm32f4xx_hal_spi.o(.text.HAL_SPI_Transmit)
    HAL_SPI_TransmitReceive                  0x08000ea1   Thumb Code   548  stm32f4xx_hal_spi.o(.text.HAL_SPI_TransmitReceive)
    HAL_SYSTICK_Config                       0x080010c5   Thumb Code    44  stm32f4xx_hal_cortex.o(.text.HAL_SYSTICK_Config)
    HAL_UART_Init                            0x080010f1   Thumb Code    94  stm32f4xx_hal_uart.o(.text.HAL_UART_Init)
    HAL_UART_MspInit                         0x08001151   Thumb Code   116  stm32f4xx_hal_msp.o(.text.HAL_UART_MspInit)
    HAL_UART_Transmit                        0x080011c5   Thumb Code   376  stm32f4xx_hal_uart.o(.text.HAL_UART_Transmit)
    HardFault_Handler                        0x0800133d   Thumb Code     2  stm32f4xx_it.o(.text.HardFault_Handler)
    MX_FATFS_Init                            0x08001341   Thumb Code    34  fatfs.o(.text.MX_FATFS_Init)
    MY_APP                                   0x08001365   Thumb Code    96  myapp.o(.text.MY_APP)
    MemManage_Handler                        0x08001411   Thumb Code     2  stm32f4xx_it.o(.text.MemManage_Handler)
    NMI_Handler                              0x08001415   Thumb Code     2  stm32f4xx_it.o(.text.NMI_Handler)
    PendSV_Handler                           0x08001419   Thumb Code     2  stm32f4xx_it.o(.text.PendSV_Handler)
    SVC_Handler                              0x080014ed   Thumb Code     2  stm32f4xx_it.o(.text.SVC_Handler)
    SysTick_Handler                          0x080014f1   Thumb Code     4  stm32f4xx_it.o(.text.SysTick_Handler)
    SystemClock_Config                       0x080014f5   Thumb Code   166  main.o(.text.SystemClock_Config)
    SystemInit                               0x0800159d   Thumb Code    18  system_stm32f4xx.o(.text.SystemInit)
    Test_FatFs_Read                          0x080015b1   Thumb Code   132  myapp.o(.text.Test_FatFs_Read)
    Test_FatFs_Write                         0x080016bd   Thumb Code   132  myapp.o(.text.Test_FatFs_Write)
    USER_initialize                          0x08001891   Thumb Code   606  user_diskio.o(.text.USER_initialize)
    USER_ioctl                               0x08001af1   Thumb Code   526  user_diskio.o(.text.USER_ioctl)
    USER_read                                0x08001d01   Thumb Code   238  user_diskio.o(.text.USER_read)
    USER_status                              0x08001df1   Thumb Code    20  user_diskio.o(.text.USER_status)
    USER_write                               0x08001e05   Thumb Code   304  user_diskio.o(.text.USER_write)
    UsageFault_Handler                       0x08001f35   Thumb Code     2  stm32f4xx_it.o(.text.UsageFault_Handler)
    disk_initialize                          0x08002699   Thumb Code    36  diskio.o(.text.disk_initialize)
    disk_ioctl                               0x080026bd   Thumb Code    22  diskio.o(.text.disk_ioctl)
    disk_read                                0x080026d5   Thumb Code    32  diskio.o(.text.disk_read)
    disk_status                              0x080026f5   Thumb Code    22  diskio.o(.text.disk_status)
    disk_write                               0x0800270d   Thumb Code    32  diskio.o(.text.disk_write)
    f_close                                  0x0800272d   Thumb Code   126  ff.o(.text.f_close)
    f_mount                                  0x080027ad   Thumb Code   168  ff.o(.text.f_mount)
    f_open                                   0x08002855   Thumb Code   972  ff.o(.text.f_open)
    f_read                                   0x08002c21   Thumb Code   514  ff.o(.text.f_read)
    f_sync                                   0x08002e25   Thumb Code   200  ff.o(.text.f_sync)
    f_write                                  0x08002eed   Thumb Code   566  ff.o(.text.f_write)
    ff_convert                               0x08003125   Thumb Code    74  ccsbcs.o(.text.ff_convert)
    ff_wtoupper                              0x08003171   Thumb Code   192  ccsbcs.o(.text.ff_wtoupper)
    fputc                                    0x080038e1   Thumb Code    32  myapp.o(.text.fputc)
    get_fattime                              0x080039d1   Thumb Code     4  fatfs.o(.text.get_fattime)
    main                                     0x080039d5   Thumb Code   406  main.o(.text.main)
    __0printf$bare                           0x080044dd   Thumb Code     8  printfb.o(i.__0printf$bare)
    __1printf$bare                           0x080044dd   Thumb Code     0  printfb.o(i.__0printf$bare)
    __2printf                                0x080044dd   Thumb Code     0  printfb.o(i.__0printf$bare)
    __scatterload_copy                       0x080044ed   Thumb Code    14  handlers.o(i.__scatterload_copy)
    __scatterload_null                       0x080044fb   Thumb Code     2  handlers.o(i.__scatterload_null)
    __scatterload_zeroinit                   0x080044fd   Thumb Code    14  handlers.o(i.__scatterload_zeroinit)
    AHBPrescTable                            0x0800452c   Data          16  system_stm32f4xx.o(.rodata.AHBPrescTable)
    APBPrescTable                            0x0800453c   Data           8  system_stm32f4xx.o(.rodata.APBPrescTable)
    Region$$Table$$Base                      0x080049c4   Number         0  anon$$obj.o(Region$$Table)
    Region$$Table$$Limit                     0x080049e4   Number         0  anon$$obj.o(Region$$Table)
    __stdout                                 0x20000000   Data           4  stdout.o(.data)
    SystemCoreClock                          0x20000008   Data           4  system_stm32f4xx.o(.data.SystemCoreClock)
    USER_Driver                              0x2000000c   Data          20  user_diskio.o(.data.USER_Driver)
    uwTickFreq                               0x20000020   Data           1  stm32f4xx_hal.o(.data.uwTickFreq)
    uwTickPrio                               0x20000024   Data           4  stm32f4xx_hal.o(.data.uwTickPrio)
    wtext                                    0x20000028   Data          33  myapp.o(.data.wtext)
    USERFatFS                                0x20000148   Data         564  fatfs.o(.bss.USERFatFS)
    USERFile                                 0x2000037c   Data         560  fatfs.o(.bss.USERFile)
    USERPath                                 0x200005ac   Data           4  fatfs.o(.bss.USERPath)
    bytesread                                0x200005b0   Data           4  myapp.o(.bss.bytesread)
    byteswritten                             0x200005b4   Data           4  myapp.o(.bss.byteswritten)
    disk                                     0x200005b8   Data          12  ff_gen_drv.o(.bss.disk)
    hspi3                                    0x200005c4   Data          88  main.o(.bss.hspi3)
    huart1                                   0x2000061c   Data          68  main.o(.bss.huart1)
    retUSER                                  0x20000660   Data           1  fatfs.o(.bss.retUSER)
    rtext                                    0x20000661   Data         100  myapp.o(.bss.rtext)
    uwTick                                   0x200006c8   Data           4  stm32f4xx_hal.o(.bss.uwTick)
    __initial_sp                             0x20000ed0   Data           0  startup_stm32f407xx.o(STACK)



==============================================================================

Memory Map of the image

  Image Entry point : 0x08000189

  Load Region LR_IROM1 (Base: 0x08000000, Size: 0x00004a38, Max: 0x00100000, ABSOLUTE)

    Execution Region ER_IROM1 (Exec base: 0x08000000, Load base: 0x08000000, Size: 0x000049e4, Max: 0x00100000, ABSOLUTE)

    Exec Addr    Load Addr    Size         Type   Attr      Idx    E Section Name        Object

    0x08000000   0x08000000   0x00000188   Data   RO            3    RESET               startup_stm32f407xx.o
    0x08000188   0x08000188   0x00000000   Code   RO          929  * .ARM.Collect$$$$00000000  mc_w.l(entry.o)
    0x08000188   0x08000188   0x00000004   Code   RO         1202    .ARM.Collect$$$$00000001  mc_w.l(entry2.o)
    0x0800018c   0x0800018c   0x00000004   Code   RO         1205    .ARM.Collect$$$$00000004  mc_w.l(entry5.o)
    0x08000190   0x08000190   0x00000000   Code   RO         1207    .ARM.Collect$$$$00000008  mc_w.l(entry7b.o)
    0x08000190   0x08000190   0x00000000   Code   RO         1209    .ARM.Collect$$$$0000000A  mc_w.l(entry8b.o)
    0x08000190   0x08000190   0x00000008   Code   RO         1210    .ARM.Collect$$$$0000000B  mc_w.l(entry9a.o)
    0x08000198   0x08000198   0x00000000   Code   RO         1212    .ARM.Collect$$$$0000000D  mc_w.l(entry10a.o)
    0x08000198   0x08000198   0x00000000   Code   RO         1214    .ARM.Collect$$$$0000000F  mc_w.l(entry11a.o)
    0x08000198   0x08000198   0x00000004   Code   RO         1203    .ARM.Collect$$$$00002712  mc_w.l(entry2.o)
    0x0800019c   0x0800019c   0x00000024   Code   RO            4    .text               startup_stm32f407xx.o
    0x080001c0   0x080001c0   0x00000062   Code   RO          932    .text               mc_w.l(uldiv.o)
    0x08000222   0x08000222   0x00000024   Code   RO          936    .text               mc_w.l(memseta.o)
    0x08000246   0x08000246   0x0000001e   Code   RO         1228    .text               mc_w.l(llshl.o)
    0x08000264   0x08000264   0x00000020   Code   RO         1230    .text               mc_w.l(llushr.o)
    0x08000284   0x08000284   0x00000030   Code   RO         1243    .text               mc_w.l(init.o)
    0x080002b4   0x080002b4   0x00000002   Code   RO           34    .text.BusFault_Handler  stm32f4xx_it.o
    0x080002b6   0x080002b6   0x00000002   PAD
    0x080002b8   0x080002b8   0x00000002   Code   RO           40    .text.DebugMon_Handler  stm32f4xx_it.o
    0x080002ba   0x080002ba   0x00000002   PAD
    0x080002bc   0x080002bc   0x0000004c   Code   RO          898    .text.FATFS_LinkDriver  ff_gen_drv.o
    0x08000308   0x08000308   0x00000028   Code   RO          380    .text.HAL_Delay     stm32f4xx_hal.o
    0x08000330   0x08000330   0x00000198   Code   RO          181    .text.HAL_GPIO_Init  stm32f4xx_hal_gpio.o
    0x080004c8   0x080004c8   0x0000000a   Code   RO          185    .text.HAL_GPIO_ReadPin  stm32f4xx_hal_gpio.o
    0x080004d2   0x080004d2   0x00000002   PAD
    0x080004d4   0x080004d4   0x0000000a   Code   RO          187    .text.HAL_GPIO_WritePin  stm32f4xx_hal_gpio.o
    0x080004de   0x080004de   0x00000002   PAD
    0x080004e0   0x080004e0   0x0000000c   Code   RO          372    .text.HAL_GetTick   stm32f4xx_hal.o
    0x080004ec   0x080004ec   0x0000001a   Code   RO          370    .text.HAL_IncTick   stm32f4xx_hal.o
    0x08000506   0x08000506   0x00000002   PAD
    0x08000508   0x08000508   0x00000036   Code   RO          360    .text.HAL_Init      stm32f4xx_hal.o
    0x0800053e   0x0800053e   0x00000002   PAD
    0x08000540   0x08000540   0x00000050   Code   RO          362    .text.HAL_InitTick  stm32f4xx_hal.o
    0x08000590   0x08000590   0x00000038   Code   RO           53    .text.HAL_MspInit   stm32f4xx_hal_msp.o
    0x080005c8   0x080005c8   0x00000056   Code   RO          316    .text.HAL_NVIC_SetPriority  stm32f4xx_hal_cortex.o
    0x0800061e   0x0800061e   0x00000002   PAD
    0x08000620   0x08000620   0x00000020   Code   RO          314    .text.HAL_NVIC_SetPriorityGrouping  stm32f4xx_hal_cortex.o
    0x08000640   0x08000640   0x00000160   Code   RO           75    .text.HAL_RCC_ClockConfig  stm32f4xx_hal_rcc.o
    0x080007a0   0x080007a0   0x00000026   Code   RO           87    .text.HAL_RCC_GetPCLK1Freq  stm32f4xx_hal_rcc.o
    0x080007c6   0x080007c6   0x00000002   PAD
    0x080007c8   0x080007c8   0x00000026   Code   RO           89    .text.HAL_RCC_GetPCLK2Freq  stm32f4xx_hal_rcc.o
    0x080007ee   0x080007ee   0x00000002   PAD
    0x080007f0   0x080007f0   0x0000006a   Code   RO           77    .text.HAL_RCC_GetSysClockFreq  stm32f4xx_hal_rcc.o
    0x0800085a   0x0800085a   0x00000002   PAD
    0x0800085c   0x0800085c   0x00000354   Code   RO           73    .text.HAL_RCC_OscConfig  stm32f4xx_hal_rcc.o
    0x08000bb0   0x08000bb0   0x00000006   Code   RO          547    .text.HAL_SPI_GetState  stm32f4xx_hal_spi.o
    0x08000bb6   0x08000bb6   0x00000002   PAD
    0x08000bb8   0x08000bb8   0x000000b4   Code   RO          451    .text.HAL_SPI_Init  stm32f4xx_hal_spi.o
    0x08000c6c   0x08000c6c   0x00000074   Code   RO           55    .text.HAL_SPI_MspInit  stm32f4xx_hal_msp.o
    0x08000ce0   0x08000ce0   0x000001be   Code   RO          459    .text.HAL_SPI_Transmit  stm32f4xx_hal_spi.o
    0x08000e9e   0x08000e9e   0x00000002   PAD
    0x08000ea0   0x08000ea0   0x00000224   Code   RO          463    .text.HAL_SPI_TransmitReceive  stm32f4xx_hal_spi.o
    0x080010c4   0x080010c4   0x0000002c   Code   RO          326    .text.HAL_SYSTICK_Config  stm32f4xx_hal_cortex.o
    0x080010f0   0x080010f0   0x0000005e   Code   RO          567    .text.HAL_UART_Init  stm32f4xx_hal_uart.o
    0x0800114e   0x0800114e   0x00000002   PAD
    0x08001150   0x08001150   0x00000074   Code   RO           59    .text.HAL_UART_MspInit  stm32f4xx_hal_msp.o
    0x080011c4   0x080011c4   0x00000178   Code   RO          583    .text.HAL_UART_Transmit  stm32f4xx_hal_uart.o
    0x0800133c   0x0800133c   0x00000002   Code   RO           30    .text.HardFault_Handler  stm32f4xx_it.o
    0x0800133e   0x0800133e   0x00000002   PAD
    0x08001340   0x08001340   0x00000022   Code   RO          769    .text.MX_FATFS_Init  fatfs.o
    0x08001362   0x08001362   0x00000002   PAD
    0x08001364   0x08001364   0x000000ac   Code   RO          714    .text.MY_APP        myapp.o
    0x08001410   0x08001410   0x00000002   Code   RO           32    .text.MemManage_Handler  stm32f4xx_it.o
    0x08001412   0x08001412   0x00000002   PAD
    0x08001414   0x08001414   0x00000002   Code   RO           28    .text.NMI_Handler   stm32f4xx_it.o
    0x08001416   0x08001416   0x00000002   PAD
    0x08001418   0x08001418   0x00000002   Code   RO           42    .text.PendSV_Handler  stm32f4xx_it.o
    0x0800141a   0x0800141a   0x00000002   PAD
    0x0800141c   0x0800141c   0x000000ce   Code   RO          557    .text.SPI_WaitFlagStateUntilTimeout  stm32f4xx_hal_spi.o
    0x080014ea   0x080014ea   0x00000002   PAD
    0x080014ec   0x080014ec   0x00000002   Code   RO           38    .text.SVC_Handler   stm32f4xx_it.o
    0x080014ee   0x080014ee   0x00000002   PAD
    0x080014f0   0x080014f0   0x00000004   Code   RO           44    .text.SysTick_Handler  stm32f4xx_it.o
    0x080014f4   0x080014f4   0x000000a6   Code   RO           13    .text.SystemClock_Config  main.o
    0x0800159a   0x0800159a   0x00000002   PAD
    0x0800159c   0x0800159c   0x00000012   Code   RO          687    .text.SystemInit    system_stm32f4xx.o
    0x080015ae   0x080015ae   0x00000002   PAD
    0x080015b0   0x080015b0   0x0000010c   Code   RO          712    .text.Test_FatFs_Read  myapp.o
    0x080016bc   0x080016bc   0x000000ec   Code   RO          710    .text.Test_FatFs_Write  myapp.o
    0x080017a8   0x080017a8   0x000000e8   Code   RO          571    .text.UART_SetConfig  stm32f4xx_hal_uart.o
    0x08001890   0x08001890   0x0000025e   Code   RO          735    .text.USER_initialize  user_diskio.o
    0x08001aee   0x08001aee   0x00000002   PAD
    0x08001af0   0x08001af0   0x0000020e   Code   RO          743    .text.USER_ioctl    user_diskio.o
    0x08001cfe   0x08001cfe   0x00000002   PAD
    0x08001d00   0x08001d00   0x000000ee   Code   RO          739    .text.USER_read     user_diskio.o
    0x08001dee   0x08001dee   0x00000002   PAD
    0x08001df0   0x08001df0   0x00000014   Code   RO          737    .text.USER_status   user_diskio.o
    0x08001e04   0x08001e04   0x00000130   Code   RO          741    .text.USER_write    user_diskio.o
    0x08001f34   0x08001f34   0x00000002   Code   RO           36    .text.UsageFault_Handler  stm32f4xx_it.o
    0x08001f36   0x08001f36   0x00000002   PAD
    0x08001f38   0x08001f38   0x000000ce   Code   RO          826    .text.create_chain  ff.o
    0x08002006   0x08002006   0x00000002   PAD
    0x08002008   0x08002008   0x000001ae   Code   RO          876    .text.dir_find      ff.o
    0x080021b6   0x080021b6   0x00000002   PAD
    0x080021b8   0x080021b8   0x00000164   Code   RO          848    .text.dir_next      ff.o
    0x0800231c   0x0800231c   0x000002dc   Code   RO          812    .text.dir_register  ff.o
    0x080025f8   0x080025f8   0x000000a0   Code   RO          838    .text.dir_sdi       ff.o
    0x08002698   0x08002698   0x00000024   Code   RO          786    .text.disk_initialize  diskio.o
    0x080026bc   0x080026bc   0x00000016   Code   RO          792    .text.disk_ioctl    diskio.o
    0x080026d2   0x080026d2   0x00000002   PAD
    0x080026d4   0x080026d4   0x00000020   Code   RO          788    .text.disk_read     diskio.o
    0x080026f4   0x080026f4   0x00000016   Code   RO          784    .text.disk_status   diskio.o
    0x0800270a   0x0800270a   0x00000002   PAD
    0x0800270c   0x0800270c   0x00000020   Code   RO          790    .text.disk_write    diskio.o
    0x0800272c   0x0800272c   0x0000007e   Code   RO          832    .text.f_close       ff.o
    0x080027aa   0x080027aa   0x00000002   PAD
    0x080027ac   0x080027ac   0x000000a8   Code   RO          804    .text.f_mount       ff.o
    0x08002854   0x08002854   0x000003cc   Code   RO          808    .text.f_open        ff.o
    0x08002c20   0x08002c20   0x00000202   Code   RO          822    .text.f_read        ff.o
    0x08002e22   0x08002e22   0x00000002   PAD
    0x08002e24   0x08002e24   0x000000c8   Code   RO          828    .text.f_sync        ff.o
    0x08002eec   0x08002eec   0x00000236   Code   RO          824    .text.f_write       ff.o
    0x08003122   0x08003122   0x00000002   PAD
    0x08003124   0x08003124   0x0000004a   Code   RO          916    .text.ff_convert    ccsbcs.o
    0x0800316e   0x0800316e   0x00000002   PAD
    0x08003170   0x08003170   0x000000c0   Code   RO          918    .text.ff_wtoupper   ccsbcs.o
    0x08003230   0x08003230   0x00000392   Code   RO          806    .text.find_volume   ff.o
    0x080035c2   0x080035c2   0x00000002   PAD
    0x080035c4   0x080035c4   0x0000031c   Code   RO          810    .text.follow_path   ff.o
    0x080038e0   0x080038e0   0x00000020   Code   RO          704    .text.fputc         myapp.o
    0x08003900   0x08003900   0x000000ce   Code   RO          820    .text.get_fat       ff.o
    0x080039ce   0x080039ce   0x00000002   PAD
    0x080039d0   0x080039d0   0x00000004   Code   RO          771    .text.get_fattime   fatfs.o
    0x080039d4   0x080039d4   0x00000196   Code   RO           11    .text.main          main.o
    0x08003b6a   0x08003b6a   0x00000002   PAD
    0x08003b6c   0x08003b6c   0x0000008a   Code   RO          816    .text.move_window   ff.o
    0x08003bf6   0x08003bf6   0x00000002   PAD
    0x08003bf8   0x08003bf8   0x00000142   Code   RO          745    .text.power_on      user_diskio.o
    0x08003d3a   0x08003d3a   0x00000002   PAD
    0x08003d3c   0x08003d3c   0x0000010e   Code   RO          878    .text.put_fat       ff.o
    0x08003e4a   0x08003e4a   0x00000002   PAD
    0x08003e4c   0x08003e4c   0x00000166   Code   RO          749    .text.rcvr_datablock  user_diskio.o
    0x08003fb2   0x08003fb2   0x00000002   PAD
    0x08003fb4   0x08003fb4   0x000001b2   Code   RO          747    .text.send_cmd      user_diskio.o
    0x08004166   0x08004166   0x00000002   PAD
    0x08004168   0x08004168   0x000000d2   Code   RO          830    .text.sync_fs       ff.o
    0x0800423a   0x0800423a   0x00000002   PAD
    0x0800423c   0x0800423c   0x00000052   Code   RO          860    .text.sync_window   ff.o
    0x0800428e   0x0800428e   0x00000002   PAD
    0x08004290   0x08004290   0x00000098   Code   RO          753    .text.wait_ready    user_diskio.o
    0x08004328   0x08004328   0x000001b4   Code   RO          751    .text.xmit_datablock  user_diskio.o
    0x080044dc   0x080044dc   0x00000010   Code   RO          943    i.__0printf$bare    mc_w.l(printfb.o)
    0x080044ec   0x080044ec   0x0000000e   Code   RO         1251    i.__scatterload_copy  mc_w.l(handlers.o)
    0x080044fa   0x080044fa   0x00000002   Code   RO         1252    i.__scatterload_null  mc_w.l(handlers.o)
    0x080044fc   0x080044fc   0x0000000e   Code   RO         1253    i.__scatterload_zeroinit  mc_w.l(handlers.o)
    0x0800450a   0x0800450a   0x00000022   Code   RO          950    i._printf_core      mc_w.l(printfb.o)
    0x0800452c   0x0800452c   0x00000010   Data   RO          692    .rodata.AHBPrescTable  system_stm32f4xx.o
    0x0800453c   0x0800453c   0x00000008   Data   RO          693    .rodata.APBPrescTable  system_stm32f4xx.o
    0x08004544   0x08004544   0x00000080   Data   RO          886    .rodata.ExCvt       ff.o
    0x080045c4   0x080045c4   0x0000000d   Data   RO          887    .rodata.LfnOfs      ff.o
    0x080045d1   0x080045d1   0x00000001   PAD
    0x080045d2   0x080045d2   0x00000100   Data   RO          920    .rodata.Tbl         ccsbcs.o
    0x080046d2   0x080046d2   0x0000000a   Data   RO          723    .rodata.str1.1      myapp.o
    0x080046dc   0x080046dc   0x00000038   Data   RO          882    .rodata.str1.1      ff.o
    0x08004714   0x08004714   0x000002ae   Data   RO          921    .rodata.str2.2      ccsbcs.o
    0x080049c2   0x080049c2   0x00000002   PAD
    0x080049c4   0x080049c4   0x00000020   Data   RO         1250    Region$$Table       anon$$obj.o


    Execution Region RW_IRAM1 (Exec base: 0x20000000, Load base: 0x080049e8, Size: 0x00000ed0, Max: 0x0001c000, ABSOLUTE)

    Exec Addr    Load Addr    Size         Type   Attr      Idx    E Section Name        Object

    0x20000000   0x080049e8   0x00000004   Data   RW         1216    .data               mc_w.l(stdout.o)
    0x20000004   0x080049ec   0x00000001   Data   RW          756    .data.Stat          user_diskio.o
    0x20000005   0x080049ed   0x00000003   PAD
    0x20000008   0x080049f0   0x00000004   Data   RW          691    .data.SystemCoreClock  system_stm32f4xx.o
    0x2000000c   0x080049f4   0x00000014   Data   RW          755    .data.USER_Driver   user_diskio.o
    0x20000020   0x08004a08   0x00000001   Data   RW          415    .data.uwTickFreq    stm32f4xx_hal.o
    0x20000021   0x08004a09   0x00000003   PAD
    0x20000024   0x08004a0c   0x00000004   Data   RW          414    .data.uwTickPrio    stm32f4xx_hal.o
    0x20000028   0x08004a10   0x00000021   Data   RW          722    .data.wtext         myapp.o
    0x20000049   0x08004a31   0x00000007   PAD
    0x20000050        -       0x00000001   Zero   RW          758    .bss.CardType       user_diskio.o
    0x20000051   0x08004a31   0x00000003   PAD
    0x20000054        -       0x00000004   Zero   RW          880    .bss.FatFs          ff.o
    0x20000058        -       0x00000020   Zero   RW          883    .bss.Files          ff.o
    0x20000078        -       0x00000002   Zero   RW          884    .bss.Fsid           ff.o
    0x2000007a        -       0x000000ca   Zero   RW          885    .bss.LfnBuf         ff.o
    0x20000144        -       0x00000001   Zero   RW          759    .bss.PowerFlag      user_diskio.o
    0x20000145        -       0x00000001   Zero   RW          757    .bss.Timer1         user_diskio.o
    0x20000146        -       0x00000001   Zero   RW          760    .bss.Timer2         user_diskio.o
    0x20000147   0x08004a31   0x00000001   PAD
    0x20000148        -       0x00000234   Zero   RW          775    .bss.USERFatFS      fatfs.o
    0x2000037c        -       0x00000230   Zero   RW          776    .bss.USERFile       fatfs.o
    0x200005ac        -       0x00000004   Zero   RW          773    .bss.USERPath       fatfs.o
    0x200005b0        -       0x00000004   Zero   RW          726    .bss.bytesread      myapp.o
    0x200005b4        -       0x00000004   Zero   RW          724    .bss.byteswritten   myapp.o
    0x200005b8        -       0x0000000c   Zero   RW          906    .bss.disk           ff_gen_drv.o
    0x200005c4        -       0x00000058   Zero   RW           17    .bss.hspi3          main.o
    0x2000061c        -       0x00000044   Zero   RW           18    .bss.huart1         main.o
    0x20000660        -       0x00000001   Zero   RW          774    .bss.retUSER        fatfs.o
    0x20000661        -       0x00000064   Zero   RW          725    .bss.rtext          myapp.o
    0x200006c5   0x08004a31   0x00000003   PAD
    0x200006c8        -       0x00000004   Zero   RW          416    .bss.uwTick         stm32f4xx_hal.o
    0x200006cc   0x08004a31   0x00000004   PAD
    0x200006d0        -       0x00000800   Zero   RW            1    STACK               startup_stm32f407xx.o


    Execution Region RW_IRAM2 (Exec base: 0x2001c000, Load base: 0x08004a38, Size: 0x00000000, Max: 0x00004000, ABSOLUTE)

    **** No section assigned to this execution region ****


==============================================================================

Image component sizes


      Code (inc. data)   RO Data    RW Data    ZI Data      Debug   Object Name

       266         10        942          0          0       1889   ccsbcs.o
       144          0          0          0          0       1869   diskio.o
        38          0          0          0       1129       1974   fatfs.o
      7046          0        197          0        240      61662   ff.o
        76          0          0          0         12       3319   ff_gen_drv.o
       572          0          0          0        156       7482   main.o
       708        316         10         33        108       6664   myapp.o
        36          8        392          0       2048        828   startup_stm32f407xx.o
       212          0          0          5          4       7289   stm32f4xx_hal.o
       162          0          0          0          0      10464   stm32f4xx_hal_cortex.o
       428          0          0          0          0       5056   stm32f4xx_hal_gpio.o
       288          0          0          0          0       6298   stm32f4xx_hal_msp.o
      1386          0          0          0          0       7350   stm32f4xx_hal_rcc.o
      1386          0          0          0          0      23293   stm32f4xx_hal_spi.o
       702          0          0          0          0      26562   stm32f4xx_hal_uart.o
        20          0          0          0          0       1139   stm32f4xx_it.o
        18          0         24          4          0       2641   system_stm32f4xx.o
      3396         14          0         21          4      10387   user_diskio.o

    ----------------------------------------------------------------------
     16972        348       1600         72       3716     186166   Object Totals
         0          0         32          0          0          0   (incl. Generated)
        88          0          3          9         15          0   (incl. Padding)

    ----------------------------------------------------------------------

      Code (inc. data)   RO Data    RW Data    ZI Data      Debug   Library Member Name

         0          0          0          0          0          0   entry.o
         0          0          0          0          0          0   entry10a.o
         0          0          0          0          0          0   entry11a.o
         8          4          0          0          0          0   entry2.o
         4          0          0          0          0          0   entry5.o
         0          0          0          0          0          0   entry7b.o
         0          0          0          0          0          0   entry8b.o
         8          4          0          0          0          0   entry9a.o
        30          0          0          0          0          0   handlers.o
        48         10          0          0          0         68   init.o
        30          0          0          0          0         68   llshl.o
        32          0          0          0          0         68   llushr.o
        36          0          0          0          0        108   memseta.o
        50          8          0          0          0        152   printfb.o
         0          0          0          4          0          0   stdout.o
        98          0          0          0          0         92   uldiv.o

    ----------------------------------------------------------------------
       344         26          0          4          0        556   Library Totals
         0          0          0          0          0          0   (incl. Padding)

    ----------------------------------------------------------------------

      Code (inc. data)   RO Data    RW Data    ZI Data      Debug   Library Name

       344         26          0          4          0        556   mc_w.l

    ----------------------------------------------------------------------
       344         26          0          4          0        556   Library Totals

    ----------------------------------------------------------------------

==============================================================================


      Code (inc. data)   RO Data    RW Data    ZI Data      Debug   

     17316        374       1600         76       3716     186398   Grand Totals
     17316        374       1600         76       3716     186398   ELF Image Totals
     17316        374       1600         76          0          0   ROM Totals

==============================================================================

    Total RO  Size (Code + RO Data)                18916 (  18.47kB)
    Total RW  Size (RW Data + ZI Data)              3792 (   3.70kB)
    Total ROM Size (Code + RO Data + RW Data)      18992 (  18.55kB)

==============================================================================

