Component: Arm Compiler for Embedded 6.21 Tool: armlink [5ec1fa00]

==============================================================================

Section Cross References

    startup_stm32f407xx.o(RESET) refers to startup_stm32f407xx.o(STACK) for __initial_sp
    startup_stm32f407xx.o(RESET) refers to startup_stm32f407xx.o(.text) for Reset_Handler
    startup_stm32f407xx.o(RESET) refers to stm32f4xx_it.o(.text.NMI_Handler) for NMI_Handler
    startup_stm32f407xx.o(RESET) refers to stm32f4xx_it.o(.text.HardFault_Handler) for HardFault_Handler
    startup_stm32f407xx.o(RESET) refers to stm32f4xx_it.o(.text.MemManage_Handler) for MemManage_Handler
    startup_stm32f407xx.o(RESET) refers to stm32f4xx_it.o(.text.BusFault_Handler) for BusFault_Handler
    startup_stm32f407xx.o(RESET) refers to stm32f4xx_it.o(.text.UsageFault_Handler) for UsageFault_Handler
    startup_stm32f407xx.o(RESET) refers to stm32f4xx_it.o(.text.SVC_Handler) for SVC_Handler
    startup_stm32f407xx.o(RESET) refers to stm32f4xx_it.o(.text.DebugMon_Handler) for DebugMon_Handler
    startup_stm32f407xx.o(RESET) refers to stm32f4xx_it.o(.text.PendSV_Handler) for PendSV_Handler
    startup_stm32f407xx.o(RESET) refers to stm32f4xx_it.o(.text.SysTick_Handler) for SysTick_Handler
    startup_stm32f407xx.o(RESET) refers to stm32f4xx_it.o(.text.OTG_FS_IRQHandler) for OTG_FS_IRQHandler
    startup_stm32f407xx.o(.text) refers to system_stm32f4xx.o(.text.SystemInit) for SystemInit
    startup_stm32f407xx.o(.text) refers to entry.o(.ARM.Collect$$$$00000000) for __main
    main.o(.text.main) refers to stm32f4xx_hal.o(.text.HAL_Init) for HAL_Init
    main.o(.text.main) refers to main.o(.text.SystemClock_Config) for SystemClock_Config
    main.o(.text.main) refers to main.o(.text.MX_GPIO_Init) for MX_GPIO_Init
    main.o(.text.main) refers to main.o(.text.MX_USART1_UART_Init) for MX_USART1_UART_Init
    main.o(.text.main) refers to usb_device.o(.text.MX_USB_DEVICE_Init) for MX_USB_DEVICE_Init
    main.o(.ARM.exidx.text.main) refers to main.o(.text.main) for [Anonymous Symbol]
    main.o(.text.SystemClock_Config) refers to memseta.o(.text) for __aeabi_memclr4
    main.o(.text.SystemClock_Config) refers to stm32f4xx_hal_rcc.o(.text.HAL_RCC_OscConfig) for HAL_RCC_OscConfig
    main.o(.text.SystemClock_Config) refers to main.o(.text.Error_Handler) for Error_Handler
    main.o(.text.SystemClock_Config) refers to stm32f4xx_hal_rcc.o(.text.HAL_RCC_ClockConfig) for HAL_RCC_ClockConfig
    main.o(.ARM.exidx.text.SystemClock_Config) refers to main.o(.text.SystemClock_Config) for [Anonymous Symbol]
    main.o(.text.MX_GPIO_Init) refers to stm32f4xx_hal_gpio.o(.text.HAL_GPIO_WritePin) for HAL_GPIO_WritePin
    main.o(.text.MX_GPIO_Init) refers to stm32f4xx_hal_gpio.o(.text.HAL_GPIO_Init) for HAL_GPIO_Init
    main.o(.ARM.exidx.text.MX_GPIO_Init) refers to main.o(.text.MX_GPIO_Init) for [Anonymous Symbol]
    main.o(.text.MX_USART1_UART_Init) refers to main.o(.bss.huart1) for huart1
    main.o(.text.MX_USART1_UART_Init) refers to stm32f4xx_hal_uart.o(.text.HAL_UART_Init) for HAL_UART_Init
    main.o(.text.MX_USART1_UART_Init) refers to main.o(.text.Error_Handler) for Error_Handler
    main.o(.ARM.exidx.text.MX_USART1_UART_Init) refers to main.o(.text.MX_USART1_UART_Init) for [Anonymous Symbol]
    main.o(.ARM.exidx.text.Error_Handler) refers to main.o(.text.Error_Handler) for [Anonymous Symbol]
    stm32f4xx_it.o(.ARM.exidx.text.NMI_Handler) refers to stm32f4xx_it.o(.text.NMI_Handler) for [Anonymous Symbol]
    stm32f4xx_it.o(.ARM.exidx.text.HardFault_Handler) refers to stm32f4xx_it.o(.text.HardFault_Handler) for [Anonymous Symbol]
    stm32f4xx_it.o(.ARM.exidx.text.MemManage_Handler) refers to stm32f4xx_it.o(.text.MemManage_Handler) for [Anonymous Symbol]
    stm32f4xx_it.o(.ARM.exidx.text.BusFault_Handler) refers to stm32f4xx_it.o(.text.BusFault_Handler) for [Anonymous Symbol]
    stm32f4xx_it.o(.ARM.exidx.text.UsageFault_Handler) refers to stm32f4xx_it.o(.text.UsageFault_Handler) for [Anonymous Symbol]
    stm32f4xx_it.o(.ARM.exidx.text.SVC_Handler) refers to stm32f4xx_it.o(.text.SVC_Handler) for [Anonymous Symbol]
    stm32f4xx_it.o(.ARM.exidx.text.DebugMon_Handler) refers to stm32f4xx_it.o(.text.DebugMon_Handler) for [Anonymous Symbol]
    stm32f4xx_it.o(.ARM.exidx.text.PendSV_Handler) refers to stm32f4xx_it.o(.text.PendSV_Handler) for [Anonymous Symbol]
    stm32f4xx_it.o(.text.SysTick_Handler) refers to stm32f4xx_hal.o(.text.HAL_IncTick) for HAL_IncTick
    stm32f4xx_it.o(.ARM.exidx.text.SysTick_Handler) refers to stm32f4xx_it.o(.text.SysTick_Handler) for [Anonymous Symbol]
    stm32f4xx_it.o(.text.OTG_FS_IRQHandler) refers to usbd_conf.o(.bss.hpcd_USB_OTG_FS) for hpcd_USB_OTG_FS
    stm32f4xx_it.o(.text.OTG_FS_IRQHandler) refers to stm32f4xx_hal_pcd.o(.text.HAL_PCD_IRQHandler) for HAL_PCD_IRQHandler
    stm32f4xx_it.o(.ARM.exidx.text.OTG_FS_IRQHandler) refers to stm32f4xx_it.o(.text.OTG_FS_IRQHandler) for [Anonymous Symbol]
[...]
    RESET                                    0x08000000   Section      392  startup_stm32f407xx.o(RESET)
    .ARM.Collect$$$$00000000                 0x08000188   Section        0  entry.o(.ARM.Collect$$$$00000000)
    .ARM.Collect$$$$00000001                 0x08000188   Section        4  entry2.o(.ARM.Collect$$$$00000001)
    .ARM.Collect$$$$00000004                 0x0800018c   Section        4  entry5.o(.ARM.Collect$$$$00000004)
    .ARM.Collect$$$$00000008                 0x08000190   Section        0  entry7b.o(.ARM.Collect$$$$00000008)
    .ARM.Collect$$$$0000000A                 0x08000190   Section        0  entry8b.o(.ARM.Collect$$$$0000000A)
    .ARM.Collect$$$$0000000B                 0x08000190   Section        8  entry9a.o(.ARM.Collect$$$$0000000B)
    __lit__00000000                          0x08000198   Data           4  entry2.o(.ARM.Collect$$$$00002712)
    .ARM.Collect$$$$0000000D                 0x08000198   Section        0  entry10a.o(.ARM.Collect$$$$0000000D)
    .ARM.Collect$$$$0000000F                 0x08000198   Section        0  entry11a.o(.ARM.Collect$$$$0000000F)
    .ARM.Collect$$$$00002712                 0x08000198   Section        4  entry2.o(.ARM.Collect$$$$00002712)
    $v0                                      0x0800019c   Number         0  startup_stm32f407xx.o(.text)
    .text                                    0x0800019c   Section       36  startup_stm32f407xx.o(.text)
    .text                                    0x080001c0   Section        0  uldiv.o(.text)
    .text                                    0x08000222   Section        0  memseta.o(.text)
    .text                                    0x08000246   Section        0  llshl.o(.text)
    .text                                    0x08000264   Section        0  llushr.o(.text)
    .text                                    0x08000284   Section       48  init.o(.text)
    [Anonymous Symbol]                       0x080002b4   Section        0  stm32f4xx_it.o(.text.BusFault_Handler)
    [Anonymous Symbol]                       0x080002b8   Section        0  stm32f4xx_it.o(.text.DebugMon_Handler)
    [Anonymous Symbol]                       0x080002bc   Section        0  main.o(.text.Error_Handler)
    Get_SerialNum                            0x080002c5   Thumb Code    92  usbd_desc.o(.text.Get_SerialNum)
    [Anonymous Symbol]                       0x080002c4   Section        0  usbd_desc.o(.text.Get_SerialNum)
    [Anonymous Symbol]                       0x08000320   Section        0  stm32f4xx_hal.o(.text.HAL_Delay)
    [Anonymous Symbol]                       0x08000364   Section        0  stm32f4xx_hal_gpio.o(.text.HAL_GPIO_Init)
    [Anonymous Symbol]                       0x0800071c   Section        0  stm32f4xx_hal_gpio.o(.text.HAL_GPIO_WritePin)
    [Anonymous Symbol]                       0x0800074c   Section        0  stm32f4xx_hal.o(.text.HAL_GetTick)
    [Anonymous Symbol]                       0x08000758   Section        0  stm32f4xx_hal.o(.text.HAL_IncTick)
    [Anonymous Symbol]                       0x08000774   Section        0  stm32f4xx_hal.o(.text.HAL_Init)
    [Anonymous Symbol]                       0x080007ac   Section        0  stm32f4xx_hal.o(.text.HAL_InitTick)
    [Anonymous Symbol]                       0x0800081c   Section        0  stm32f4xx_hal_msp.o(.text.HAL_MspInit)
    [Anonymous Symbol]                       0x08000868   Section        0  stm32f4xx_hal_cortex.o(.text.HAL_NVIC_EnableIRQ)
    [Anonymous Symbol]                       0x0800087c   Section        0  stm32f4xx_hal_cortex.o(.text.HAL_NVIC_SetPriority)
    [Anonymous Symbol]                       0x080008b0   Section        0  stm32f4xx_hal_cortex.o(.text.HAL_NVIC_SetPriorityGrouping)
    [Anonymous Symbol]                       0x080008c0   Section        0  stm32f4xx_hal_pcd_ex.o(.text.HAL_PCDEx_LPM_Callback)
    [Anonymous Symbol]                       0x080008cc   Section        0  stm32f4xx_hal_pcd_ex.o(.text.HAL_PCDEx_SetRxFiFo)
    [Anonymous Symbol]                       0x080008e4   Section        0  stm32f4xx_hal_pcd_ex.o(.text.HAL_PCDEx_SetTxFiFo)
    [Anonymous Symbol]                       0x08000980   Section        0  usbd_conf.o(.text.HAL_PCD_ConnectCallback)
    [Anonymous Symbol]                       0x08000994   Section        0  usbd_conf.o(.text.HAL_PCD_DataInStageCallback)
    [Anonymous Symbol]                       0x080009bc   Section        0  usbd_conf.o(.text.HAL_PCD_DataOutStageCallback)
    [Anonymous Symbol]                       0x080009e4   Section        0  usbd_conf.o(.text.HAL_PCD_DisconnectCallback)
    [Anonymous Symbol]                       0x080009f8   Section        0  stm32f4xx_hal_pcd.o(.text.HAL_PCD_EP_Abort)
    [Anonymous Symbol]                       0x08000a58   Section        0  stm32f4xx_hal_pcd.o(.text.HAL_PCD_EP_Close)
    [Anonymous Symbol]                       0x08000b00   Section        0  stm32f4xx_hal_pcd.o(.text.HAL_PCD_EP_ClrStall)
    [Anonymous Symbol]                       0x08000bc8   Section        0  stm32f4xx_hal_pcd.o(.text.HAL_PCD_EP_Open)
    [Anonymous Symbol]                       0x08000cb4   Section        0  stm32f4xx_hal_pcd.o(.text.HAL_PCD_EP_Receive)
    [Anonymous Symbol]                       0x08000d3c   Section        0  stm32f4xx_hal_pcd.o(.text.HAL_PCD_EP_SetStall)
    [Anonymous Symbol]                       0x08000e1c   Section        0  stm32f4xx_hal_pcd.o(.text.HAL_PCD_EP_Transmit)
    [Anonymous Symbol]                       0x08000ea4   Section        0  stm32f4xx_hal_pcd.o(.text.HAL_PCD_IRQHandler)
    [Anonymous Symbol]                       0x080016e0   Section        0  usbd_conf.o(.text.HAL_PCD_ISOINIncompleteCallback)
    [Anonymous Symbol]                       0x080016fc   Section        0  usbd_conf.o(.text.HAL_PCD_ISOOUTIncompleteCallback)
    [Anonymous Symbol]                       0x08001718   Section        0  stm32f4xx_hal_pcd.o(.text.HAL_PCD_Init)
    [Anonymous Symbol]                       0x080019cc   Section        0  usbd_conf.o(.text.HAL_PCD_MspInit)
    [Anonymous Symbol]                       0x08001a7c   Section        0  usbd_conf.o(.text.HAL_PCD_ResetCallback)
    [Anonymous Symbol]                       0x08001ad0   Section        0  usbd_conf.o(.text.HAL_PCD_ResumeCallback)
    [Anonymous Symbol]                       0x08001ae4   Section        0  usbd_conf.o(.text.HAL_PCD_SOFCallback)
    [Anonymous Symbol]                       0x08001af8   Section        0  stm32f4xx_hal_pcd.o(.text.HAL_PCD_SetAddress)
    [Anonymous Symbol]                       0x08001b58   Section        0  usbd_conf.o(.text.HAL_PCD_SetupStageCallback)
    [Anonymous Symbol]                       0x08001b70   Section        0  stm32f4xx_hal_pcd.o(.text.HAL_PCD_Start)
    [Anonymous Symbol]                       0x08001bec   Section        0  usbd_conf.o(.text.HAL_PCD_SuspendCallback)
    [Anonymous Symbol]                       0x08001c2c   Section        0  stm32f4xx_hal_rcc.o(.text.HAL_RCC_ClockConfig)
    [Anonymous Symbol]                       0x08001e90   Section        0  stm32f4xx_hal_rcc.o(.text.HAL_RCC_GetHCLKFreq)
    [Anonymous Symbol]                       0x08001e9c   Section        0  stm32f4xx_hal_rcc.o(.text.HAL_RCC_GetPCLK1Freq)
    [Anonymous Symbol]                       0x08001ec0   Section        0  stm32f4xx_hal_rcc.o(.text.HAL_RCC_GetPCLK2Freq)
    [Anonymous Symbol]                       0x08001ee4   Section        0  stm32f4xx_hal_rcc.o(.text.HAL_RCC_GetSysClockFreq)
    [Anonymous Symbol]                       0x08001fcc   Section        0  stm32f4xx_hal_rcc.o(.text.HAL_RCC_OscConfig)
    [Anonymous Symbol]                       0x0800268c   Section        0  stm32f4xx_hal_cortex.o(.text.HAL_SYSTICK_Config)
    [Anonymous Symbol]                       0x0800269c   Section        0  stm32f4xx_hal_uart.o(.text.HAL_UART_Init)
    [Anonymous Symbol]                       0x08002738   Section        0  stm32f4xx_hal_msp.o(.text.HAL_UART_MspInit)
    [Anonymous Symbol]                       0x08002820   Section        0  stm32f4xx_it.o(.text.HardFault_Handler)
    IntToUnicode                             0x08002825   Thumb Code   122  usbd_desc.o(.text.IntToUnicode)
    [Anonymous Symbol]                       0x08002824   Section        0  usbd_desc.o(.text.IntToUnicode)
    MX_GPIO_Init                             0x080028a1   Thumb Code   296  main.o(.text.MX_GPIO_Init)
    [Anonymous Symbol]                       0x080028a0   Section        0  main.o(.text.MX_GPIO_Init)
    MX_USART1_UART_Init                      0x080029c9   Thumb Code    64  main.o(.text.MX_USART1_UART_Init)
    [Anonymous Symbol]                       0x080029c8   Section        0  main.o(.text.MX_USART1_UART_Init)
    [Anonymous Symbol]                       0x08002a08   Section        0  usb_device.o(.text.MX_USB_DEVICE_Init)
    [Anonymous Symbol]                       0x08002a60   Section        0  stm32f4xx_it.o(.text.MemManage_Handler)
    [Anonymous Symbol]                       0x08002a64   Section        0  stm32f4xx_it.o(.text.NMI_Handler)
    NVIC_EncodePriority                      0x08002a69   Thumb Code   108  stm32f4xx_hal_cortex.o(.text.NVIC_EncodePriority)
    [Anonymous Symbol]                       0x08002a68   Section        0  stm32f4xx_hal_cortex.o(.text.NVIC_EncodePriority)
    [Anonymous Symbol]                       0x08002ad4   Section        0  stm32f4xx_it.o(.text.OTG_FS_IRQHandler)
    PCD_EP_OutSetupPacket_int                0x08002ae5   Thumb Code   138  stm32f4xx_hal_pcd.o(.text.PCD_EP_OutSetupPacket_int)
    [Anonymous Symbol]                       0x08002ae4   Section        0  stm32f4xx_hal_pcd.o(.text.PCD_EP_OutSetupPacket_int)
    PCD_EP_OutXfrComplete_int                0x08002b71   Thumb Code   456  stm32f4xx_hal_pcd.o(.text.PCD_EP_OutXfrComplete_int)
    [Anonymous Symbol]                       0x08002b70   Section        0  stm32f4xx_hal_pcd.o(.text.PCD_EP_OutXfrComplete_int)
    PCD_WriteEmptyTxFifo                     0x08002d39   Thumb Code   306  stm32f4xx_hal_pcd.o(.text.PCD_WriteEmptyTxFifo)
    [Anonymous Symbol]                       0x08002d38   Section        0  stm32f4xx_hal_pcd.o(.text.PCD_WriteEmptyTxFifo)
    [Anonymous Symbol]                       0x08002e6c   Section        0  stm32f4xx_it.o(.text.PendSV_Handler)
    [Anonymous Symbol]                       0x08002e70   Section        0  stm32f4xx_it.o(.text.SVC_Handler)
    SWAPBYTE                                 0x08002e75   Thumb Code    54  usbd_ctlreq.o(.text.SWAPBYTE)
    [Anonymous Symbol]                       0x08002e74   Section        0  usbd_ctlreq.o(.text.SWAPBYTE)
    SysTick_Config                           0x08002ead   Thumb Code    82  stm32f4xx_hal_cortex.o(.text.SysTick_Config)
    [Anonymous Symbol]                       0x08002eac   Section        0  stm32f4xx_hal_cortex.o(.text.SysTick_Config)
    [Anonymous Symbol]                       0x08002f00   Section        0  stm32f4xx_it.o(.text.SysTick_Handler)
    [Anonymous Symbol]                       0x08002f08   Section        0  main.o(.text.SystemClock_Config)
    [Anonymous Symbol]                       0x08002fc0   Section        0  system_stm32f4xx.o(.text.SystemInit)
    UART_SetConfig                           0x08002fd5   Thumb Code   314  stm32f4xx_hal_uart.o(.text.UART_SetConfig)
    [Anonymous Symbol]                       0x08002fd4   Section        0  stm32f4xx_hal_uart.o(.text.UART_SetConfig)
    [Anonymous Symbol]                       0x08003110   Section        0  usbd_core.o(.text.USBD_ClrClassConfig)
    USBD_ClrFeature                          0x08003145   Thumb Code    64  usbd_ctlreq.o(.text.USBD_ClrFeature)
    [Anonymous Symbol]                       0x08003144   Section        0  usbd_ctlreq.o(.text.USBD_ClrFeature)
    [Anonymous Symbol]                       0x08003184   Section        0  usbd_core.o(.text.USBD_CoreFindEP)
    [Anonymous Symbol]                       0x08003194   Section        0  usbd_core.o(.text.USBD_CoreFindIF)
    [Anonymous Symbol]                       0x080031a4   Section        0  usbd_ioreq.o(.text.USBD_CtlContinueRx)
    [Anonymous Symbol]                       0x080031c4   Section        0  usbd_ioreq.o(.text.USBD_CtlContinueSendData)
    [Anonymous Symbol]                       0x080031e4   Section        0  usbd_ctlreq.o(.text.USBD_CtlError)
    [Anonymous Symbol]                       0x08003200   Section        0  usbd_ioreq.o(.text.USBD_CtlReceiveStatus)
    [Anonymous Symbol]                       0x08003224   Section        0  usbd_ioreq.o(.text.USBD_CtlSendData)
    [Anonymous Symbol]                       0x08003258   Section        0  usbd_ioreq.o(.text.USBD_CtlSendStatus)
    [Anonymous Symbol]                       0x0800327c   Section        0  usbd_desc.o(.text.USBD_FS_ConfigStrDescriptor)
    [Anonymous Symbol]                       0x080032cc   Section        0  usbd_desc.o(.text.USBD_FS_DeviceDescriptor)
    [Anonymous Symbol]                       0x080032e8   Section        0  usbd_desc.o(.text.USBD_FS_InterfaceStrDescriptor)
    [Anonymous Symbol]                       0x08003338   Section        0  usbd_desc.o(.text.USBD_FS_LangIDStrDescriptor)
    [Anonymous Symbol]                       0x08003354   Section        0  usbd_desc.o(.text.USBD_FS_ManufacturerStrDescriptor)
    [Anonymous Symbol]                       0x0800337c   Section        0  usbd_desc.o(.text.USBD_FS_ProductStrDescriptor)
    [Anonymous Symbol]                       0x080033cc   Section        0  usbd_desc.o(.text.USBD_FS_SerialStrDescriptor)
    USBD_GetConfig                           0x080033ed   Thumb Code   100  usbd_ctlreq.o(.text.USBD_GetConfig)
    [Anonymous Symbol]                       0x080033ec   Section        0  usbd_ctlreq.o(.text.USBD_GetConfig)
    USBD_GetDescriptor                       0x08003451   Thumb Code   728  usbd_ctlreq.o(.text.USBD_GetDescriptor)
    [Anonymous Symbol]                       0x08003450   Section        0  usbd_ctlreq.o(.text.USBD_GetDescriptor)
    [Anonymous Symbol]                       0x08003728   Section        0  usbd_core.o(.text.USBD_GetEpDesc)
    USBD_GetLen                              0x080037a1   Thumb Code    50  usbd_ctlreq.o(.text.USBD_GetLen)
    [Anonymous Symbol]                       0x080037a0   Section        0  usbd_ctlreq.o(.text.USBD_GetLen)
    [Anonymous Symbol]                       0x080037d4   Section        0  usbd_core.o(.text.USBD_GetNextDesc)
    USBD_GetStatus                           0x080037fd   Thumb Code    98  usbd_ctlreq.o(.text.USBD_GetStatus)
    [Anonymous Symbol]                       0x080037fc   Section        0  usbd_ctlreq.o(.text.USBD_GetStatus)
    [Anonymous Symbol]                       0x08003860   Section        0  usbd_ctlreq.o(.text.USBD_GetString)
    [Anonymous Symbol]                       0x080038f8   Section        0  usbd_conf.o(.text.USBD_Get_USB_Status)
    USBD_HID_DataIn                          0x0800394d   Thumb Code    30  usbd_hid.o(.text.USBD_HID_DataIn)
    [Anonymous Symbol]                       0x0800394c   Section        0  usbd_hid.o(.text.USBD_HID_DataIn)
    USBD_HID_DeInit                          0x0800396d   Thumb Code   128  usbd_hid.o(.text.USBD_HID_DeInit)
    [Anonymous Symbol]                       0x0800396c   Section        0  usbd_hid.o(.text.USBD_HID_DeInit)
    USBD_HID_GetDeviceQualifierDesc          0x080039ed   Thumb Code    22  usbd_hid.o(.text.USBD_HID_GetDeviceQualifierDesc)
    [Anonymous Symbol]                       0x080039ec   Section        0  usbd_hid.o(.text.USBD_HID_GetDeviceQualifierDesc)
    USBD_HID_GetFSCfgDesc                    0x08003a05   Thumb Code    54  usbd_hid.o(.text.USBD_HID_GetFSCfgDesc)
    [Anonymous Symbol]                       0x08003a04   Section        0  usbd_hid.o(.text.USBD_HID_GetFSCfgDesc)
    USBD_HID_GetHSCfgDesc                    0x08003a3d   Thumb Code    54  usbd_hid.o(.text.USBD_HID_GetHSCfgDesc)
    [Anonymous Symbol]                       0x08003a3c   Section        0  usbd_hid.o(.text.USBD_HID_GetHSCfgDesc)
    USBD_HID_GetOtherSpeedCfgDesc            0x08003a75   Thumb Code    54  usbd_hid.o(.text.USBD_HID_GetOtherSpeedCfgDesc)
    [Anonymous Symbol]                       0x08003a74   Section        0  usbd_hid.o(.text.USBD_HID_GetOtherSpeedCfgDesc)
    USBD_HID_Init                            0x08003aad   Thumb Code   214  usbd_hid.o(.text.USBD_HID_Init)
    [Anonymous Symbol]                       0x08003aac   Section        0  usbd_hid.o(.text.USBD_HID_Init)
    USBD_HID_Setup                           0x08003b85   Thumb Code   520  usbd_hid.o(.text.USBD_HID_Setup)
    [Anonymous Symbol]                       0x08003b84   Section        0  usbd_hid.o(.text.USBD_HID_Setup)
    [Anonymous Symbol]                       0x08003d8c   Section        0  usbd_core.o(.text.USBD_Init)
    [Anonymous Symbol]                       0x08003df8   Section        0  usbd_conf.o(.text.USBD_LL_ClearStallEP)
    [Anonymous Symbol]                       0x08003e34   Section        0  usbd_conf.o(.text.USBD_LL_CloseEP)
    [Anonymous Symbol]                       0x08003e70   Section        0  usbd_core.o(.text.USBD_LL_DataInStage)
    [Anonymous Symbol]                       0x08004004   Section        0  usbd_core.o(.text.USBD_LL_DataOutStage)
    [Anonymous Symbol]                       0x080041b8   Section        0  usbd_core.o(.text.USBD_LL_DevConnected)
    [Anonymous Symbol]                       0x080041c4   Section        0  usbd_core.o(.text.USBD_LL_DevDisconnected)
    [Anonymous Symbol]                       0x08004204   Section        0  usbd_conf.o(.text.USBD_LL_Init)
    [Anonymous Symbol]                       0x08004284   Section        0  usbd_conf.o(.text.USBD_LL_IsStallEP)
    [Anonymous Symbol]                       0x080042e0   Section        0  usbd_core.o(.text.USBD_LL_IsoINIncomplete)
    [Anonymous Symbol]                       0x08004350   Section        0  usbd_core.o(.text.USBD_LL_IsoOUTIncomplete)
    [Anonymous Symbol]                       0x080043c0   Section        0  usbd_conf.o(.text.USBD_LL_OpenEP)
    [Anonymous Symbol]                       0x0800440c   Section        0  usbd_conf.o(.text.USBD_LL_PrepareReceive)
    [Anonymous Symbol]                       0x08004450   Section        0  usbd_core.o(.text.USBD_LL_Reset)
    [Anonymous Symbol]                       0x080044ec   Section        0  usbd_core.o(.text.USBD_LL_Resume)
    [Anonymous Symbol]                       0x08004510   Section        0  usbd_core.o(.text.USBD_LL_SOF)
    [Anonymous Symbol]                       0x08004550   Section        0  usbd_core.o(.text.USBD_LL_SetSpeed)
    [Anonymous Symbol]                       0x08004568   Section        0  usbd_conf.o(.text.USBD_LL_SetUSBAddress)
    [Anonymous Symbol]                       0x080045a4   Section        0  usbd_core.o(.text.USBD_LL_SetupStage)
    [Anonymous Symbol]                       0x08004638   Section        0  usbd_conf.o(.text.USBD_LL_StallEP)
    [Anonymous Symbol]                       0x08004674   Section        0  usbd_conf.o(.text.USBD_LL_Start)
    [Anonymous Symbol]                       0x080046a8   Section        0  usbd_core.o(.text.USBD_LL_Suspend)
    [Anonymous Symbol]                       0x080046c8   Section        0  usbd_conf.o(.text.USBD_LL_Transmit)
    [Anonymous Symbol]                       0x0800470c   Section        0  usbd_ctlreq.o(.text.USBD_ParseSetupRequest)
    [Anonymous Symbol]                       0x08004770   Section        0  usbd_core.o(.text.USBD_RegisterClass)
    [Anonymous Symbol]                       0x080047e4   Section        0  usbd_core.o(.text.USBD_RunTestMode)
    USBD_SetAddress                          0x080047f1   Thumb Code   140  usbd_ctlreq.o(.text.USBD_SetAddress)
    [Anonymous Symbol]                       0x080047f0   Section        0  usbd_ctlreq.o(.text.USBD_SetAddress)
    [Anonymous Symbol]                       0x0800487c   Section        0  usbd_core.o(.text.USBD_SetClassConfig)
    USBD_SetConfig                           0x080048b5   Thumb Code   382  usbd_ctlreq.o(.text.USBD_SetConfig)
    [Anonymous Symbol]                       0x080048b4   Section        0  usbd_ctlreq.o(.text.USBD_SetConfig)
    USBD_SetFeature                          0x08004a35   Thumb Code    78  usbd_ctlreq.o(.text.USBD_SetFeature)
    [Anonymous Symbol]                       0x08004a34   Section        0  usbd_ctlreq.o(.text.USBD_SetFeature)
    [Anonymous Symbol]                       0x08004a84   Section        0  usbd_core.o(.text.USBD_Start)
    [Anonymous Symbol]                       0x08004a94   Section        0  usbd_ctlreq.o(.text.USBD_StdDevReq)
    [Anonymous Symbol]                       0x08004b60   Section        0  usbd_ctlreq.o(.text.USBD_StdEPReq)
    [Anonymous Symbol]                       0x08004f0c   Section        0  usbd_ctlreq.o(.text.USBD_StdItfReq)
    [Anonymous Symbol]                       0x08005000   Section        0  usbd_conf.o(.text.USBD_static_free)
    [Anonymous Symbol]                       0x08005008   Section        0  usbd_conf.o(.text.USBD_static_malloc)
    [Anonymous Symbol]                       0x08005018   Section        0  stm32f4xx_ll_usb.o(.text.USB_ActivateEndpoint)
    [Anonymous Symbol]                       0x080050f8   Section        0  stm32f4xx_ll_usb.o(.text.USB_ActivateSetup)
    [Anonymous Symbol]                       0x08005124   Section        0  stm32f4xx_ll_usb.o(.text.USB_CoreInit)
    USB_CoreReset                            0x08005221   Thumb Code   130  stm32f4xx_ll_usb.o(.text.USB_CoreReset)
    [Anonymous Symbol]                       0x08005220   Section        0  stm32f4xx_ll_usb.o(.text.USB_CoreReset)
    [Anonymous Symbol]                       0x080052a4   Section        0  stm32f4xx_ll_usb.o(.text.USB_DeactivateEndpoint)
    [Anonymous Symbol]                       0x080053dc   Section        0  stm32f4xx_ll_usb.o(.text.USB_DevConnect)
    [Anonymous Symbol]                       0x08005408   Section        0  stm32f4xx_ll_usb.o(.text.USB_DevDisconnect)
    [Anonymous Symbol]                       0x08005434   Section        0  stm32f4xx_ll_usb.o(.text.USB_DevInit)
    [Anonymous Symbol]                       0x080056f8   Section        0  stm32f4xx_ll_usb.o(.text.USB_DisableGlobalInt)
    [Anonymous Symbol]                       0x0800570c   Section        0  stm32f4xx_ll_usb.o(.text.USB_EP0StartXfer)
    [Anonymous Symbol]                       0x08005904   Section        0  stm32f4xx_ll_usb.o(.text.USB_EP0_OutStart)
    [Anonymous Symbol]                       0x080059a4   Section        0  stm32f4xx_ll_usb.o(.text.USB_EPClearStall)
    [Anonymous Symbol]                       0x08005a44   Section        0  stm32f4xx_ll_usb.o(.text.USB_EPSetStall)
    [Anonymous Symbol]                       0x08005aec   Section        0  stm32f4xx_ll_usb.o(.text.USB_EPStartXfer)
    [Anonymous Symbol]                       0x08005e54   Section        0  stm32f4xx_ll_usb.o(.text.USB_EPStopXfer)
    [Anonymous Symbol]                       0x08005f70   Section        0  stm32f4xx_ll_usb.o(.text.USB_EnableGlobalInt)
    [Anonymous Symbol]                       0x08005f84   Section        0  stm32f4xx_ll_usb.o(.text.USB_FlushRxFifo)
    [Anonymous Symbol]                       0x08006004   Section        0  stm32f4xx_ll_usb.o(.text.USB_FlushTxFifo)
    [Anonymous Symbol]                       0x0800608c   Section        0  stm32f4xx_ll_usb.o(.text.USB_GetDevSpeed)
    [Anonymous Symbol]                       0x080060d8   Section        0  stm32f4xx_ll_usb.o(.text.USB_GetMode)
    [Anonymous Symbol]                       0x080060e8   Section        0  stm32f4xx_ll_usb.o(.text.USB_ReadDevAllInEpInterrupt)
    [Anonymous Symbol]                       0x0800610c   Section        0  stm32f4xx_ll_usb.o(.text.USB_ReadDevAllOutEpInterrupt)
    [Anonymous Symbol]                       0x08006130   Section        0  stm32f4xx_ll_usb.o(.text.USB_ReadDevInEPInterrupt)
    [Anonymous Symbol]                       0x08006180   Section        0  stm32f4xx_ll_usb.o(.text.USB_ReadDevOutEPInterrupt)
    [Anonymous Symbol]                       0x080061b0   Section        0  stm32f4xx_ll_usb.o(.text.USB_ReadInterrupts)
    [Anonymous Symbol]                       0x080061cc   Section        0  stm32f4xx_ll_usb.o(.text.USB_ReadPacket)
    [Anonymous Symbol]                       0x08006280   Section        0  stm32f4xx_ll_usb.o(.text.USB_SetCurrentMode)
    [Anonymous Symbol]                       0x08006360   Section        0  stm32f4xx_ll_usb.o(.text.USB_SetDevAddress)
    [Anonymous Symbol]                       0x08006398   Section        0  stm32f4xx_ll_usb.o(.text.USB_SetDevSpeed)
    [Anonymous Symbol]                       0x080063bc   Section        0  stm32f4xx_ll_usb.o(.text.USB_SetTurnaroundTime)
    [Anonymous Symbol]                       0x08006578   Section        0  stm32f4xx_ll_usb.o(.text.USB_WritePacket)
    [Anonymous Symbol]                       0x080065fc   Section        0  stm32f4xx_it.o(.text.UsageFault_Handler)
    __NVIC_EnableIRQ                         0x08006601   Thumb Code    48  stm32f4xx_hal_cortex.o(.text.__NVIC_EnableIRQ)
    [Anonymous Symbol]                       0x08006600   Section        0  stm32f4xx_hal_cortex.o(.text.__NVIC_EnableIRQ)
    __NVIC_GetPriorityGrouping               0x08006631   Thumb Code    16  stm32f4xx_hal_cortex.o(.text.__NVIC_GetPriorityGrouping)
    [Anonymous Symbol]                       0x08006630   Section        0  stm32f4xx_hal_cortex.o(.text.__NVIC_GetPriorityGrouping)
    __NVIC_SetPriority                       0x08006641   Thumb Code    66  stm32f4xx_hal_cortex.o(.text.__NVIC_SetPriority)
    [Anonymous Symbol]                       0x08006640   Section        0  stm32f4xx_hal_cortex.o(.text.__NVIC_SetPriority)
    __NVIC_SetPriorityGrouping               0x08006685   Thumb Code    60  stm32f4xx_hal_cortex.o(.text.__NVIC_SetPriorityGrouping)
    [Anonymous Symbol]                       0x08006684   Section        0  stm32f4xx_hal_cortex.o(.text.__NVIC_SetPriorityGrouping)
    [Anonymous Symbol]                       0x080066c0   Section        0  main.o(.text.main)
    i.__scatterload_copy                     0x080066e0   Section       14  handlers.o(i.__scatterload_copy)
    i.__scatterload_null                     0x080066ee   Section        2  handlers.o(i.__scatterload_null)
    i.__scatterload_zeroinit                 0x080066f0   Section       14  handlers.o(i.__scatterload_zeroinit)
    .L.str.3                                 0x08006716   Data          14  usbd_desc.o(.rodata.str1.1)
    [Anonymous Symbol]                       0x08006716   Section        0  usbd_desc.o(.rodata.str1.1)
    .L.str                                   0x08006724   Data          22  usbd_desc.o(.rodata.str1.1)
    .L.str.2                                 0x0800673a   Data          11  usbd_desc.o(.rodata.str1.1)
    .L.str.1                                 0x08006745   Data          19  usbd_desc.o(.rodata.str1.1)
    HIDInEpAdd                               0x2000001c   Data           1  usbd_hid.o(.data.HIDInEpAdd)
    [Anonymous Symbol]                       0x2000001c   Section        0  usbd_hid.o(.data.HIDInEpAdd)
    HID_MOUSE_ReportDesc                     0x20000020   Data          74  usbd_hid.o(.data.HID_MOUSE_ReportDesc)
    [Anonymous Symbol]                       0x20000020   Section        0  usbd_hid.o(.data.HID_MOUSE_ReportDesc)
    USBD_HID_CfgDesc                         0x200000bc   Data          34  usbd_hid.o(.data.USBD_HID_CfgDesc)
    [Anonymous Symbol]                       0x200000bc   Section        0  usbd_hid.o(.data.USBD_HID_CfgDesc)
    USBD_HID_Desc                            0x200000e0   Data           9  usbd_hid.o(.data.USBD_HID_Desc)
    [Anonymous Symbol]                       0x200000e0   Section        0  usbd_hid.o(.data.USBD_HID_Desc)
    USBD_HID_DeviceQualifierDesc             0x200000ec   Data          10  usbd_hid.o(.data.USBD_HID_DeviceQualifierDesc)
    [Anonymous Symbol]                       0x200000ec   Section        0  usbd_hid.o(.data.USBD_HID_DeviceQualifierDesc)
    USBD_SetConfig.cfgidx                    0x20000120   Data           1  usbd_ctlreq.o(.bss.USBD_SetConfig.cfgidx)
    [Anonymous Symbol]                       0x20000120   Section        0  usbd_ctlreq.o(.bss.USBD_SetConfig.cfgidx)
    USBD_static_malloc.mem                   0x20000324   Data          20  usbd_conf.o(.bss.USBD_static_malloc.mem)
    [Anonymous Symbol]                       0x20000324   Section        0  usbd_conf.o(.bss.USBD_static_malloc.mem)
    STACK                                    0x20000b68   Section     1024  startup_stm32f407xx.o(STACK)

    Global Symbols

    Symbol Name                              Value     Ov Type        Size  Object(Section)

    BuildAttributes$$THM_ISAv4$E$P$D$K$B$S$7EM$VFPi3$EXTD16$VFPS$VFMA$PE$A:L22UL41UL21$X:L11$S22US41US21$IEEE1$IW$~IW$USESV6$~STKCKD$USESV7$~SHL$OSPACE$EBA8$MICROLIB$REQ8$PRES8$EABIv2 0x00000000   Number         0  anon$$obj.o ABSOLUTE
    __cpp_initialize__aeabi_                  - Undefined Weak Reference
    __cxa_finalize                            - Undefined Weak Reference
    __decompress                              - Undefined Weak Reference
    _clock_init                               - Undefined Weak Reference
    _microlib_exit                            - Undefined Weak Reference
    __Vectors_Size                           0x00000188   Number         0  startup_stm32f407xx.o ABSOLUTE
    __Vectors                                0x08000000   Data           4  startup_stm32f407xx.o(RESET)
    __Vectors_End                            0x08000188   Data           0  startup_stm32f407xx.o(RESET)
    __main                                   0x08000189   Thumb Code     0  entry.o(.ARM.Collect$$$$00000000)
    _main_stk                                0x08000189   Thumb Code     0  entry2.o(.ARM.Collect$$$$00000001)
    _main_scatterload                        0x0800018d   Thumb Code     0  entry5.o(.ARM.Collect$$$$00000004)
    __main_after_scatterload                 0x08000191   Thumb Code     0  entry5.o(.ARM.Collect$$$$00000004)
    _main_clock                              0x08000191   Thumb Code     0  entry7b.o(.ARM.Collect$$$$00000008)
    _main_cpp_init                           0x08000191   Thumb Code     0  entry8b.o(.ARM.Collect$$$$0000000A)
    _main_init                               0x08000191   Thumb Code     0  entry9a.o(.ARM.Collect$$$$0000000B)
    __rt_final_cpp                           0x08000199   Thumb Code     0  entry10a.o(.ARM.Collect$$$$0000000D)
    __rt_final_exit                          0x08000199   Thumb Code     0  entry11a.o(.ARM.Collect$$$$0000000F)
    Reset_Handler                            0x0800019d   Thumb Code     8  startup_stm32f407xx.o(.text)
    ADC_IRQHandler                           0x080001b7   Thumb Code     0  startup_stm32f407xx.o(.text)
    CAN1_RX0_IRQHandler                      0x080001b7   Thumb Code     0  startup_stm32f407xx.o(.text)
    CAN1_RX1_IRQHandler                      0x080001b7   Thumb Code     0  startup_stm32f407xx.o(.text)
    CAN1_SCE_IRQHandler                      0x080001b7   Thumb Code     0  startup_stm32f407xx.o(.text)
    CAN1_TX_IRQHandler                       0x080001b7   Thumb Code     0  startup_stm32f407xx.o(.text)
    CAN2_RX0_IRQHandler                      0x080001b7   Thumb Code     0  startup_stm32f407xx.o(.text)
    CAN2_RX1_IRQHandler                      0x080001b7   Thumb Code     0  startup_stm32f407xx.o(.text)
    CAN2_SCE_IRQHandler                      0x080001b7   Thumb Code     0  startup_stm32f407xx.o(.text)
    CAN2_TX_IRQHandler                       0x080001b7   Thumb Code     0  startup_stm32f407xx.o(.text)
    DCMI_IRQHandler                          0x080001b7   Thumb Code     0  startup_stm32f407xx.o(.text)
    DMA1_Stream0_IRQHandler                  0x080001b7   Thumb Code     0  startup_stm32f407xx.o(.text)
    DMA1_Stream1_IRQHandler                  0x080001b7   Thumb Code     0  startup_stm32f407xx.o(.text)
    DMA1_Stream2_IRQHandler                  0x080001b7   Thumb Code     0  startup_stm32f407xx.o(.text)
    DMA1_Stream3_IRQHandler                  0x080001b7   Thumb Code     0  startup_stm32f407xx.o(.text)
    DMA1_Stream4_IRQHandler                  0x080001b7   Thumb Code     0  startup_stm32f407xx.o(.text)
    DMA1_Stream5_IRQHandler                  0x080001b7   Thumb Code     0  startup_stm32f407xx.o(.text)
    DMA1_Stream6_IRQHandler                  0x080001b7   Thumb Code     0  startup_stm32f407xx.o(.text)
    DMA1_Stream7_IRQHandler                  0x080001b7   Thumb Code     0  startup_stm32f407xx.o(.text)
    DMA2_Stream0_IRQHandler                  0x080001b7   Thumb Code     0  startup_stm32f407xx.o(.text)
    DMA2_Stream1_IRQHandler                  0x080001b7   Thumb Code     0  startup_stm32f407xx.o(.text)
    DMA2_Stream2_IRQHandler                  0x080001b7   Thumb Code     0  startup_stm32f407xx.o(.text)
    DMA2_Stream3_IRQHandler                  0x080001b7   Thumb Code     0  startup_stm32f407xx.o(.text)
    DMA2_Stream4_IRQHandler                  0x080001b7   Thumb Code     0  startup_stm32f407xx.o(.text)
    DMA2_Stream5_IRQHandler                  0x080001b7   Thumb Code     0  startup_stm32f407xx.o(.text)
    DMA2_Stream6_IRQHandler                  0x080001b7   Thumb Code     0  startup_stm32f407xx.o(.text)
    DMA2_Stream7_IRQHandler                  0x080001b7   Thumb Code     0  startup_stm32f407xx.o(.text)
    ETH_IRQHandler                           0x080001b7   Thumb Code     0  startup_stm32f407xx.o(.text)
    ETH_WKUP_IRQHandler                      0x080001b7   Thumb Code     0  startup_stm32f407xx.o(.text)
    EXTI0_IRQHandler                         0x080001b7   Thumb Code     0  startup_stm32f407xx.o(.text)
    EXTI15_10_IRQHandler                     0x080001b7   Thumb Code     0  startup_stm32f407xx.o(.text)
    EXTI1_IRQHandler                         0x080001b7   Thumb Code     0  startup_stm32f407xx.o(.text)
    EXTI2_IRQHandler                         0x080001b7   Thumb Code     0  startup_stm32f407xx.o(.text)
    EXTI3_IRQHandler                         0x080001b7   Thumb Code     0  startup_stm32f407xx.o(.text)
    EXTI4_IRQHandler                         0x080001b7   Thumb Code     0  startup_stm32f407xx.o(.text)
    EXTI9_5_IRQHandler                       0x080001b7   Thumb Code     0  startup_stm32f407xx.o(.text)
    FLASH_IRQHandler                         0x080001b7   Thumb Code     0  startup_stm32f407xx.o(.text)
    FMC_IRQHandler                           0x080001b7   Thumb Code     0  startup_stm32f407xx.o(.text)
    FPU_IRQHandler                           0x080001b7   Thumb Code     0  startup_stm32f407xx.o(.text)
    HASH_RNG_IRQHandler                      0x080001b7   Thumb Code     0  startup_stm32f407xx.o(.text)
    I2C1_ER_IRQHandler                       0x080001b7   Thumb Code     0  startup_stm32f407xx.o(.text)
    I2C1_EV_IRQHandler                       0x080001b7   Thumb Code     0  startup_stm32f407xx.o(.text)
    I2C2_ER_IRQHandler                       0x080001b7   Thumb Code     0  startup_stm32f407xx.o(.text)
    I2C2_EV_IRQHandler                       0x080001b7   Thumb Code     0  startup_stm32f407xx.o(.text)
    I2C3_ER_IRQHandler                       0x080001b7   Thumb Code     0  startup_stm32f407xx.o(.text)
    I2C3_EV_IRQHandler                       0x080001b7   Thumb Code     0  startup_stm32f407xx.o(.text)
    OTG_FS_WKUP_IRQHandler                   0x080001b7   Thumb Code     0  startup_stm32f407xx.o(.text)
    OTG_HS_EP1_IN_IRQHandler                 0x080001b7   Thumb Code     0  startup_stm32f407xx.o(.text)
    OTG_HS_EP1_OUT_IRQHandler                0x080001b7   Thumb Code     0  startup_stm32f407xx.o(.text)
    OTG_HS_IRQHandler                        0x080001b7   Thumb Code     0  startup_stm32f407xx.o(.text)
    OTG_HS_WKUP_IRQHandler                   0x080001b7   Thumb Code     0  startup_stm32f407xx.o(.text)
    PVD_IRQHandler                           0x080001b7   Thumb Code     0  startup_stm32f407xx.o(.text)
    RCC_IRQHandler                           0x080001b7   Thumb Code     0  startup_stm32f407xx.o(.text)
    RTC_Alarm_IRQHandler                     0x080001b7   Thumb Code     0  startup_stm32f407xx.o(.text)
    RTC_WKUP_IRQHandler                      0x080001b7   Thumb Code     0  startup_stm32f407xx.o(.text)
    SDIO_IRQHandler                          0x080001b7   Thumb Code     0  startup_stm32f407xx.o(.text)
    SPI1_IRQHandler                          0x080001b7   Thumb Code     0  startup_stm32f407xx.o(.text)
    SPI2_IRQHandler                          0x080001b7   Thumb Code     0  startup_stm32f407xx.o(.text)
    SPI3_IRQHandler                          0x080001b7   Thumb Code     0  startup_stm32f407xx.o(.text)
    TAMP_STAMP_IRQHandler                    0x080001b7   Thumb Code     0  startup_stm32f407xx.o(.text)
    TIM1_BRK_TIM9_IRQHandler                 0x080001b7   Thumb Code     0  startup_stm32f407xx.o(.text)
    TIM1_CC_IRQHandler                       0x080001b7   Thumb Code     0  startup_stm32f407xx.o(.text)
    TIM1_TRG_COM_TIM11_IRQHandler            0x080001b7   Thumb Code     0  startup_stm32f407xx.o(.text)
    TIM1_UP_TIM10_IRQHandler                 0x080001b7   Thumb Code     0  startup_stm32f407xx.o(.text)
    TIM2_IRQHandler                          0x080001b7   Thumb Code     0  startup_stm32f407xx.o(.text)
    TIM3_IRQHandler                          0x080001b7   Thumb Code     0  startup_stm32f407xx.o(.text)
    TIM4_IRQHandler                          0x080001b7   Thumb Code     0  startup_stm32f407xx.o(.text)
    TIM5_IRQHandler                          0x080001b7   Thumb Code     0  startup_stm32f407xx.o(.text)
    TIM6_DAC_IRQHandler                      0x080001b7   Thumb Code     0  startup_stm32f407xx.o(.text)
    TIM7_IRQHandler                          0x080001b7   Thumb Code     0  startup_stm32f407xx.o(.text)
    TIM8_BRK_TIM12_IRQHandler                0x080001b7   Thumb Code     0  startup_stm32f407xx.o(.text)
    TIM8_CC_IRQHandler                       0x080001b7   Thumb Code     0  startup_stm32f407xx.o(.text)
    TIM8_TRG_COM_TIM14_IRQHandler            0x080001b7   Thumb Code     0  startup_stm32f407xx.o(.text)
    TIM8_UP_TIM13_IRQHandler                 0x080001b7   Thumb Code     0  startup_stm32f407xx.o(.text)
    UART4_IRQHandler                         0x080001b7   Thumb Code     0  startup_stm32f407xx.o(.text)
    UART5_IRQHandler                         0x080001b7   Thumb Code     0  startup_stm32f407xx.o(.text)
    USART1_IRQHandler                        0x080001b7   Thumb Code     0  startup_stm32f407xx.o(.text)
    USART2_IRQHandler                        0x080001b7   Thumb Code     0  startup_stm32f407xx.o(.text)
    USART3_IRQHandler                        0x080001b7   Thumb Code     0  startup_stm32f407xx.o(.text)
    USART6_IRQHandler                        0x080001b7   Thumb Code     0  startup_stm32f407xx.o(.text)
    WWDG_IRQHandler                          0x080001b7   Thumb Code     0  startup_stm32f407xx.o(.text)
    __aeabi_uldivmod                         0x080001c1   Thumb Code    98  uldiv.o(.text)
    __aeabi_memset                           0x08000223   Thumb Code    14  memseta.o(.text)
    __aeabi_memset4                          0x08000223   Thumb Code     0  memseta.o(.text)
    __aeabi_memset8                          0x08000223   Thumb Code     0  memseta.o(.text)
    __aeabi_memclr                           0x08000231   Thumb Code     4  memseta.o(.text)
    __aeabi_memclr4                          0x08000231   Thumb Code     0  memseta.o(.text)
    __aeabi_memclr8                          0x08000231   Thumb Code     0  memseta.o(.text)
    _memset$wrapper                          0x08000235   Thumb Code    18  memseta.o(.text)
    __aeabi_llsl                             0x08000247   Thumb Code    30  llshl.o(.text)
    _ll_shift_l                              0x08000247   Thumb Code     0  llshl.o(.text)
    __aeabi_llsr                             0x08000265   Thumb Code    32  llushr.o(.text)
    _ll_ushift_r                             0x08000265   Thumb Code     0  llushr.o(.text)
    __scatterload                            0x08000285   Thumb Code    38  init.o(.text)
    __scatterload_rt2                        0x08000285   Thumb Code     0  init.o(.text)
    BusFault_Handler                         0x080002b5   Thumb Code     4  stm32f4xx_it.o(.text.BusFault_Handler)
    DebugMon_Handler                         0x080002b9   Thumb Code     2  stm32f4xx_it.o(.text.DebugMon_Handler)
    Error_Handler                            0x080002bd   Thumb Code     6  main.o(.text.Error_Handler)
    HAL_Delay                                0x08000321   Thumb Code    66  stm32f4xx_hal.o(.text.HAL_Delay)
    HAL_GPIO_Init                            0x08000365   Thumb Code   950  stm32f4xx_hal_gpio.o(.text.HAL_GPIO_Init)
    HAL_GPIO_WritePin                        0x0800071d   Thumb Code    46  stm32f4xx_hal_gpio.o(.text.HAL_GPIO_WritePin)
    HAL_GetTick                              0x0800074d   Thumb Code    12  stm32f4xx_hal.o(.text.HAL_GetTick)
    HAL_IncTick                              0x08000759   Thumb Code    26  stm32f4xx_hal.o(.text.HAL_IncTick)
    HAL_Init                                 0x08000775   Thumb Code    54  stm32f4xx_hal.o(.text.HAL_Init)
    HAL_InitTick                             0x080007ad   Thumb Code   112  stm32f4xx_hal.o(.text.HAL_InitTick)
    HAL_MspInit                              0x0800081d   Thumb Code    74  stm32f4xx_hal_msp.o(.text.HAL_MspInit)
    HAL_NVIC_EnableIRQ                       0x08000869   Thumb Code    20  stm32f4xx_hal_cortex.o(.text.HAL_NVIC_EnableIRQ)
    HAL_NVIC_SetPriority                     0x0800087d   Thumb Code    50  stm32f4xx_hal_cortex.o(.text.HAL_NVIC_SetPriority)
    HAL_NVIC_SetPriorityGrouping             0x080008b1   Thumb Code    16  stm32f4xx_hal_cortex.o(.text.HAL_NVIC_SetPriorityGrouping)
    HAL_PCDEx_LPM_Callback                   0x080008c1   Thumb Code    12  stm32f4xx_hal_pcd_ex.o(.text.HAL_PCDEx_LPM_Callback)
    HAL_PCDEx_SetRxFiFo                      0x080008cd   Thumb Code    24  stm32f4xx_hal_pcd_ex.o(.text.HAL_PCDEx_SetRxFiFo)
    HAL_PCDEx_SetTxFiFo                      0x080008e5   Thumb Code   156  stm32f4xx_hal_pcd_ex.o(.text.HAL_PCDEx_SetTxFiFo)
    HAL_PCD_ConnectCallback                  0x08000981   Thumb Code    20  usbd_conf.o(.text.HAL_PCD_ConnectCallback)
    HAL_PCD_DataInStageCallback              0x08000995   Thumb Code    38  usbd_conf.o(.text.HAL_PCD_DataInStageCallback)
    HAL_PCD_DataOutStageCallback             0x080009bd   Thumb Code    40  usbd_conf.o(.text.HAL_PCD_DataOutStageCallback)
    HAL_PCD_DisconnectCallback               0x080009e5   Thumb Code    20  usbd_conf.o(.text.HAL_PCD_DisconnectCallback)
    HAL_PCD_EP_Abort                         0x080009f9   Thumb Code    94  stm32f4xx_hal_pcd.o(.text.HAL_PCD_EP_Abort)
    HAL_PCD_EP_Close                         0x08000a59   Thumb Code   168  stm32f4xx_hal_pcd.o(.text.HAL_PCD_EP_Close)
    HAL_PCD_EP_ClrStall                      0x08000b01   Thumb Code   200  stm32f4xx_hal_pcd.o(.text.HAL_PCD_EP_ClrStall)
    HAL_PCD_EP_Open                          0x08000bc9   Thumb Code   234  stm32f4xx_hal_pcd.o(.text.HAL_PCD_EP_Open)
    HAL_PCD_EP_Receive                       0x08000cb5   Thumb Code   134  stm32f4xx_hal_pcd.o(.text.HAL_PCD_EP_Receive)
    HAL_PCD_EP_SetStall                      0x08000d3d   Thumb Code   222  stm32f4xx_hal_pcd.o(.text.HAL_PCD_EP_SetStall)
    HAL_PCD_EP_Transmit                      0x08000e1d   Thumb Code   134  stm32f4xx_hal_pcd.o(.text.HAL_PCD_EP_Transmit)
    HAL_PCD_IRQHandler                       0x08000ea5   Thumb Code  2108  stm32f4xx_hal_pcd.o(.text.HAL_PCD_IRQHandler)
    HAL_PCD_ISOINIncompleteCallback          0x080016e1   Thumb Code    28  usbd_conf.o(.text.HAL_PCD_ISOINIncompleteCallback)
    HAL_PCD_ISOOUTIncompleteCallback         0x080016fd   Thumb Code    28  usbd_conf.o(.text.HAL_PCD_ISOOUTIncompleteCallback)
    HAL_PCD_Init                             0x08001719   Thumb Code   692  stm32f4xx_hal_pcd.o(.text.HAL_PCD_Init)
    HAL_PCD_MspInit                          0x080019cd   Thumb Code   176  usbd_conf.o(.text.HAL_PCD_MspInit)
    HAL_PCD_ResetCallback                    0x08001a7d   Thumb Code    82  usbd_conf.o(.text.HAL_PCD_ResetCallback)
    HAL_PCD_ResumeCallback                   0x08001ad1   Thumb Code    20  usbd_conf.o(.text.HAL_PCD_ResumeCallback)
    HAL_PCD_SOFCallback                      0x08001ae5   Thumb Code    20  usbd_conf.o(.text.HAL_PCD_SOFCallback)
    HAL_PCD_SetAddress                       0x08001af9   Thumb Code    94  stm32f4xx_hal_pcd.o(.text.HAL_PCD_SetAddress)
    HAL_PCD_SetupStageCallback               0x08001b59   Thumb Code    24  usbd_conf.o(.text.HAL_PCD_SetupStageCallback)
    HAL_PCD_Start                            0x08001b71   Thumb Code   122  stm32f4xx_hal_pcd.o(.text.HAL_PCD_Start)
    HAL_PCD_SuspendCallback                  0x08001bed   Thumb Code    62  usbd_conf.o(.text.HAL_PCD_SuspendCallback)
    HAL_RCC_ClockConfig                      0x08001c2d   Thumb Code   610  stm32f4xx_hal_rcc.o(.text.HAL_RCC_ClockConfig)
    HAL_RCC_GetHCLKFreq                      0x08001e91   Thumb Code    12  stm32f4xx_hal_rcc.o(.text.HAL_RCC_GetHCLKFreq)
    HAL_RCC_GetPCLK1Freq                     0x08001e9d   Thumb Code    34  stm32f4xx_hal_rcc.o(.text.HAL_RCC_GetPCLK1Freq)
    HAL_RCC_GetPCLK2Freq                     0x08001ec1   Thumb Code    34  stm32f4xx_hal_rcc.o(.text.HAL_RCC_GetPCLK2Freq)
    HAL_RCC_GetSysClockFreq                  0x08001ee5   Thumb Code   230  stm32f4xx_hal_rcc.o(.text.HAL_RCC_GetSysClockFreq)
    HAL_RCC_OscConfig                        0x08001fcd   Thumb Code  1726  stm32f4xx_hal_rcc.o(.text.HAL_RCC_OscConfig)
    HAL_SYSTICK_Config                       0x0800268d   Thumb Code    16  stm32f4xx_hal_cortex.o(.text.HAL_SYSTICK_Config)
    HAL_UART_Init                            0x0800269d   Thumb Code   154  stm32f4xx_hal_uart.o(.text.HAL_UART_Init)
    HAL_UART_MspInit                         0x08002739   Thumb Code   230  stm32f4xx_hal_msp.o(.text.HAL_UART_MspInit)
    HardFault_Handler                        0x08002821   Thumb Code     4  stm32f4xx_it.o(.text.HardFault_Handler)
    MX_USB_DEVICE_Init                       0x08002a09   Thumb Code    88  usb_device.o(.text.MX_USB_DEVICE_Init)
    MemManage_Handler                        0x08002a61   Thumb Code     4  stm32f4xx_it.o(.text.MemManage_Handler)
    NMI_Handler                              0x08002a65   Thumb Code     4  stm32f4xx_it.o(.text.NMI_Handler)
    OTG_FS_IRQHandler                        0x08002ad5   Thumb Code    16  stm32f4xx_it.o(.text.OTG_FS_IRQHandler)
    PendSV_Handler                           0x08002e6d   Thumb Code     2  stm32f4xx_it.o(.text.PendSV_Handler)
    SVC_Handler                              0x08002e71   Thumb Code     2  stm32f4xx_it.o(.text.SVC_Handler)
    SysTick_Handler                          0x08002f01   Thumb Code     8  stm32f4xx_it.o(.text.SysTick_Handler)
    SystemClock_Config                       0x08002f09   Thumb Code   182  main.o(.text.SystemClock_Config)
    SystemInit                               0x08002fc1   Thumb Code    18  system_stm32f4xx.o(.text.SystemInit)
    USBD_ClrClassConfig                      0x08003111   Thumb Code    50  usbd_core.o(.text.USBD_ClrClassConfig)
    USBD_CoreFindEP                          0x08003185   Thumb Code    14  usbd_core.o(.text.USBD_CoreFindEP)
    USBD_CoreFindIF                          0x08003195   Thumb Code    14  usbd_core.o(.text.USBD_CoreFindIF)
    USBD_CtlContinueRx                       0x080031a5   Thumb Code    30  usbd_ioreq.o(.text.USBD_CtlContinueRx)
    USBD_CtlContinueSendData                 0x080031c5   Thumb Code    30  usbd_ioreq.o(.text.USBD_CtlContinueSendData)
    USBD_CtlError                            0x080031e5   Thumb Code    28  usbd_ctlreq.o(.text.USBD_CtlError)
    USBD_CtlReceiveStatus                    0x08003201   Thumb Code    34  usbd_ioreq.o(.text.USBD_CtlReceiveStatus)
    USBD_CtlSendData                         0x08003225   Thumb Code    50  usbd_ioreq.o(.text.USBD_CtlSendData)
    USBD_CtlSendStatus                       0x08003259   Thumb Code    34  usbd_ioreq.o(.text.USBD_CtlSendStatus)
    USBD_FS_ConfigStrDescriptor              0x0800327d   Thumb Code    78  usbd_desc.o(.text.USBD_FS_ConfigStrDescriptor)
    USBD_FS_DeviceDescriptor                 0x080032cd   Thumb Code    26  usbd_desc.o(.text.USBD_FS_DeviceDescriptor)
    USBD_FS_InterfaceStrDescriptor           0x080032e9   Thumb Code    78  usbd_desc.o(.text.USBD_FS_InterfaceStrDescriptor)
    USBD_FS_LangIDStrDescriptor              0x08003339   Thumb Code    26  usbd_desc.o(.text.USBD_FS_LangIDStrDescriptor)
    USBD_FS_ManufacturerStrDescriptor        0x08003355   Thumb Code    40  usbd_desc.o(.text.USBD_FS_ManufacturerStrDescriptor)
    USBD_FS_ProductStrDescriptor             0x0800337d   Thumb Code    78  usbd_desc.o(.text.USBD_FS_ProductStrDescriptor)
    USBD_FS_SerialStrDescriptor              0x080033cd   Thumb Code    32  usbd_desc.o(.text.USBD_FS_SerialStrDescriptor)
    USBD_GetEpDesc                           0x08003729   Thumb Code   118  usbd_core.o(.text.USBD_GetEpDesc)
    USBD_GetNextDesc                         0x080037d5   Thumb Code    38  usbd_core.o(.text.USBD_GetNextDesc)
    USBD_GetString                           0x08003861   Thumb Code   152  usbd_ctlreq.o(.text.USBD_GetString)
    USBD_Get_USB_Status                      0x080038f9   Thumb Code    82  usbd_conf.o(.text.USBD_Get_USB_Status)
    USBD_Init                                0x08003d8d   Thumb Code   106  usbd_core.o(.text.USBD_Init)
    USBD_LL_ClearStallEP                     0x08003df9   Thumb Code    58  usbd_conf.o(.text.USBD_LL_ClearStallEP)
    USBD_LL_CloseEP                          0x08003e35   Thumb Code    58  usbd_conf.o(.text.USBD_LL_CloseEP)
    USBD_LL_DataInStage                      0x08003e71   Thumb Code   402  usbd_core.o(.text.USBD_LL_DataInStage)
    USBD_LL_DataOutStage                     0x08004005   Thumb Code   436  usbd_core.o(.text.USBD_LL_DataOutStage)
    USBD_LL_DevConnected                     0x080041b9   Thumb Code    10  usbd_core.o(.text.USBD_LL_DevConnected)
    USBD_LL_DevDisconnected                  0x080041c5   Thumb Code    64  usbd_core.o(.text.USBD_LL_DevDisconnected)
    USBD_LL_Init                             0x08004205   Thumb Code   126  usbd_conf.o(.text.USBD_LL_Init)
    USBD_LL_IsStallEP                        0x08004285   Thumb Code    92  usbd_conf.o(.text.USBD_LL_IsStallEP)
    USBD_LL_IsoINIncomplete                  0x080042e1   Thumb Code   110  usbd_core.o(.text.USBD_LL_IsoINIncomplete)
    USBD_LL_IsoOUTIncomplete                 0x08004351   Thumb Code   110  usbd_core.o(.text.USBD_LL_IsoOUTIncomplete)
    USBD_LL_OpenEP                           0x080043c1   Thumb Code    74  usbd_conf.o(.text.USBD_LL_OpenEP)
    USBD_LL_PrepareReceive                   0x0800440d   Thumb Code    66  usbd_conf.o(.text.USBD_LL_PrepareReceive)
    USBD_LL_Reset                            0x08004451   Thumb Code   156  usbd_core.o(.text.USBD_LL_Reset)
    USBD_LL_Resume                           0x080044ed   Thumb Code    36  usbd_core.o(.text.USBD_LL_Resume)
    USBD_LL_SOF                              0x08004511   Thumb Code    62  usbd_core.o(.text.USBD_LL_SOF)
    USBD_LL_SetSpeed                         0x08004551   Thumb Code    22  usbd_core.o(.text.USBD_LL_SetSpeed)
    USBD_LL_SetUSBAddress                    0x08004569   Thumb Code    58  usbd_conf.o(.text.USBD_LL_SetUSBAddress)
    USBD_LL_SetupStage                       0x080045a5   Thumb Code   148  usbd_core.o(.text.USBD_LL_SetupStage)
    USBD_LL_StallEP                          0x08004639   Thumb Code    58  usbd_conf.o(.text.USBD_LL_StallEP)
    USBD_LL_Start                            0x08004675   Thumb Code    50  usbd_conf.o(.text.USBD_LL_Start)
    USBD_LL_Suspend                          0x080046a9   Thumb Code    30  usbd_core.o(.text.USBD_LL_Suspend)
    USBD_LL_Transmit                         0x080046c9   Thumb Code    66  usbd_conf.o(.text.USBD_LL_Transmit)
    USBD_ParseSetupRequest                   0x0800470d   Thumb Code    98  usbd_ctlreq.o(.text.USBD_ParseSetupRequest)
    USBD_RegisterClass                       0x08004771   Thumb Code   114  usbd_core.o(.text.USBD_RegisterClass)
    USBD_RunTestMode                         0x080047e5   Thumb Code    10  usbd_core.o(.text.USBD_RunTestMode)
    USBD_SetClassConfig                      0x0800487d   Thumb Code    54  usbd_core.o(.text.USBD_SetClassConfig)
    USBD_Start                               0x08004a85   Thumb Code    16  usbd_core.o(.text.USBD_Start)
    USBD_StdDevReq                           0x08004a95   Thumb Code   204  usbd_ctlreq.o(.text.USBD_StdDevReq)
    USBD_StdEPReq                            0x08004b61   Thumb Code   940  usbd_ctlreq.o(.text.USBD_StdEPReq)
    USBD_StdItfReq                           0x08004f0d   Thumb Code   244  usbd_ctlreq.o(.text.USBD_StdItfReq)
    USBD_static_free                         0x08005001   Thumb Code     8  usbd_conf.o(.text.USBD_static_free)
    USBD_static_malloc                       0x08005009   Thumb Code    16  usbd_conf.o(.text.USBD_static_malloc)
    USB_ActivateEndpoint                     0x08005019   Thumb Code   222  stm32f4xx_ll_usb.o(.text.USB_ActivateEndpoint)
    USB_ActivateSetup                        0x080050f9   Thumb Code    44  stm32f4xx_ll_usb.o(.text.USB_ActivateSetup)
    USB_CoreInit                             0x08005125   Thumb Code   252  stm32f4xx_ll_usb.o(.text.USB_CoreInit)
    USB_DeactivateEndpoint                   0x080052a5   Thumb Code   312  stm32f4xx_ll_usb.o(.text.USB_DeactivateEndpoint)
    USB_DevConnect                           0x080053dd   Thumb Code    42  stm32f4xx_ll_usb.o(.text.USB_DevConnect)
    USB_DevDisconnect                        0x08005409   Thumb Code    42  stm32f4xx_ll_usb.o(.text.USB_DevDisconnect)
    USB_DevInit                              0x08005435   Thumb Code   706  stm32f4xx_ll_usb.o(.text.USB_DevInit)
    USB_DisableGlobalInt                     0x080056f9   Thumb Code    20  stm32f4xx_ll_usb.o(.text.USB_DisableGlobalInt)
    USB_EP0StartXfer                         0x0800570d   Thumb Code   502  stm32f4xx_ll_usb.o(.text.USB_EP0StartXfer)
    USB_EP0_OutStart                         0x08005905   Thumb Code   158  stm32f4xx_ll_usb.o(.text.USB_EP0_OutStart)
    USB_EPClearStall                         0x080059a5   Thumb Code   160  stm32f4xx_ll_usb.o(.text.USB_EPClearStall)
    USB_EPSetStall                           0x08005a45   Thumb Code   168  stm32f4xx_ll_usb.o(.text.USB_EPSetStall)
    USB_EPStartXfer                          0x08005aed   Thumb Code   872  stm32f4xx_ll_usb.o(.text.USB_EPStartXfer)
    USB_EPStopXfer                           0x08005e55   Thumb Code   284  stm32f4xx_ll_usb.o(.text.USB_EPStopXfer)
    USB_EnableGlobalInt                      0x08005f71   Thumb Code    20  stm32f4xx_ll_usb.o(.text.USB_EnableGlobalInt)
    USB_FlushRxFifo                          0x08005f85   Thumb Code   128  stm32f4xx_ll_usb.o(.text.USB_FlushRxFifo)
    USB_FlushTxFifo                          0x08006005   Thumb Code   134  stm32f4xx_ll_usb.o(.text.USB_FlushTxFifo)
    USB_GetDevSpeed                          0x0800608d   Thumb Code    76  stm32f4xx_ll_usb.o(.text.USB_GetDevSpeed)
    USB_GetMode                              0x080060d9   Thumb Code    16  stm32f4xx_ll_usb.o(.text.USB_GetMode)
    USB_ReadDevAllInEpInterrupt              0x080060e9   Thumb Code    36  stm32f4xx_ll_usb.o(.text.USB_ReadDevAllInEpInterrupt)
    USB_ReadDevAllOutEpInterrupt             0x0800610d   Thumb Code    36  stm32f4xx_ll_usb.o(.text.USB_ReadDevAllOutEpInterrupt)
    USB_ReadDevInEPInterrupt                 0x08006131   Thumb Code    78  stm32f4xx_ll_usb.o(.text.USB_ReadDevInEPInterrupt)
    USB_ReadDevOutEPInterrupt                0x08006181   Thumb Code    46  stm32f4xx_ll_usb.o(.text.USB_ReadDevOutEPInterrupt)
    USB_ReadInterrupts                       0x080061b1   Thumb Code    26  stm32f4xx_ll_usb.o(.text.USB_ReadInterrupts)
    USB_ReadPacket                           0x080061cd   Thumb Code   180  stm32f4xx_ll_usb.o(.text.USB_ReadPacket)
    USB_SetCurrentMode                       0x08006281   Thumb Code   222  stm32f4xx_ll_usb.o(.text.USB_SetCurrentMode)
    USB_SetDevAddress                        0x08006361   Thumb Code    54  stm32f4xx_ll_usb.o(.text.USB_SetDevAddress)
    USB_SetDevSpeed                          0x08006399   Thumb Code    34  stm32f4xx_ll_usb.o(.text.USB_SetDevSpeed)
    USB_SetTurnaroundTime                    0x080063bd   Thumb Code   442  stm32f4xx_ll_usb.o(.text.USB_SetTurnaroundTime)
    USB_WritePacket                          0x08006579   Thumb Code   130  stm32f4xx_ll_usb.o(.text.USB_WritePacket)
    UsageFault_Handler                       0x080065fd   Thumb Code     4  stm32f4xx_it.o(.text.UsageFault_Handler)
    main                                     0x080066c1   Thumb Code    32  main.o(.text.main)
    __scatterload_copy                       0x080066e1   Thumb Code    14  handlers.o(i.__scatterload_copy)
    __scatterload_null                       0x080066ef   Thumb Code     2  handlers.o(i.__scatterload_null)
    __scatterload_zeroinit                   0x080066f1   Thumb Code    14  handlers.o(i.__scatterload_zeroinit)
    AHBPrescTable                            0x080066fe   Data          16  system_stm32f4xx.o(.rodata.AHBPrescTable)
    APBPrescTable                            0x0800670e   Data           8  system_stm32f4xx.o(.rodata.APBPrescTable)
    Region$$Table$$Base                      0x08006758   Number         0  anon$$obj.o(Region$$Table)
    Region$$Table$$Limit                     0x08006778   Number         0  anon$$obj.o(Region$$Table)
    FS_Desc                                  0x20000000   Data          28  usbd_desc.o(.data.FS_Desc)
    SystemCoreClock                          0x2000006c   Data           4  system_stm32f4xx.o(.data.SystemCoreClock)
    USBD_FS_DeviceDesc                       0x20000070   Data          18  usbd_desc.o(.data.USBD_FS_DeviceDesc)
    USBD_HID                                 0x20000084   Data          56  usbd_hid.o(.data.USBD_HID)
    USBD_LangIDDesc                          0x200000f8   Data           4  usbd_desc.o(.data.USBD_LangIDDesc)
    USBD_StringSerial                        0x200000fc   Data          26  usbd_desc.o(.data.USBD_StringSerial)
    uwTickFreq                               0x20000116   Data           1  stm32f4xx_hal.o(.data.uwTickFreq)
    uwTickPrio                               0x20000118   Data           4  stm32f4xx_hal.o(.data.uwTickPrio)
    USBD_StrDesc                             0x20000124   Data         512  usbd_desc.o(.bss.USBD_StrDesc)
    hUsbDeviceFS                             0x20000338   Data         732  usb_device.o(.bss.hUsbDeviceFS)
    hpcd_USB_OTG_FS                          0x20000614   Data        1292  usbd_conf.o(.bss.hpcd_USB_OTG_FS)
    huart1                                   0x20000b20   Data          68  main.o(.bss.huart1)
    uwTick                                   0x20000b64   Data           4  stm32f4xx_hal.o(.bss.uwTick)
    __initial_sp                             0x20000f68   Data           0  startup_stm32f407xx.o(STACK)



==============================================================================

Memory Map of the image

  Image Entry point : 0x08000189

  Load Region LR_IROM1 (Base: 0x08000000, Size: 0x00006898, Max: 0x00100000, ABSOLUTE)

    Execution Region ER_IROM1 (Exec base: 0x08000000, Load base: 0x08000000, Size: 0x00006778, Max: 0x00100000, ABSOLUTE)

    Exec Addr    Load Addr    Size         Type   Attr      Idx    E Section Name        Object

    0x08000000   0x08000000   0x00000188   Data   RO            3    RESET               startup_stm32f407xx.o
    0x08000188   0x08000188   0x00000000   Code   RO         1105  * .ARM.Collect$$$$00000000  mc_w.l(entry.o)
    0x08000188   0x08000188   0x00000004   Code   RO         1112    .ARM.Collect$$$$00000001  mc_w.l(entry2.o)
    0x0800018c   0x0800018c   0x00000004   Code   RO         1115    .ARM.Collect$$$$00000004  mc_w.l(entry5.o)
    0x08000190   0x08000190   0x00000000   Code   RO         1117    .ARM.Collect$$$$00000008  mc_w.l(entry7b.o)
    0x08000190   0x08000190   0x00000000   Code   RO         1119    .ARM.Collect$$$$0000000A  mc_w.l(entry8b.o)
    0x08000190   0x08000190   0x00000008   Code   RO         1120    .ARM.Collect$$$$0000000B  mc_w.l(entry9a.o)
    0x08000198   0x08000198   0x00000000   Code   RO         1122    .ARM.Collect$$$$0000000D  mc_w.l(entry10a.o)
    0x08000198   0x08000198   0x00000000   Code   RO         1124    .ARM.Collect$$$$0000000F  mc_w.l(entry11a.o)
    0x08000198   0x08000198   0x00000004   Code   RO         1113    .ARM.Collect$$$$00002712  mc_w.l(entry2.o)
    0x0800019c   0x0800019c   0x00000024   Code   RO            4    .text               startup_stm32f407xx.o
    0x080001c0   0x080001c0   0x00000062   Code   RO         1108    .text               mc_w.l(uldiv.o)
    0x08000222   0x08000222   0x00000024   Code   RO         1110    .text               mc_w.l(memseta.o)
    0x08000246   0x08000246   0x0000001e   Code   RO         1126    .text               mc_w.l(llshl.o)
    0x08000264   0x08000264   0x00000020   Code   RO         1128    .text               mc_w.l(llushr.o)
    0x08000284   0x08000284   0x00000030   Code   RO         1130    .text               mc_w.l(init.o)
    0x080002b4   0x080002b4   0x00000004   Code   RO           36    .text.BusFault_Handler  stm32f4xx_it.o
    0x080002b8   0x080002b8   0x00000002   Code   RO           42    .text.DebugMon_Handler  stm32f4xx_it.o
    0x080002ba   0x080002ba   0x00000002   PAD
    0x080002bc   0x080002bc   0x00000006   Code   RO           19    .text.Error_Handler  main.o
    0x080002c2   0x080002c2   0x00000002   PAD
    0x080002c4   0x080002c4   0x0000005c   Code   RO           93    .text.Get_SerialNum  usbd_desc.o
    0x08000320   0x08000320   0x00000042   Code   RO          747    .text.HAL_Delay     stm32f4xx_hal.o
    0x08000362   0x08000362   0x00000002   PAD
    0x08000364   0x08000364   0x000003b6   Code   RO          520    .text.HAL_GPIO_Init  stm32f4xx_hal_gpio.o
    0x0800071a   0x0800071a   0x00000002   PAD
    0x0800071c   0x0800071c   0x0000002e   Code   RO          526    .text.HAL_GPIO_WritePin  stm32f4xx_hal_gpio.o
    0x0800074a   0x0800074a   0x00000002   PAD
    0x0800074c   0x0800074c   0x0000000c   Code   RO          739    .text.HAL_GetTick   stm32f4xx_hal.o
    0x08000758   0x08000758   0x0000001a   Code   RO          737    .text.HAL_IncTick   stm32f4xx_hal.o
    0x08000772   0x08000772   0x00000002   PAD
    0x08000774   0x08000774   0x00000036   Code   RO          727    .text.HAL_Init      stm32f4xx_hal.o
    0x080007aa   0x080007aa   0x00000002   PAD
    0x080007ac   0x080007ac   0x00000070   Code   RO          729    .text.HAL_InitTick  stm32f4xx_hal.o
    0x0800081c   0x0800081c   0x0000004a   Code   RO           57    .text.HAL_MspInit   stm32f4xx_hal_msp.o
    0x08000866   0x08000866   0x00000002   PAD
    0x08000868   0x08000868   0x00000014   Code   RO          668    .text.HAL_NVIC_EnableIRQ  stm32f4xx_hal_cortex.o
    0x0800087c   0x0800087c   0x00000032   Code   RO          660    .text.HAL_NVIC_SetPriority  stm32f4xx_hal_cortex.o
    0x080008ae   0x080008ae   0x00000002   PAD
    0x080008b0   0x080008b0   0x00000010   Code   RO          656    .text.HAL_NVIC_SetPriorityGrouping  stm32f4xx_hal_cortex.o
    0x080008c0   0x080008c0   0x0000000c   Code   RO          268    .text.HAL_PCDEx_LPM_Callback  stm32f4xx_hal_pcd_ex.o
    0x080008cc   0x080008cc   0x00000018   Code   RO          266    .text.HAL_PCDEx_SetRxFiFo  stm32f4xx_hal_pcd_ex.o
    0x080008e4   0x080008e4   0x0000009c   Code   RO          264    .text.HAL_PCDEx_SetTxFiFo  stm32f4xx_hal_pcd_ex.o
    0x08000980   0x08000980   0x00000014   Code   RO          132    .text.HAL_PCD_ConnectCallback  usbd_conf.o
    0x08000994   0x08000994   0x00000026   Code   RO          118    .text.HAL_PCD_DataInStageCallback  usbd_conf.o
    0x080009ba   0x080009ba   0x00000002   PAD
    0x080009bc   0x080009bc   0x00000028   Code   RO          116    .text.HAL_PCD_DataOutStageCallback  usbd_conf.o
    0x080009e4   0x080009e4   0x00000014   Code   RO          134    .text.HAL_PCD_DisconnectCallback  usbd_conf.o
    0x080009f8   0x080009f8   0x0000005e   Code   RO          215    .text.HAL_PCD_EP_Abort  stm32f4xx_hal_pcd.o
    0x08000a56   0x08000a56   0x00000002   PAD
    0x08000a58   0x08000a58   0x000000a8   Code   RO          235    .text.HAL_PCD_EP_Close  stm32f4xx_hal_pcd.o
    0x08000b00   0x08000b00   0x000000c8   Code   RO          245    .text.HAL_PCD_EP_ClrStall  stm32f4xx_hal_pcd.o
    0x08000bc8   0x08000bc8   0x000000ea   Code   RO          233    .text.HAL_PCD_EP_Open  stm32f4xx_hal_pcd.o
    0x08000cb2   0x08000cb2   0x00000002   PAD
    0x08000cb4   0x08000cb4   0x00000086   Code   RO          237    .text.HAL_PCD_EP_Receive  stm32f4xx_hal_pcd.o
    0x08000d3a   0x08000d3a   0x00000002   PAD
    0x08000d3c   0x08000d3c   0x000000de   Code   RO          243    .text.HAL_PCD_EP_SetStall  stm32f4xx_hal_pcd.o
    0x08000e1a   0x08000e1a   0x00000002   PAD
    0x08000e1c   0x08000e1c   0x00000086   Code   RO          241    .text.HAL_PCD_EP_Transmit  stm32f4xx_hal_pcd.o
    0x08000ea2   0x08000ea2   0x00000002   PAD
    0x08000ea4   0x08000ea4   0x0000083c   Code   RO          193    .text.HAL_PCD_IRQHandler  stm32f4xx_hal_pcd.o
    0x080016e0   0x080016e0   0x0000001c   Code   RO          130    .text.HAL_PCD_ISOINIncompleteCallback  usbd_conf.o
    0x080016fc   0x080016fc   0x0000001c   Code   RO          128    .text.HAL_PCD_ISOOUTIncompleteCallback  usbd_conf.o
    0x08001718   0x08001718   0x000002b4   Code   RO          181    .text.HAL_PCD_Init  stm32f4xx_hal_pcd.o
    0x080019cc   0x080019cc   0x000000b0   Code   RO          110    .text.HAL_PCD_MspInit  usbd_conf.o
    0x08001a7c   0x08001a7c   0x00000052   Code   RO          122    .text.HAL_PCD_ResetCallback  usbd_conf.o
    0x08001ace   0x08001ace   0x00000002   PAD
    0x08001ad0   0x08001ad0   0x00000014   Code   RO          126    .text.HAL_PCD_ResumeCallback  usbd_conf.o
    0x08001ae4   0x08001ae4   0x00000014   Code   RO          120    .text.HAL_PCD_SOFCallback  usbd_conf.o
    0x08001af8   0x08001af8   0x0000005e   Code   RO          231    .text.HAL_PCD_SetAddress  stm32f4xx_hal_pcd.o
    0x08001b56   0x08001b56   0x00000002   PAD
    0x08001b58   0x08001b58   0x00000018   Code   RO          114    .text.HAL_PCD_SetupStageCallback  usbd_conf.o
    0x08001b70   0x08001b70   0x0000007a   Code   RO          189    .text.HAL_PCD_Start  stm32f4xx_hal_pcd.o
    0x08001bea   0x08001bea   0x00000002   PAD
    0x08001bec   0x08001bec   0x0000003e   Code   RO          124    .text.HAL_PCD_SuspendCallback  usbd_conf.o
    0x08001c2a   0x08001c2a   0x00000002   PAD
    0x08001c2c   0x08001c2c   0x00000262   Code   RO          388    .text.HAL_RCC_ClockConfig  stm32f4xx_hal_rcc.o
    0x08001e8e   0x08001e8e   0x00000002   PAD
    0x08001e90   0x08001e90   0x0000000c   Code   RO          398    .text.HAL_RCC_GetHCLKFreq  stm32f4xx_hal_rcc.o
    0x08001e9c   0x08001e9c   0x00000022   Code   RO          400    .text.HAL_RCC_GetPCLK1Freq  stm32f4xx_hal_rcc.o
    0x08001ebe   0x08001ebe   0x00000002   PAD
    0x08001ec0   0x08001ec0   0x00000022   Code   RO          402    .text.HAL_RCC_GetPCLK2Freq  stm32f4xx_hal_rcc.o
    0x08001ee2   0x08001ee2   0x00000002   PAD
    0x08001ee4   0x08001ee4   0x000000e6   Code   RO          390    .text.HAL_RCC_GetSysClockFreq  stm32f4xx_hal_rcc.o
    0x08001fca   0x08001fca   0x00000002   PAD
    0x08001fcc   0x08001fcc   0x000006be   Code   RO          386    .text.HAL_RCC_OscConfig  stm32f4xx_hal_rcc.o
    0x0800268a   0x0800268a   0x00000002   PAD
    0x0800268c   0x0800268c   0x00000010   Code   RO          680    .text.HAL_SYSTICK_Config  stm32f4xx_hal_cortex.o
    0x0800269c   0x0800269c   0x0000009a   Code   RO          816    .text.HAL_UART_Init  stm32f4xx_hal_uart.o
    0x08002736   0x08002736   0x00000002   PAD
    0x08002738   0x08002738   0x000000e6   Code   RO           59    .text.HAL_UART_MspInit  stm32f4xx_hal_msp.o
    0x0800281e   0x0800281e   0x00000002   PAD
    0x08002820   0x08002820   0x00000004   Code   RO           32    .text.HardFault_Handler  stm32f4xx_it.o
    0x08002824   0x08002824   0x0000007a   Code   RO           95    .text.IntToUnicode  usbd_desc.o
    0x0800289e   0x0800289e   0x00000002   PAD
    0x080028a0   0x080028a0   0x00000128   Code   RO           15    .text.MX_GPIO_Init  main.o
    0x080029c8   0x080029c8   0x00000040   Code   RO           17    .text.MX_USART1_UART_Init  main.o
    0x08002a08   0x08002a08   0x00000058   Code   RO           70    .text.MX_USB_DEVICE_Init  usb_device.o
    0x08002a60   0x08002a60   0x00000004   Code   RO           34    .text.MemManage_Handler  stm32f4xx_it.o
    0x08002a64   0x08002a64   0x00000004   Code   RO           30    .text.NMI_Handler   stm32f4xx_it.o
    0x08002a68   0x08002a68   0x0000006c   Code   RO          666    .text.NVIC_EncodePriority  stm32f4xx_hal_cortex.o
    0x08002ad4   0x08002ad4   0x00000010   Code   RO           48    .text.OTG_FS_IRQHandler  stm32f4xx_it.o
    0x08002ae4   0x08002ae4   0x0000008a   Code   RO          197    .text.PCD_EP_OutSetupPacket_int  stm32f4xx_hal_pcd.o
    0x08002b6e   0x08002b6e   0x00000002   PAD
    0x08002b70   0x08002b70   0x000001c8   Code   RO          195    .text.PCD_EP_OutXfrComplete_int  stm32f4xx_hal_pcd.o
    0x08002d38   0x08002d38   0x00000132   Code   RO          205    .text.PCD_WriteEmptyTxFifo  stm32f4xx_hal_pcd.o
    0x08002e6a   0x08002e6a   0x00000002   PAD
    0x08002e6c   0x08002e6c   0x00000002   Code   RO           44    .text.PendSV_Handler  stm32f4xx_it.o
    0x08002e6e   0x08002e6e   0x00000002   PAD
    0x08002e70   0x08002e70   0x00000002   Code   RO           40    .text.SVC_Handler   stm32f4xx_it.o
    0x08002e72   0x08002e72   0x00000002   PAD
    0x08002e74   0x08002e74   0x00000036   Code   RO         1038    .text.SWAPBYTE      usbd_ctlreq.o
    0x08002eaa   0x08002eaa   0x00000002   PAD
    0x08002eac   0x08002eac   0x00000052   Code   RO          682    .text.SysTick_Config  stm32f4xx_hal_cortex.o
    0x08002efe   0x08002efe   0x00000002   PAD
    0x08002f00   0x08002f00   0x00000008   Code   RO           46    .text.SysTick_Handler  stm32f4xx_it.o
    0x08002f08   0x08002f08   0x000000b6   Code   RO           13    .text.SystemClock_Config  main.o
    0x08002fbe   0x08002fbe   0x00000002   PAD
    0x08002fc0   0x08002fc0   0x00000012   Code   RO          945    .text.SystemInit    system_stm32f4xx.o
    0x08002fd2   0x08002fd2   0x00000002   PAD
    0x08002fd4   0x08002fd4   0x0000013a   Code   RO          820    .text.UART_SetConfig  stm32f4xx_hal_uart.o
    0x0800310e   0x0800310e   0x00000002   PAD
    0x08003110   0x08003110   0x00000032   Code   RO          973    .text.USBD_ClrClassConfig  usbd_core.o
    0x08003142   0x08003142   0x00000002   PAD
    0x08003144   0x08003144   0x00000040   Code   RO         1028    .text.USBD_ClrFeature  usbd_ctlreq.o
    0x08003184   0x08003184   0x0000000e   Code   RO          981    .text.USBD_CoreFindEP  usbd_core.o
    0x08003192   0x08003192   0x00000002   PAD
    0x08003194   0x08003194   0x0000000e   Code   RO          979    .text.USBD_CoreFindIF  usbd_core.o
    0x080031a2   0x080031a2   0x00000002   PAD
    0x080031a4   0x080031a4   0x0000001e   Code   RO         1058    .text.USBD_CtlContinueRx  usbd_ioreq.o
    0x080031c2   0x080031c2   0x00000002   PAD
    0x080031c4   0x080031c4   0x0000001e   Code   RO         1054    .text.USBD_CtlContinueSendData  usbd_ioreq.o
    0x080031e2   0x080031e2   0x00000002   PAD
    0x080031e4   0x080031e4   0x0000001c   Code   RO         1030    .text.USBD_CtlError  usbd_ctlreq.o
    0x08003200   0x08003200   0x00000022   Code   RO         1062    .text.USBD_CtlReceiveStatus  usbd_ioreq.o
    0x08003222   0x08003222   0x00000002   PAD
    0x08003224   0x08003224   0x00000032   Code   RO         1052    .text.USBD_CtlSendData  usbd_ioreq.o
    0x08003256   0x08003256   0x00000002   PAD
    0x08003258   0x08003258   0x00000022   Code   RO         1060    .text.USBD_CtlSendStatus  usbd_ioreq.o
    0x0800327a   0x0800327a   0x00000002   PAD
    0x0800327c   0x0800327c   0x0000004e   Code   RO           89    .text.USBD_FS_ConfigStrDescriptor  usbd_desc.o
    0x080032ca   0x080032ca   0x00000002   PAD
    0x080032cc   0x080032cc   0x0000001a   Code   RO           79    .text.USBD_FS_DeviceDescriptor  usbd_desc.o
    0x080032e6   0x080032e6   0x00000002   PAD
    0x080032e8   0x080032e8   0x0000004e   Code   RO           91    .text.USBD_FS_InterfaceStrDescriptor  usbd_desc.o
    0x08003336   0x08003336   0x00000002   PAD
    0x08003338   0x08003338   0x0000001a   Code   RO           81    .text.USBD_FS_LangIDStrDescriptor  usbd_desc.o
    0x08003352   0x08003352   0x00000002   PAD
    0x08003354   0x08003354   0x00000028   Code   RO           83    .text.USBD_FS_ManufacturerStrDescriptor  usbd_desc.o
    0x0800337c   0x0800337c   0x0000004e   Code   RO           85    .text.USBD_FS_ProductStrDescriptor  usbd_desc.o
    0x080033ca   0x080033ca   0x00000002   PAD
    0x080033cc   0x080033cc   0x00000020   Code   RO           87    .text.USBD_FS_SerialStrDescriptor  usbd_desc.o
    0x080033ec   0x080033ec   0x00000064   Code   RO         1022    .text.USBD_GetConfig  usbd_ctlreq.o
    0x08003450   0x08003450   0x000002d8   Code   RO         1016    .text.USBD_GetDescriptor  usbd_ctlreq.o
    0x08003728   0x08003728   0x00000076   Code   RO         1003    .text.USBD_GetEpDesc  usbd_core.o
    0x0800379e   0x0800379e   0x00000002   PAD
    0x080037a0   0x080037a0   0x00000032   Code   RO         1042    .text.USBD_GetLen   usbd_ctlreq.o
    0x080037d2   0x080037d2   0x00000002   PAD
    0x080037d4   0x080037d4   0x00000026   Code   RO         1005    .text.USBD_GetNextDesc  usbd_core.o
    0x080037fa   0x080037fa   0x00000002   PAD
    0x080037fc   0x080037fc   0x00000062   Code   RO         1024    .text.USBD_GetStatus  usbd_ctlreq.o
    0x0800385e   0x0800385e   0x00000002   PAD
    0x08003860   0x08003860   0x00000098   Code   RO         1040    .text.USBD_GetString  usbd_ctlreq.o
    0x080038f8   0x080038f8   0x00000052   Code   RO          140    .text.USBD_Get_USB_Status  usbd_conf.o
    0x0800394a   0x0800394a   0x00000002   PAD
    0x0800394c   0x0800394c   0x0000001e   Code   RO         1079    .text.USBD_HID_DataIn  usbd_hid.o
    0x0800396a   0x0800396a   0x00000002   PAD
    0x0800396c   0x0800396c   0x00000080   Code   RO         1075    .text.USBD_HID_DeInit  usbd_hid.o
    0x080039ec   0x080039ec   0x00000016   Code   RO         1087    .text.USBD_HID_GetDeviceQualifierDesc  usbd_hid.o
    0x08003a02   0x08003a02   0x00000002   PAD
    0x08003a04   0x08003a04   0x00000036   Code   RO         1083    .text.USBD_HID_GetFSCfgDesc  usbd_hid.o
    0x08003a3a   0x08003a3a   0x00000002   PAD
    0x08003a3c   0x08003a3c   0x00000036   Code   RO         1081    .text.USBD_HID_GetHSCfgDesc  usbd_hid.o
    0x08003a72   0x08003a72   0x00000002   PAD
    0x08003a74   0x08003a74   0x00000036   Code   RO         1085    .text.USBD_HID_GetOtherSpeedCfgDesc  usbd_hid.o
    0x08003aaa   0x08003aaa   0x00000002   PAD
    0x08003aac   0x08003aac   0x000000d6   Code   RO         1073    .text.USBD_HID_Init  usbd_hid.o
    0x08003b82   0x08003b82   0x00000002   PAD
    0x08003b84   0x08003b84   0x00000208   Code   RO         1077    .text.USBD_HID_Setup  usbd_hid.o
    0x08003d8c   0x08003d8c   0x0000006a   Code   RO          959    .text.USBD_Init     usbd_core.o
    0x08003df6   0x08003df6   0x00000002   PAD
    0x08003df8   0x08003df8   0x0000003a   Code   RO          154    .text.USBD_LL_ClearStallEP  usbd_conf.o
    0x08003e32   0x08003e32   0x00000002   PAD
    0x08003e34   0x08003e34   0x0000003a   Code   RO          148    .text.USBD_LL_CloseEP  usbd_conf.o
    0x08003e6e   0x08003e6e   0x00000002   PAD
    0x08003e70   0x08003e70   0x00000192   Code   RO          983    .text.USBD_LL_DataInStage  usbd_core.o
    0x08004002   0x08004002   0x00000002   PAD
    0x08004004   0x08004004   0x000001b4   Code   RO          977    .text.USBD_LL_DataOutStage  usbd_core.o
    0x080041b8   0x080041b8   0x0000000a   Code   RO          999    .text.USBD_LL_DevConnected  usbd_core.o
    0x080041c2   0x080041c2   0x00000002   PAD
    0x080041c4   0x080041c4   0x00000040   Code   RO         1001    .text.USBD_LL_DevDisconnected  usbd_core.o
    0x08004204   0x08004204   0x0000007e   Code   RO          136    .text.USBD_LL_Init  usbd_conf.o
    0x08004282   0x08004282   0x00000002   PAD
    0x08004284   0x08004284   0x0000005c   Code   RO          156    .text.USBD_LL_IsStallEP  usbd_conf.o
    0x080042e0   0x080042e0   0x0000006e   Code   RO          995    .text.USBD_LL_IsoINIncomplete  usbd_core.o
    0x0800434e   0x0800434e   0x00000002   PAD
    0x08004350   0x08004350   0x0000006e   Code   RO          997    .text.USBD_LL_IsoOUTIncomplete  usbd_core.o
    0x080043be   0x080043be   0x00000002   PAD
    0x080043c0   0x080043c0   0x0000004a   Code   RO          146    .text.USBD_LL_OpenEP  usbd_conf.o
    0x0800440a   0x0800440a   0x00000002   PAD
    0x0800440c   0x0800440c   0x00000042   Code   RO          162    .text.USBD_LL_PrepareReceive  usbd_conf.o
    0x0800444e   0x0800444e   0x00000002   PAD
    0x08004450   0x08004450   0x0000009c   Code   RO          985    .text.USBD_LL_Reset  usbd_core.o
    0x080044ec   0x080044ec   0x00000024   Code   RO          991    .text.USBD_LL_Resume  usbd_core.o
    0x08004510   0x08004510   0x0000003e   Code   RO          993    .text.USBD_LL_SOF   usbd_core.o
    0x0800454e   0x0800454e   0x00000002   PAD
    0x08004550   0x08004550   0x00000016   Code   RO          987    .text.USBD_LL_SetSpeed  usbd_core.o
    0x08004566   0x08004566   0x00000002   PAD
    0x08004568   0x08004568   0x0000003a   Code   RO          158    .text.USBD_LL_SetUSBAddress  usbd_conf.o
    0x080045a2   0x080045a2   0x00000002   PAD
    0x080045a4   0x080045a4   0x00000094   Code   RO          975    .text.USBD_LL_SetupStage  usbd_core.o
    0x08004638   0x08004638   0x0000003a   Code   RO          152    .text.USBD_LL_StallEP  usbd_conf.o
    0x08004672   0x08004672   0x00000002   PAD
    0x08004674   0x08004674   0x00000032   Code   RO          142    .text.USBD_LL_Start  usbd_conf.o
    0x080046a6   0x080046a6   0x00000002   PAD
    0x080046a8   0x080046a8   0x0000001e   Code   RO          989    .text.USBD_LL_Suspend  usbd_core.o
    0x080046c6   0x080046c6   0x00000002   PAD
    0x080046c8   0x080046c8   0x00000042   Code   RO          160    .text.USBD_LL_Transmit  usbd_conf.o
    0x0800470a   0x0800470a   0x00000002   PAD
    0x0800470c   0x0800470c   0x00000062   Code   RO         1036    .text.USBD_ParseSetupRequest  usbd_ctlreq.o
    0x0800476e   0x0800476e   0x00000002   PAD
    0x08004770   0x08004770   0x00000072   Code   RO          963    .text.USBD_RegisterClass  usbd_core.o
    0x080047e2   0x080047e2   0x00000002   PAD
    0x080047e4   0x080047e4   0x0000000a   Code   RO          969    .text.USBD_RunTestMode  usbd_core.o
    0x080047ee   0x080047ee   0x00000002   PAD
    0x080047f0   0x080047f0   0x0000008c   Code   RO         1018    .text.USBD_SetAddress  usbd_ctlreq.o
    0x0800487c   0x0800487c   0x00000036   Code   RO          971    .text.USBD_SetClassConfig  usbd_core.o
    0x080048b2   0x080048b2   0x00000002   PAD
    0x080048b4   0x080048b4   0x0000017e   Code   RO         1020    .text.USBD_SetConfig  usbd_ctlreq.o
    0x08004a32   0x08004a32   0x00000002   PAD
    0x08004a34   0x08004a34   0x0000004e   Code   RO         1026    .text.USBD_SetFeature  usbd_ctlreq.o
    0x08004a82   0x08004a82   0x00000002   PAD
    0x08004a84   0x08004a84   0x00000010   Code   RO          965    .text.USBD_Start    usbd_core.o
    0x08004a94   0x08004a94   0x000000cc   Code   RO         1014    .text.USBD_StdDevReq  usbd_ctlreq.o
    0x08004b60   0x08004b60   0x000003ac   Code   RO         1034    .text.USBD_StdEPReq  usbd_ctlreq.o
    0x08004f0c   0x08004f0c   0x000000f4   Code   RO         1032    .text.USBD_StdItfReq  usbd_ctlreq.o
    0x08005000   0x08005000   0x00000008   Code   RO          168    .text.USBD_static_free  usbd_conf.o
    0x08005008   0x08005008   0x00000010   Code   RO          166    .text.USBD_static_malloc  usbd_conf.o
    0x08005018   0x08005018   0x000000de   Code   RO          303    .text.USB_ActivateEndpoint  stm32f4xx_ll_usb.o
    0x080050f6   0x080050f6   0x00000002   PAD
    0x080050f8   0x080050f8   0x0000002c   Code   RO          345    .text.USB_ActivateSetup  stm32f4xx_ll_usb.o
    0x08005124   0x08005124   0x000000fc   Code   RO          279    .text.USB_CoreInit  stm32f4xx_ll_usb.o
    0x08005220   0x08005220   0x00000082   Code   RO          281    .text.USB_CoreReset  stm32f4xx_ll_usb.o
    0x080052a2   0x080052a2   0x00000002   PAD
    0x080052a4   0x080052a4   0x00000138   Code   RO          307    .text.USB_DeactivateEndpoint  stm32f4xx_ll_usb.o
    0x080053dc   0x080053dc   0x0000002a   Code   RO          329    .text.USB_DevConnect  stm32f4xx_ll_usb.o
    0x08005406   0x08005406   0x00000002   PAD
    0x08005408   0x08005408   0x0000002a   Code   RO          331    .text.USB_DevDisconnect  stm32f4xx_ll_usb.o
    0x08005432   0x08005432   0x00000002   PAD
    0x08005434   0x08005434   0x000002c2   Code   RO          293    .text.USB_DevInit   stm32f4xx_ll_usb.o
    0x080056f6   0x080056f6   0x00000002   PAD
    0x080056f8   0x080056f8   0x00000014   Code   RO          287    .text.USB_DisableGlobalInt  stm32f4xx_ll_usb.o
    0x0800570c   0x0800570c   0x000001f6   Code   RO          315    .text.USB_EP0StartXfer  stm32f4xx_ll_usb.o
    0x08005902   0x08005902   0x00000002   PAD
    0x08005904   0x08005904   0x0000009e   Code   RO          347    .text.USB_EP0_OutStart  stm32f4xx_ll_usb.o
    0x080059a2   0x080059a2   0x00000002   PAD
    0x080059a4   0x080059a4   0x000000a0   Code   RO          323    .text.USB_EPClearStall  stm32f4xx_ll_usb.o
    0x08005a44   0x08005a44   0x000000a8   Code   RO          321    .text.USB_EPSetStall  stm32f4xx_ll_usb.o
    0x08005aec   0x08005aec   0x00000368   Code   RO          311    .text.USB_EPStartXfer  stm32f4xx_ll_usb.o
    0x08005e54   0x08005e54   0x0000011c   Code   RO          317    .text.USB_EPStopXfer  stm32f4xx_ll_usb.o
    0x08005f70   0x08005f70   0x00000014   Code   RO          285    .text.USB_EnableGlobalInt  stm32f4xx_ll_usb.o
    0x08005f84   0x08005f84   0x00000080   Code   RO          299    .text.USB_FlushRxFifo  stm32f4xx_ll_usb.o
    0x08006004   0x08006004   0x00000086   Code   RO          297    .text.USB_FlushTxFifo  stm32f4xx_ll_usb.o
    0x0800608a   0x0800608a   0x00000002   PAD
    0x0800608c   0x0800608c   0x0000004c   Code   RO          301    .text.USB_GetDevSpeed  stm32f4xx_ll_usb.o
    0x080060d8   0x080060d8   0x00000010   Code   RO          291    .text.USB_GetMode   stm32f4xx_ll_usb.o
    0x080060e8   0x080060e8   0x00000024   Code   RO          337    .text.USB_ReadDevAllInEpInterrupt  stm32f4xx_ll_usb.o
    0x0800610c   0x0800610c   0x00000024   Code   RO          335    .text.USB_ReadDevAllOutEpInterrupt  stm32f4xx_ll_usb.o
    0x08006130   0x08006130   0x0000004e   Code   RO          341    .text.USB_ReadDevInEPInterrupt  stm32f4xx_ll_usb.o
    0x0800617e   0x0800617e   0x00000002   PAD
    0x08006180   0x08006180   0x0000002e   Code   RO          339    .text.USB_ReadDevOutEPInterrupt  stm32f4xx_ll_usb.o
    0x080061ae   0x080061ae   0x00000002   PAD
    0x080061b0   0x080061b0   0x0000001a   Code   RO          333    .text.USB_ReadInterrupts  stm32f4xx_ll_usb.o
    0x080061ca   0x080061ca   0x00000002   PAD
    0x080061cc   0x080061cc   0x000000b4   Code   RO          319    .text.USB_ReadPacket  stm32f4xx_ll_usb.o
    0x08006280   0x08006280   0x000000de   Code   RO          289    .text.USB_SetCurrentMode  stm32f4xx_ll_usb.o
    0x0800635e   0x0800635e   0x00000002   PAD
    0x08006360   0x08006360   0x00000036   Code   RO          327    .text.USB_SetDevAddress  stm32f4xx_ll_usb.o
    0x08006396   0x08006396   0x00000002   PAD
    0x08006398   0x08006398   0x00000022   Code   RO          295    .text.USB_SetDevSpeed  stm32f4xx_ll_usb.o
    0x080063ba   0x080063ba   0x00000002   PAD
    0x080063bc   0x080063bc   0x000001ba   Code   RO          283    .text.USB_SetTurnaroundTime  stm32f4xx_ll_usb.o
    0x08006576   0x08006576   0x00000002   PAD
    0x08006578   0x08006578   0x00000082   Code   RO          313    .text.USB_WritePacket  stm32f4xx_ll_usb.o
    0x080065fa   0x080065fa   0x00000002   PAD
    0x080065fc   0x080065fc   0x00000004   Code   RO           38    .text.UsageFault_Handler  stm32f4xx_it.o
    0x08006600   0x08006600   0x00000030   Code   RO          670    .text.__NVIC_EnableIRQ  stm32f4xx_hal_cortex.o
    0x08006630   0x08006630   0x00000010   Code   RO          662    .text.__NVIC_GetPriorityGrouping  stm32f4xx_hal_cortex.o
    0x08006640   0x08006640   0x00000042   Code   RO          664    .text.__NVIC_SetPriority  stm32f4xx_hal_cortex.o
    0x08006682   0x08006682   0x00000002   PAD
    0x08006684   0x08006684   0x0000003c   Code   RO          658    .text.__NVIC_SetPriorityGrouping  stm32f4xx_hal_cortex.o
    0x080066c0   0x080066c0   0x00000020   Code   RO           11    .text.main          main.o
    0x080066e0   0x080066e0   0x0000000e   Code   RO         1134    i.__scatterload_copy  mc_w.l(handlers.o)
    0x080066ee   0x080066ee   0x00000002   Code   RO         1135    i.__scatterload_null  mc_w.l(handlers.o)
    0x080066f0   0x080066f0   0x0000000e   Code   RO         1136    i.__scatterload_zeroinit  mc_w.l(handlers.o)
    0x080066fe   0x080066fe   0x00000010   Data   RO          950    .rodata.AHBPrescTable  system_stm32f4xx.o
    0x0800670e   0x0800670e   0x00000008   Data   RO          951    .rodata.APBPrescTable  system_stm32f4xx.o
    0x08006716   0x08006716   0x00000042   Data   RO          101    .rodata.str1.1      usbd_desc.o
    0x08006758   0x08006758   0x00000020   Data   RO         1133    Region$$Table       anon$$obj.o


    Execution Region RW_IRAM1 (Exec base: 0x20000000, Load base: 0x08006778, Size: 0x00000f68, Max: 0x0001c000, ABSOLUTE)

    Exec Addr    Load Addr    Size         Type   Attr      Idx    E Section Name        Object

    0x20000000   0x08006778   0x0000001c   Data   RW           97    .data.FS_Desc       usbd_desc.o
    0x2000001c   0x08006794   0x00000001   Data   RW         1094    .data.HIDInEpAdd    usbd_hid.o
    0x2000001d   0x08006795   0x00000003   PAD
    0x20000020   0x08006798   0x0000004a   Data   RW         1095    .data.HID_MOUSE_ReportDesc  usbd_hid.o
    0x2000006a   0x080067e2   0x00000002   PAD
    0x2000006c   0x080067e4   0x00000004   Data   RW          949    .data.SystemCoreClock  system_stm32f4xx.o
    0x20000070   0x080067e8   0x00000012   Data   RW           98    .data.USBD_FS_DeviceDesc  usbd_desc.o
    0x20000082   0x080067fa   0x00000002   PAD
    0x20000084   0x080067fc   0x00000038   Data   RW         1093    .data.USBD_HID      usbd_hid.o
    0x200000bc   0x08006834   0x00000022   Data   RW         1097    .data.USBD_HID_CfgDesc  usbd_hid.o
    0x200000de   0x08006856   0x00000002   PAD
    0x200000e0   0x08006858   0x00000009   Data   RW         1096    .data.USBD_HID_Desc  usbd_hid.o
    0x200000e9   0x08006861   0x00000003   PAD
    0x200000ec   0x08006864   0x0000000a   Data   RW         1098    .data.USBD_HID_DeviceQualifierDesc  usbd_hid.o
    0x200000f6   0x0800686e   0x00000002   PAD
    0x200000f8   0x08006870   0x00000004   Data   RW           99    .data.USBD_LangIDDesc  usbd_desc.o
    0x200000fc   0x08006874   0x0000001a   Data   RW          100    .data.USBD_StringSerial  usbd_desc.o
    0x20000116   0x0800688e   0x00000001   Data   RW          782    .data.uwTickFreq    stm32f4xx_hal.o
    0x20000117   0x0800688f   0x00000001   PAD
    0x20000118   0x08006890   0x00000004   Data   RW          781    .data.uwTickPrio    stm32f4xx_hal.o
    0x2000011c   0x08006894   0x00000004   PAD
    0x20000120        -       0x00000001   Zero   RW         1044    .bss.USBD_SetConfig.cfgidx  usbd_ctlreq.o
    0x20000121   0x08006894   0x00000003   PAD
    0x20000124        -       0x00000200   Zero   RW          102    .bss.USBD_StrDesc   usbd_desc.o
    0x20000324        -       0x00000014   Zero   RW          173    .bss.USBD_static_malloc.mem  usbd_conf.o
    0x20000338        -       0x000002dc   Zero   RW           72    .bss.hUsbDeviceFS   usb_device.o
    0x20000614        -       0x0000050c   Zero   RW          172    .bss.hpcd_USB_OTG_FS  usbd_conf.o
    0x20000b20        -       0x00000044   Zero   RW           21    .bss.huart1         main.o
    0x20000b64        -       0x00000004   Zero   RW          783    .bss.uwTick         stm32f4xx_hal.o
    0x20000b68        -       0x00000400   Zero   RW            1    STACK               startup_stm32f407xx.o


    Execution Region RW_IRAM2 (Exec base: 0x2001c000, Load base: 0x08006898, Size: 0x00000000, Max: 0x00004000, ABSOLUTE)

    **** No section assigned to this execution region ****


==============================================================================

Image component sizes


      Code (inc. data)   RO Data    RW Data    ZI Data      Debug   Object Name

       580          0          0          0         68       6005   main.o
        36          8        392          0       1024        820   startup_stm32f407xx.o
       270          0          0          5          4       7086   stm32f4xx_hal.o
       482          0          0          0          0       9442   stm32f4xx_hal_cortex.o
       996          0          0          0          0       5074   stm32f4xx_hal_gpio.o
       304          0          0          0          0       4747   stm32f4xx_hal_msp.o
      5102          0          0          0          0      14369   stm32f4xx_hal_pcd.o
       192          0          0          0          0       4153   stm32f4xx_hal_pcd_ex.o
      2646          0          0          0          0       7559   stm32f4xx_hal_rcc.o
       468          0          0          0          0      20206   stm32f4xx_hal_uart.o
        50          0          0          0          0       1087   stm32f4xx_it.o
      5572          0          0          0          0      19114   stm32f4xx_ll_usb.o
        18          0         24          4          0       2502   system_stm32f4xx.o
        88          0          0          0        732       3076   usb_device.o
      1370          4          0          0       1312      14354   usbd_conf.o
      2120          0          0          0          0       8940   usbd_core.o
      3360         30          0          0          1       8509   usbd_ctlreq.o
       572          0         66         76        512       3212   usbd_desc.o
      1076         22          0        184          0       6378   usbd_hid.o
       178          0          0          0          0       4153   usbd_ioreq.o

    ----------------------------------------------------------------------
     25680         64        514        284       3660     150786   Object Totals
         0          0         32          0          0          0   (incl. Generated)
       200          0          0         15          7          0   (incl. Padding)

    ----------------------------------------------------------------------

      Code (inc. data)   RO Data    RW Data    ZI Data      Debug   Library Member Name

         0          0          0          0          0          0   entry.o
         0          0          0          0          0          0   entry10a.o
         0          0          0          0          0          0   entry11a.o
         8          4          0          0          0          0   entry2.o
         4          0          0          0          0          0   entry5.o
         0          0          0          0          0          0   entry7b.o
         0          0          0          0          0          0   entry8b.o
         8          4          0          0          0          0   entry9a.o
        30          0          0          0          0          0   handlers.o
        48         10          0          0          0         68   init.o
        30          0          0          0          0         68   llshl.o
        32          0          0          0          0         68   llushr.o
        36          0          0          0          0        108   memseta.o
        98          0          0          0          0         92   uldiv.o

    ----------------------------------------------------------------------
       294         18          0          0          0        404   Library Totals
         0          0          0          0          0          0   (incl. Padding)

    ----------------------------------------------------------------------

      Code (inc. data)   RO Data    RW Data    ZI Data      Debug   Library Name

       294         18          0          0          0        404   mc_w.l

    ----------------------------------------------------------------------
       294         18          0          0          0        404   Library Totals

    ----------------------------------------------------------------------

==============================================================================


      Code (inc. data)   RO Data    RW Data    ZI Data      Debug   

     25974         82        514        284       3660     150930   Grand Totals
     25974         82        514        284       3660     150930   ELF Image Totals
     25974         82        514        284          0          0   ROM Totals

==============================================================================

    Total RO  Size (Code + RO Data)                26488 (  25.87kB)
    Total RW  Size (RW Data + ZI Data)              3944 (   3.85kB)
    Total ROM Size (Code + RO Data + RW Data)      26772 (  26.14kB)

==============================================================================

